07-31 12:09:49.414  1930  2122 E NetworkController.MobileSignalController(1): notifyListeners showDataIcon = false , dataDisconneted = true , activityIn = false , activityOut = false , mCurrentState.dataConnected = false , mCurrentState.isDefault = false , typeIcon = 0 , statusIcon.visible = true , mCurrentState.roaming = false , isWfcEnabl = false , volteIcon = 0
07-31 12:09:49.751  1492  1768 E WifiStaIfaceHidlImpl: getLinkLayerStatsV1_5 failed with status: {.code = ERROR_UNKNOWN, .description = unknown}
07-31 12:09:52.786  1492  1768 E WifiStaIfaceHidlImpl: getLinkLayerStatsV1_5 failed with status: {.code = ERROR_UNKNOWN, .description = unknown}
07-31 12:09:53.391   617   624 E android.system.suspend-service: Error opening kernel wakelock stats for: wakeup2 (../../devices/platform/10238000.gce_mbox/wakeup/wakeup2): Permission denied
07-31 12:09:53.450   617   624 E android.system.suspend-service: Error opening kernel wakelock stats for: wakeup0 (../../devices/platform/odm/odm:gpio_keys/wakeup/wakeup0): Permission denied
07-31 12:09:53.492   617   624 E android.system.suspend-service: Error opening kernel wakelock stats for: wakeup9 (../../devices/platform/1000d000.pwrap/1000d000.pwrap:main_pmic/mt6357-charger-type-detection/power_supply/usb/wakeup9): Permission denied
07-31 12:09:53.497   617   624 E android.system.suspend-service: Error opening kernel wakelock stats for: wakeup235 (../../devices/platform/flashlights_aw36406/wakeup/wakeup235): Permission denied
07-31 12:09:53.532   846   928 E Accelerometer: x:y:z=[-0.210000,-0.181000,9.797000]
07-31 12:09:53.606   617   624 E android.system.suspend-service: Error opening kernel wakelock stats for: wakeup20 (../../devices/platform/11007000.i2c/i2c-0/0-006b/power_supply/eta6963-master/wakeup20): Permission denied
07-31 12:09:53.624   617   624 E android.system.suspend-service: Error opening kernel wakelock stats for: wakeup10 (../../devices/platform/11016000.i2c/i2c-5/5-0060/wakeup/wakeup10): Permission denied
07-31 12:09:53.683   617   624 E android.system.suspend-service: Error opening kernel wakelock stats for: wakeup37 (../../devices/platform/1000d000.pwrap/1000d000.pwrap:main_pmic/mt6397-rtc/rtc/rtc0/alarmtimer.1.auto/wakeup/wakeup37): Permission denied
07-31 12:09:53.860   617   624 E android.system.suspend-service: Error opening kernel wakelock stats for: wakeup8 (../../devices/platform/1000d000.pwrap/1000d000.pwrap:main_pmic/mt6357-charger-type-detection/power_supply/ac/wakeup8): Permission denied
07-31 12:09:53.897   617   624 E android.system.suspend-service: Error opening kernel wakelock stats for: wakeup21 (../../devices/platform/11007000.i2c/i2c-0/0-006b/wakeup/wakeup21): Permission denied
07-31 12:09:53.914   617   624 E android.system.suspend-service: Error opening kernel wakelock stats for: wakeup11 (../../devices/platform/11016000.i2c/i2c-5/5-0060/wakeup/wakeup11): Permission denied
07-31 12:09:53.933   617   624 E android.system.suspend-service: Error opening kernel wakelock stats for: wakeup250 (../../devices/platform/18002000.consys/wakeup/wakeup250): Permission denied
07-31 12:09:54.533  1930  2122 E NetworkController.MobileSignalController(1): notifyListeners showDataIcon = false , dataDisconneted = true , activityIn = false , activityOut = false , mCurrentState.dataConnected = false , mCurrentState.isDefault = false , typeIcon = 0 , statusIcon.visible = true , mCurrentState.roaming = false , isWfcEnabl = false , volteIcon = 0
07-31 12:09:55.819  1492  1768 E WifiStaIfaceHidlImpl: getLinkLayerStatsV1_5 failed with status: {.code = ERROR_UNKNOWN, .description = unknown}
07-31 12:09:58.856  1492  1768 E WifiStaIfaceHidlImpl: getLinkLayerStatsV1_5 failed with status: {.code = ERROR_UNKNOWN, .description = unknown}
07-31 12:09:59.654  1930  2122 E NetworkController.MobileSignalController(1): notifyListeners showDataIcon = false , dataDisconneted = true , activityIn = false , activityOut = false , mCurrentState.dataConnected = false , mCurrentState.isDefault = false , typeIcon = 0 , statusIcon.visible = true , mCurrentState.roaming = false , isWfcEnabl = false , volteIcon = 0
07-31 12:10:00.135   853   909 E mtkpower@impl: [setMode] unknown type
07-31 12:10:00.202   853   909 E mtkpower@impl: [setMode] unknown type
07-31 12:10:01.882  1492  1768 E WifiStaIfaceHidlImpl: getLinkLayerStatsV1_5 failed with status: {.code = ERROR_UNKNOWN, .description = unknown}
07-31 12:10:03.532   846   928 E Accelerometer: x:y:z=[-0.191000,-0.134000,9.807000]
07-31 12:10:04.771  1930  2122 E NetworkController.MobileSignalController(1): notifyListeners showDataIcon = false , dataDisconneted = true , activityIn = false , activityOut = false , mCurrentState.dataConnected = false , mCurrentState.isDefault = false , typeIcon = 0 , statusIcon.visible = true , mCurrentState.roaming = false , isWfcEnabl = false , volteIcon = 0
07-31 12:10:04.917  1492  1768 E WifiStaIfaceHidlImpl: getLinkLayerStatsV1_5 failed with status: {.code = ERROR_UNKNOWN, .description = unknown}
07-31 12:10:07.952  1492  1768 E WifiStaIfaceHidlImpl: getLinkLayerStatsV1_5 failed with status: {.code = ERROR_UNKNOWN, .description = unknown}
07-31 12:10:09.895  1930  2122 E NetworkController.MobileSignalController(1): notifyListeners showDataIcon = false , dataDisconneted = true , activityIn = false , activityOut = false , mCurrentState.dataConnected = false , mCurrentState.isDefault = false , typeIcon = 0 , statusIcon.visible = true , mCurrentState.roaming = false , isWfcEnabl = false , volteIcon = 0
07-31 12:10:10.989  1492  1768 E WifiStaIfaceHidlImpl: getLinkLayerStatsV1_5 failed with status: {.code = ERROR_UNKNOWN, .description = unknown}
07-31 12:10:13.532   846   928 E Accelerometer: x:y:z=[-0.181000,-0.181000,9.816000]
07-31 12:10:14.019  1492  1768 E WifiStaIfaceHidlImpl: getLinkLayerStatsV1_5 failed with status: {.code = ERROR_UNKNOWN, .description = unknown}
07-31 12:10:14.030  1930  1930 E NetworkController.MobileSignalController(1): notifyListeners showDataIcon = false , dataDisconneted = true , activityIn = false , activityOut = false , mCurrentState.dataConnected = false , mCurrentState.isDefault = false , typeIcon = 0 , statusIcon.visible = true , mCurrentState.roaming = false , isWfcEnabl = false , volteIcon = 0
07-31 12:10:15.010  1930  2122 E NetworkController.MobileSignalController(1): notifyListeners showDataIcon = false , dataDisconneted = true , activityIn = false , activityOut = false , mCurrentState.dataConnected = false , mCurrentState.isDefault = false , typeIcon = 0 , statusIcon.visible = true , mCurrentState.roaming = false , isWfcEnabl = false , volteIcon = 0
07-31 12:10:17.046  1492  1768 E WifiStaIfaceHidlImpl: getLinkLayerStatsV1_5 failed with status: {.code = ERROR_UNKNOWN, .description = unknown}
07-31 12:10:19.392  1930  1930 E NetworkController.MobileSignalController(1): notifyListeners showDataIcon = false , dataDisconneted = true , activityIn = false , activityOut = false , mCurrentState.dataConnected = false , mCurrentState.isDefault = false , typeIcon = 0 , statusIcon.visible = true , mCurrentState.roaming = false , isWfcEnabl = false , volteIcon = 0
07-31 12:10:20.080  1492  1768 E WifiStaIfaceHidlImpl: getLinkLayerStatsV1_5 failed with status: {.code = ERROR_UNKNOWN, .description = unknown}
07-31 12:10:20.138  1930  2122 E NetworkController.MobileSignalController(1): notifyListeners showDataIcon = false , dataDisconneted = true , activityIn = false , activityOut = false , mCurrentState.dataConnected = false , mCurrentState.isDefault = false , typeIcon = 0 , statusIcon.visible = true , mCurrentState.roaming = false , isWfcEnabl = false , volteIcon = 0
07-31 12:10:20.571  1492  1669 E system_server: updateValue is called with a value {0, 0, 0, 0, 0, 0, 0, 0, 0, 0, 0, 0, 0, 0, 0, 0, 0, 0, 0, 0, 0, 0, 0, 0, 0, 0, 0, 0, 0, 0, 0, 0}, which is lower than the previous value {0, 0, 0, 20, 0, 0, 0, 0, 0, 0, 0, 11, 16, 0, 0, 0, 5, 16, 0, 0, 0, 0, 0, 26, 0, 0, 2, 0, 0, 0, 0, 59}
07-31 12:10:20.572  1492  1669 E system_server: updateValue is called with a value {0, 0, 0, 0, 0, 0, 0, 0, 0, 0, 0, 0, 0, 0, 0, 0, 0, 0, 0, 0, 0, 0, 0, 0, 0, 0, 0, 0, 0, 0, 0, 0}, which is lower than the previous value {0, 1, 19, 15, 0, 0, 0, 0, 0, 0, 0, 25, 0, 0, 0, 96, 10, 0, 0, 7, 0, 0, 0, 0, 18, 1, 10, 0, 8, 5, 42, 741}
07-31 12:10:20.639 12773 12773 E generic.mysites: Not starting debugger since process cannot load the jdwp agent.
07-31 12:10:20.994 12773 12823 E generic.mysites: No package ID 6a found for resource ID 0x6a0b000f.
07-31 12:10:21.133 12773 12773 E ConfigProvider: FolderDataSDK initAllFoldersConfigs FirebaseCredential == NULL for folder Recently Added
07-31 12:10:21.249 12773 12773 E ConfigProvider: FolderDataSDK initAllFoldersConfigs FirebaseCredential == NULL for folder For You
07-31 12:10:21.263 12773 12773 E ConfigProvider: FolderDataSDK initAllFoldersConfigs FirebaseCredential == NULL for folder Others
07-31 12:10:21.454 12773 12938 E chromium: [0731/121021.454076:ERROR:variations_seed_loader.cc(37)] Seed missing signature.
07-31 12:10:21.456 12773 12938 E chromium: [0731/121021.455840:ERROR:variations_seed_loader.cc(69)] Failed to open file for reading. Errno: 2
07-31 12:10:21.551 12940 12940 E webview_service: Not starting debugger since process cannot load the jdwp agent.
07-31 12:10:21.571 12943 12943 E ocessService0:0: Not starting debugger since process cannot load the jdwp agent.
07-31 12:10:21.837 12773 12858 E GoogleApiManager: Failed to get service from broker.
07-31 12:10:21.837 12773 12858 E GoogleApiManager: java.lang.SecurityException: Unknown calling package name 'com.google.android.gms'.
07-31 12:10:21.837 12773 12858 E GoogleApiManager:      at android.os.Parcel.createExceptionOrNull(Parcel.java:3057)
07-31 12:10:21.837 12773 12858 E GoogleApiManager:      at android.os.Parcel.createException(Parcel.java:3041)
07-31 12:10:21.837 12773 12858 E GoogleApiManager:      at android.os.Parcel.readException(Parcel.java:3024)
07-31 12:10:21.837 12773 12858 E GoogleApiManager:      at android.os.Parcel.readException(Parcel.java:2966)
07-31 12:10:21.837 12773 12858 E GoogleApiManager:      at azak.a(:com.google.android.gms@252834029@25.28.34 (190400-787197649):36)
07-31 12:10:21.837 12773 12858 E GoogleApiManager:      at ayyr.z(:com.google.android.gms@252834029@25.28.34 (190400-787197649):143)
07-31 12:10:21.837 12773 12858 E GoogleApiManager:      at ayfo.run(:com.google.android.gms@252834029@25.28.34 (190400-787197649):42)
07-31 12:10:21.837 12773 12858 E GoogleApiManager:      at android.os.Handler.handleCallback(Handler.java:958)
07-31 12:10:21.837 12773 12858 E GoogleApiManager:      at android.os.Handler.dispatchMessage(Handler.java:99)
07-31 12:10:21.837 12773 12858 E GoogleApiManager:      at cizz.mt(:com.google.android.gms@252834029@25.28.34 (190400-787197649):1)
07-31 12:10:21.837 12773 12858 E GoogleApiManager:      at cizz.dispatchMessage(:com.google.android.gms@252834029@25.28.34 (190400-787197649):5)
07-31 12:10:21.837 12773 12858 E GoogleApiManager:      at android.os.Looper.loopOnce(Looper.java:240)
07-31 12:10:21.837 12773 12858 E GoogleApiManager:      at android.os.Looper.loop(Looper.java:346)
07-31 12:10:21.837 12773 12858 E GoogleApiManager:      at android.os.HandlerThread.run(HandlerThread.java:67)
07-31 12:10:22.101 12773 13047 E ActivityThread: Failed to find provider info for com.dti.tracfone.attribution.appsflyer
07-31 12:10:22.278 12773 13058 E QT      : [QT]file does not exist
07-31 12:10:22.343 12773 12915 E FirebaseMessaging: Topic sync or token retrieval failed on hard failure exceptions: java.util.concurrent.ExecutionException: java.io.IOException: TOO_MANY_REGISTRATIONS. Won't retry the operation.
07-31 12:10:22.682 12773 12915 E FirebaseMessaging: Topic sync or token retrieval failed on hard failure exceptions: java.util.concurrent.ExecutionException: java.io.IOException: TOO_MANY_REGISTRATIONS. Won't retry the operation.
07-31 12:10:23.110  1492  1768 E WifiStaIfaceHidlImpl: getLinkLayerStatsV1_5 failed with status: {.code = ERROR_UNKNOWN, .description = unknown}
07-31 12:10:23.532   846   928 E Accelerometer: x:y:z=[-0.201000,-0.181000,9.816000]
07-31 12:10:25.266  1930  2122 E NetworkController.MobileSignalController(1): notifyListeners showDataIcon = false , dataDisconneted = true , activityIn = false , activityOut = false , mCurrentState.dataConnected = false , mCurrentState.isDefault = false , typeIcon = 0 , statusIcon.visible = true , mCurrentState.roaming = false , isWfcEnabl = false , volteIcon = 0
07-31 12:10:26.127  1492  1768 E WifiStaIfaceHidlImpl: getLinkLayerStatsV1_5 failed with status: {.code = ERROR_UNKNOWN, .description = unknown}
07-31 12:10:26.670  1876  1916 E TGuardMemoryManagerPackageRecord: fail to removeChild, pid is 30461
07-31 12:10:29.156  1492  1768 E WifiStaIfaceHidlImpl: getLinkLayerStatsV1_5 failed with status: {.code = ERROR_UNKNOWN, .description = unknown}
07-31 12:10:31.144 12773 12858 E GoogleApiManager: Failed to get service from broker.
07-31 12:10:31.144 12773 12858 E GoogleApiManager: java.lang.SecurityException: Unknown calling package name 'com.google.android.gms'.
07-31 12:10:31.144 12773 12858 E GoogleApiManager:      at android.os.Parcel.createExceptionOrNull(Parcel.java:3057)
07-31 12:10:31.144 12773 12858 E GoogleApiManager:      at android.os.Parcel.createException(Parcel.java:3041)
07-31 12:10:31.144 12773 12858 E GoogleApiManager:      at android.os.Parcel.readException(Parcel.java:3024)
07-31 12:10:31.144 12773 12858 E GoogleApiManager:      at android.os.Parcel.readException(Parcel.java:2966)
07-31 12:10:31.144 12773 12858 E GoogleApiManager:      at azak.a(:com.google.android.gms@252834029@25.28.34 (190400-787197649):36)
07-31 12:10:31.144 12773 12858 E GoogleApiManager:      at ayyr.z(:com.google.android.gms@252834029@25.28.34 (190400-787197649):143)
07-31 12:10:31.144 12773 12858 E GoogleApiManager:      at ayfo.run(:com.google.android.gms@252834029@25.28.34 (190400-787197649):42)
07-31 12:10:31.144 12773 12858 E GoogleApiManager:      at android.os.Handler.handleCallback(Handler.java:958)
07-31 12:10:31.144 12773 12858 E GoogleApiManager:      at android.os.Handler.dispatchMessage(Handler.java:99)
07-31 12:10:31.144 12773 12858 E GoogleApiManager:      at cizz.mt(:com.google.android.gms@252834029@25.28.34 (190400-787197649):1)
07-31 12:10:31.144 12773 12858 E GoogleApiManager:      at cizz.dispatchMessage(:com.google.android.gms@252834029@25.28.34 (190400-787197649):5)
07-31 12:10:31.144 12773 12858 E GoogleApiManager:      at android.os.Looper.loopOnce(Looper.java:240)
07-31 12:10:31.144 12773 12858 E GoogleApiManager:      at android.os.Looper.loop(Looper.java:346)
07-31 12:10:31.144 12773 12858 E GoogleApiManager:      at android.os.HandlerThread.run(HandlerThread.java:67)
07-31 12:10:32.183  1492  1768 E WifiStaIfaceHidlImpl: getLinkLayerStatsV1_5 failed with status: {.code = ERROR_UNKNOWN, .description = unknown}
07-31 12:10:33.432   846   928 E Accelerometer: x:y:z=[-0.201000,-0.095000,9.797000]
07-31 12:10:35.203  1492  1768 E WifiStaIfaceHidlImpl: getLinkLayerStatsV1_5 failed with status: {.code = ERROR_UNKNOWN, .description = unknown}
07-31 12:10:35.502  1930  2122 E NetworkController.MobileSignalController(1): notifyListeners showDataIcon = false , dataDisconneted = true , activityIn = false , activityOut = false , mCurrentState.dataConnected = false , mCurrentState.isDefault = false , typeIcon = 0 , statusIcon.visible = true , mCurrentState.roaming = false , isWfcEnabl = false , volteIcon = 0
07-31 12:10:38.241  1492  1768 E WifiStaIfaceHidlImpl: getLinkLayerStatsV1_5 failed with status: {.code = ERROR_UNKNOWN, .description = unknown}
07-31 12:10:40.618  1930  2122 E NetworkController.MobileSignalController(1): notifyListeners showDataIcon = false , dataDisconneted = true , activityIn = false , activityOut = false , mCurrentState.dataConnected = false , mCurrentState.isDefault = false , typeIcon = 0 , statusIcon.visible = true , mCurrentState.roaming = false , isWfcEnabl = false , volteIcon = 0
07-31 12:10:41.284  1492  1768 E WifiStaIfaceHidlImpl: getLinkLayerStatsV1_5 failed with status: {.code = ERROR_UNKNOWN, .description = unknown}
07-31 12:10:43.433   846   928 E Accelerometer: x:y:z=[-0.181000,-0.134000,9.797000]
07-31 12:10:44.316  1492  1768 E WifiStaIfaceHidlImpl: getLinkLayerStatsV1_5 failed with status: {.code = ERROR_UNKNOWN, .description = unknown}
07-31 12:10:45.732  1930  2122 E NetworkController.MobileSignalController(1): notifyListeners showDataIcon = false , dataDisconneted = true , activityIn = false , activityOut = false , mCurrentState.dataConnected = false , mCurrentState.isDefault = false , typeIcon = 0 , statusIcon.visible = true , mCurrentState.roaming = false , isWfcEnabl = false , volteIcon = 0
07-31 12:10:47.348  1492  1768 E WifiStaIfaceHidlImpl: getLinkLayerStatsV1_5 failed with status: {.code = ERROR_UNKNOWN, .description = unknown}
07-31 12:10:50.379  1492  1768 E WifiStaIfaceHidlImpl: getLinkLayerStatsV1_5 failed with status: {.code = ERROR_UNKNOWN, .description = unknown}
07-31 12:10:50.857  1930  2122 E NetworkController.MobileSignalController(1): notifyListeners showDataIcon = false , dataDisconneted = true , activityIn = false , activityOut = false , mCurrentState.dataConnected = false , mCurrentState.isDefault = false , typeIcon = 0 , statusIcon.visible = true , mCurrentState.roaming = false , isWfcEnabl = false , volteIcon = 0
07-31 12:10:52.482  1876  1916 E TGuardMemoryManagerPackageRecord: fail to removeChild, pid is 11566
07-31 12:10:53.413  1492  1768 E WifiStaIfaceHidlImpl: getLinkLayerStatsV1_5 failed with status: {.code = ERROR_UNKNOWN, .description = unknown}
07-31 12:10:53.433   846   928 E Accelerometer: x:y:z=[-0.181000,-0.153000,9.816000]
07-31 12:10:55.974  1930  2122 E NetworkController.MobileSignalController(1): notifyListeners showDataIcon = false , dataDisconneted = true , activityIn = false , activityOut = false , mCurrentState.dataConnected = false , mCurrentState.isDefault = false , typeIcon = 0 , statusIcon.visible = true , mCurrentState.roaming = false , isWfcEnabl = false , volteIcon = 0
07-31 12:10:56.446  1492  1768 E WifiStaIfaceHidlImpl: getLinkLayerStatsV1_5 failed with status: {.code = ERROR_UNKNOWN, .description = unknown}
07-31 12:10:59.483  1492  1768 E WifiStaIfaceHidlImpl: getLinkLayerStatsV1_5 failed with status: {.code = ERROR_UNKNOWN, .description = unknown}
07-31 12:11:00.148   853   909 E mtkpower@impl: [setMode] unknown type
07-31 12:11:00.215   853   909 E mtkpower@impl: [setMode] unknown type
07-31 12:11:01.090  1930  2122 E NetworkController.MobileSignalController(1): notifyListeners showDataIcon = false , dataDisconneted = true , activityIn = false , activityOut = false , mCurrentState.dataConnected = false , mCurrentState.isDefault = false , typeIcon = 0 , statusIcon.visible = true , mCurrentState.roaming = false , isWfcEnabl = false , volteIcon = 0
07-31 12:11:02.518  1492  1768 E WifiStaIfaceHidlImpl: getLinkLayerStatsV1_5 failed with status: {.code = ERROR_UNKNOWN, .description = unknown}
07-31 12:11:03.433   846   928 E Accelerometer: x:y:z=[-0.181000,-0.134000,9.787000]
07-31 12:11:05.553  1492  1768 E WifiStaIfaceHidlImpl: getLinkLayerStatsV1_5 failed with status: {.code = ERROR_UNKNOWN, .description = unknown}
07-31 12:11:06.208  1930  2122 E NetworkController.MobileSignalController(1): notifyListeners showDataIcon = false , dataDisconneted = true , activityIn = false , activityOut = false , mCurrentState.dataConnected = false , mCurrentState.isDefault = false , typeIcon = 0 , statusIcon.visible = true , mCurrentState.roaming = false , isWfcEnabl = false , volteIcon = 0
07-31 12:11:08.578  1492  1768 E WifiStaIfaceHidlImpl: getLinkLayerStatsV1_5 failed with status: {.code = ERROR_UNKNOWN, .description = unknown}
07-31 12:11:11.330  1930  2122 E NetworkController.MobileSignalController(1): notifyListeners showDataIcon = false , dataDisconneted = true , activityIn = false , activityOut = false , mCurrentState.dataConnected = false , mCurrentState.isDefault = false , typeIcon = 0 , statusIcon.visible = true , mCurrentState.roaming = false , isWfcEnabl = false , volteIcon = 0
07-31 12:11:11.615  1492  1768 E WifiStaIfaceHidlImpl: getLinkLayerStatsV1_5 failed with status: {.code = ERROR_UNKNOWN, .description = unknown}
07-31 12:11:13.433   846   928 E Accelerometer: x:y:z=[-0.191000,-0.162000,9.797000]
07-31 12:11:14.650  1492  1768 E WifiStaIfaceHidlImpl: getLinkLayerStatsV1_5 failed with status: {.code = ERROR_UNKNOWN, .description = unknown}
07-31 12:11:16.453  1930  2122 E NetworkController.MobileSignalController(1): notifyListeners showDataIcon = false , dataDisconneted = true , activityIn = false , activityOut = false , mCurrentState.dataConnected = false , mCurrentState.isDefault = false , typeIcon = 0 , statusIcon.visible = true , mCurrentState.roaming = false , isWfcEnabl = false , volteIcon = 0
07-31 12:11:17.682  1492  1768 E WifiStaIfaceHidlImpl: getLinkLayerStatsV1_5 failed with status: {.code = ERROR_UNKNOWN, .description = unknown}
07-31 12:11:20.714  1492  1768 E WifiStaIfaceHidlImpl: getLinkLayerStatsV1_5 failed with status: {.code = ERROR_UNKNOWN, .description = unknown}
07-31 12:11:21.573  1930  2122 E NetworkController.MobileSignalController(1): notifyListeners showDataIcon = false , dataDisconneted = true , activityIn = false , activityOut = false , mCurrentState.dataConnected = false , mCurrentState.isDefault = false , typeIcon = 0 , statusIcon.visible = true , mCurrentState.roaming = false , isWfcEnabl = false , volteIcon = 0
07-31 12:11:23.432   846   928 E Accelerometer: x:y:z=[-0.191000,-0.153000,9.826000]
07-31 12:11:23.750  1492  1768 E WifiStaIfaceHidlImpl: getLinkLayerStatsV1_5 failed with status: {.code = ERROR_UNKNOWN, .description = unknown}
07-31 12:11:26.781  1492  1768 E WifiStaIfaceHidlImpl: getLinkLayerStatsV1_5 failed with status: {.code = ERROR_UNKNOWN, .description = unknown}
07-31 12:11:29.802  1492  1768 E WifiStaIfaceHidlImpl: getLinkLayerStatsV1_5 failed with status: {.code = ERROR_UNKNOWN, .description = unknown}
07-31 12:11:31.815  1930  2122 E NetworkController.MobileSignalController(1): notifyListeners showDataIcon = false , dataDisconneted = true , activityIn = false , activityOut = false , mCurrentState.dataConnected = false , mCurrentState.isDefault = false , typeIcon = 0 , statusIcon.visible = true , mCurrentState.roaming = false , isWfcEnabl = false , volteIcon = 0
07-31 12:11:32.835  1492  1768 E WifiStaIfaceHidlImpl: getLinkLayerStatsV1_5 failed with status: {.code = ERROR_UNKNOWN, .description = unknown}
07-31 12:11:33.433   846   928 E Accelerometer: x:y:z=[-0.181000,-0.114000,9.826000]
07-31 12:11:35.862  1492  1768 E WifiStaIfaceHidlImpl: getLinkLayerStatsV1_5 failed with status: {.code = ERROR_UNKNOWN, .description = unknown}
07-31 12:11:36.931  1930  2122 E NetworkController.MobileSignalController(1): notifyListeners showDataIcon = false , dataDisconneted = true , activityIn = false , activityOut = false , mCurrentState.dataConnected = false , mCurrentState.isDefault = false , typeIcon = 0 , statusIcon.visible = true , mCurrentState.roaming = false , isWfcEnabl = false , volteIcon = 0
07-31 12:11:38.894  1492  1768 E WifiStaIfaceHidlImpl: getLinkLayerStatsV1_5 failed with status: {.code = ERROR_UNKNOWN, .description = unknown}
07-31 12:11:41.931  1492  1768 E WifiStaIfaceHidlImpl: getLinkLayerStatsV1_5 failed with status: {.code = ERROR_UNKNOWN, .description = unknown}
07-31 12:11:43.433   846   928 E Accelerometer: x:y:z=[-0.172000,-0.134000,9.797000]
07-31 12:11:44.963  1492  1768 E WifiStaIfaceHidlImpl: getLinkLayerStatsV1_5 failed with status: {.code = ERROR_UNKNOWN, .description = unknown}
07-31 12:11:47.175  1930  2122 E NetworkController.MobileSignalController(1): notifyListeners showDataIcon = false , dataDisconneted = true , activityIn = false , activityOut = false , mCurrentState.dataConnected = false , mCurrentState.isDefault = false , typeIcon = 0 , statusIcon.visible = true , mCurrentState.roaming = false , isWfcEnabl = false , volteIcon = 0
07-31 12:11:47.998  1492  1768 E WifiStaIfaceHidlImpl: getLinkLayerStatsV1_5 failed with status: {.code = ERROR_UNKNOWN, .description = unknown}
07-31 12:11:51.031  1492  1768 E WifiStaIfaceHidlImpl: getLinkLayerStatsV1_5 failed with status: {.code = ERROR_UNKNOWN, .description = unknown}
07-31 12:11:52.296  1930  2122 E NetworkController.MobileSignalController(1): notifyListeners showDataIcon = false , dataDisconneted = true , activityIn = false , activityOut = false , mCurrentState.dataConnected = false , mCurrentState.isDefault = false , typeIcon = 0 , statusIcon.visible = true , mCurrentState.roaming = false , isWfcEnabl = false , volteIcon = 0
07-31 12:11:53.413   846   928 E Accelerometer: x:y:z=[-0.191000,-0.153000,9.816000]
07-31 12:11:54.066  1492  1768 E WifiStaIfaceHidlImpl: getLinkLayerStatsV1_5 failed with status: {.code = ERROR_UNKNOWN, .description = unknown}
07-31 12:11:57.099  1492  1768 E WifiStaIfaceHidlImpl: getLinkLayerStatsV1_5 failed with status: {.code = ERROR_UNKNOWN, .description = unknown}
07-31 12:11:57.417  1930  2122 E NetworkController.MobileSignalController(1): notifyListeners showDataIcon = false , dataDisconneted = true , activityIn = false , activityOut = false , mCurrentState.dataConnected = false , mCurrentState.isDefault = false , typeIcon = 0 , statusIcon.visible = true , mCurrentState.roaming = false , isWfcEnabl = false , volteIcon = 0
07-31 12:12:00.131  1492  1768 E WifiStaIfaceHidlImpl: getLinkLayerStatsV1_5 failed with status: {.code = ERROR_UNKNOWN, .description = unknown}
07-31 12:12:00.185   853   909 E mtkpower@impl: [setMode] unknown type
07-31 12:12:00.257   853   909 E mtkpower@impl: [setMode] unknown type
07-31 12:12:02.534  1930  2122 E NetworkController.MobileSignalController(1): notifyListeners showDataIcon = false , dataDisconneted = true , activityIn = false , activityOut = false , mCurrentState.dataConnected = false , mCurrentState.isDefault = false , typeIcon = 0 , statusIcon.visible = true , mCurrentState.roaming = false , isWfcEnabl = false , volteIcon = 0
07-31 12:12:03.161  1492  1768 E WifiStaIfaceHidlImpl: getLinkLayerStatsV1_5 failed with status: {.code = ERROR_UNKNOWN, .description = unknown}
07-31 12:12:03.413   846   928 E Accelerometer: x:y:z=[-0.172000,-0.114000,9.826000]
07-31 12:12:06.196  1492  1768 E WifiStaIfaceHidlImpl: getLinkLayerStatsV1_5 failed with status: {.code = ERROR_UNKNOWN, .description = unknown}
07-31 12:12:07.655  1930  2122 E NetworkController.MobileSignalController(1): notifyListeners showDataIcon = false , dataDisconneted = true , activityIn = false , activityOut = false , mCurrentState.dataConnected = false , mCurrentState.isDefault = false , typeIcon = 0 , statusIcon.visible = true , mCurrentState.roaming = false , isWfcEnabl = false , volteIcon = 0
07-31 12:12:09.234  1492  1768 E WifiStaIfaceHidlImpl: getLinkLayerStatsV1_5 failed with status: {.code = ERROR_UNKNOWN, .description = unknown}
07-31 12:12:12.267  1492  1768 E WifiStaIfaceHidlImpl: getLinkLayerStatsV1_5 failed with status: {.code = ERROR_UNKNOWN, .description = unknown}
07-31 12:12:12.773  1930  2122 E NetworkController.MobileSignalController(1): notifyListeners showDataIcon = false , dataDisconneted = true , activityIn = false , activityOut = false , mCurrentState.dataConnected = false , mCurrentState.isDefault = false , typeIcon = 0 , statusIcon.visible = true , mCurrentState.roaming = false , isWfcEnabl = false , volteIcon = 0
07-31 12:12:13.412   846   928 E Accelerometer: x:y:z=[-0.201000,-0.153000,9.826000]
07-31 12:12:15.067 13158 13158 E gle.android.tts: Not starting debugger since process cannot load the jdwp agent.
07-31 12:12:15.088 13159 13159 E .android.as.oss: Not starting debugger since process cannot load the jdwp agent.
07-31 12:12:15.298  1492  1768 E WifiStaIfaceHidlImpl: getLinkLayerStatsV1_5 failed with status: {.code = ERROR_UNKNOWN, .description = unknown}
07-31 12:12:15.684  1876  1916 E TGuardMemoryManagerPackageRecord: fail to removeChild, pid is 11823
07-31 12:12:15.967  1876  1916 E TGuardMemoryManagerPackageRecord: fail to removeChild, pid is 2875
07-31 12:12:16.102 13158 13211 E JavaBinder: !!! FAILED BINDER TRANSACTION !!!  (parcel size = 452)
07-31 12:12:16.209 13225 13225 E ocess.gservices: Not starting debugger since process cannot load the jdwp agent.
07-31 12:12:16.352 13225 13241 E GmsClient: unable to connect to service: com.google.android.gms.gservices.START on com.google.android.gms
07-31 12:12:16.962 13158 13203 E MDD     : DownloadProgressMonitor: Can't find file group for uri: android://com.google.android.tts/files/datadownload/shared/public/datadownloadfile_1753981936411_6ccb8d1e7b61fa240e0200679b9c1d5876f5386c
07-31 12:12:17.895  1930  2122 E NetworkController.MobileSignalController(1): notifyListeners showDataIcon = false , dataDisconneted = true , activityIn = false , activityOut = false , mCurrentState.dataConnected = false , mCurrentState.isDefault = false , typeIcon = 0 , statusIcon.visible = true , mCurrentState.roaming = false , isWfcEnabl = false , volteIcon = 0
07-31 12:12:18.323  1492  1768 E WifiStaIfaceHidlImpl: getLinkLayerStatsV1_5 failed with status: {.code = ERROR_UNKNOWN, .description = unknown}
07-31 12:12:21.346  1492  1768 E WifiStaIfaceHidlImpl: getLinkLayerStatsV1_5 failed with status: {.code = ERROR_UNKNOWN, .description = unknown}
07-31 12:12:22.999  1930  2122 E NetworkController.MobileSignalController(1): notifyListeners showDataIcon = false , dataDisconneted = true , activityIn = false , activityOut = false , mCurrentState.dataConnected = false , mCurrentState.isDefault = false , typeIcon = 0 , statusIcon.visible = true , mCurrentState.roaming = false , isWfcEnabl = false , volteIcon = 0
07-31 12:12:23.412   846   928 E Accelerometer: x:y:z=[-0.172000,-0.134000,9.797000]
07-31 12:12:24.366  1492  1768 E WifiStaIfaceHidlImpl: getLinkLayerStatsV1_5 failed with status: {.code = ERROR_UNKNOWN, .description = unknown}
07-31 12:12:27.384  1492  1768 E WifiStaIfaceHidlImpl: getLinkLayerStatsV1_5 failed with status: {.code = ERROR_UNKNOWN, .description = unknown}
07-31 12:12:30.410  1492  1768 E WifiStaIfaceHidlImpl: getLinkLayerStatsV1_5 failed with status: {.code = ERROR_UNKNOWN, .description = unknown}
07-31 12:12:30.877   617   624 E android.system.suspend-service: Error opening kernel wakelock stats for: wakeup2 (../../devices/platform/10238000.gce_mbox/wakeup/wakeup2): Permission denied
07-31 12:12:30.942   617   624 E android.system.suspend-service: Error opening kernel wakelock stats for: wakeup0 (../../devices/platform/odm/odm:gpio_keys/wakeup/wakeup0): Permission denied
07-31 12:12:30.987   617   624 E android.system.suspend-service: Error opening kernel wakelock stats for: wakeup9 (../../devices/platform/1000d000.pwrap/1000d000.pwrap:main_pmic/mt6357-charger-type-detection/power_supply/usb/wakeup9): Permission denied
07-31 12:12:30.989   617   624 E android.system.suspend-service: Error opening kernel wakelock stats for: wakeup235 (../../devices/platform/flashlights_aw36406/wakeup/wakeup235): Permission denied
07-31 12:12:31.125   617   624 E android.system.suspend-service: Error opening kernel wakelock stats for: wakeup20 (../../devices/platform/11007000.i2c/i2c-0/0-006b/power_supply/eta6963-master/wakeup20): Permission denied
07-31 12:12:31.145   617   624 E android.system.suspend-service: Error opening kernel wakelock stats for: wakeup10 (../../devices/platform/11016000.i2c/i2c-5/5-0060/wakeup/wakeup10): Permission denied
07-31 12:12:31.208   617   624 E android.system.suspend-service: Error opening kernel wakelock stats for: wakeup37 (../../devices/platform/1000d000.pwrap/1000d000.pwrap:main_pmic/mt6397-rtc/rtc/rtc0/alarmtimer.1.auto/wakeup/wakeup37): Permission denied
07-31 12:12:31.321   617   624 E android.system.suspend-service: Error opening kernel wakelock stats for: wakeup8 (../../devices/platform/1000d000.pwrap/1000d000.pwrap:main_pmic/mt6357-charger-type-detection/power_supply/ac/wakeup8): Permission denied
07-31 12:12:31.355   617   624 E android.system.suspend-service: Error opening kernel wakelock stats for: wakeup21 (../../devices/platform/11007000.i2c/i2c-0/0-006b/wakeup/wakeup21): Permission denied
07-31 12:12:31.371   617   624 E android.system.suspend-service: Error opening kernel wakelock stats for: wakeup11 (../../devices/platform/11016000.i2c/i2c-5/5-0060/wakeup/wakeup11): Permission denied
07-31 12:12:31.385   617   624 E android.system.suspend-service: Error opening kernel wakelock stats for: wakeup250 (../../devices/platform/18002000.consys/wakeup/wakeup250): Permission denied
07-31 12:12:33.257  1930  2122 E NetworkController.MobileSignalController(1): notifyListeners showDataIcon = false , dataDisconneted = true , activityIn = false , activityOut = false , mCurrentState.dataConnected = false , mCurrentState.isDefault = false , typeIcon = 0 , statusIcon.visible = true , mCurrentState.roaming = false , isWfcEnabl = false , volteIcon = 0
07-31 12:12:33.413   846   928 E Accelerometer: x:y:z=[-0.191000,-0.153000,9.816000]
07-31 12:12:33.444  1492  1768 E WifiStaIfaceHidlImpl: getLinkLayerStatsV1_5 failed with status: {.code = ERROR_UNKNOWN, .description = unknown}
07-31 12:12:36.478  1492  1768 E WifiStaIfaceHidlImpl: getLinkLayerStatsV1_5 failed with status: {.code = ERROR_UNKNOWN, .description = unknown}
07-31 12:12:38.369  1930  2122 E NetworkController.MobileSignalController(1): notifyListeners showDataIcon = false , dataDisconneted = true , activityIn = false , activityOut = false , mCurrentState.dataConnected = false , mCurrentState.isDefault = false , typeIcon = 0 , statusIcon.visible = true , mCurrentState.roaming = false , isWfcEnabl = false , volteIcon = 0
07-31 12:12:39.507  1492  1768 E WifiStaIfaceHidlImpl: getLinkLayerStatsV1_5 failed with status: {.code = ERROR_UNKNOWN, .description = unknown}
07-31 12:12:42.536  1492  1768 E WifiStaIfaceHidlImpl: getLinkLayerStatsV1_5 failed with status: {.code = ERROR_UNKNOWN, .description = unknown}
07-31 12:12:43.412   846   928 E Accelerometer: x:y:z=[-0.181000,-0.153000,9.797000]
07-31 12:12:43.494  1930  2122 E NetworkController.MobileSignalController(1): notifyListeners showDataIcon = false , dataDisconneted = true , activityIn = false , activityOut = false , mCurrentState.dataConnected = false , mCurrentState.isDefault = false , typeIcon = 0 , statusIcon.visible = true , mCurrentState.roaming = false , isWfcEnabl = false , volteIcon = 0
07-31 12:12:45.570  1492  1768 E WifiStaIfaceHidlImpl: getLinkLayerStatsV1_5 failed with status: {.code = ERROR_UNKNOWN, .description = unknown}
07-31 12:12:47.623   853   909 E mtkpower@impl: [setMode] unknown type
07-31 12:12:47.688   853   909 E mtkpower@impl: [setMode] unknown type
07-31 12:12:48.603  1492  1768 E WifiStaIfaceHidlImpl: getLinkLayerStatsV1_5 failed with status: {.code = ERROR_UNKNOWN, .description = unknown}
07-31 12:12:48.617  1930  2122 E NetworkController.MobileSignalController(1): notifyListeners showDataIcon = false , dataDisconneted = true , activityIn = false , activityOut = false , mCurrentState.dataConnected = false , mCurrentState.isDefault = false , typeIcon = 0 , statusIcon.visible = true , mCurrentState.roaming = false , isWfcEnabl = false , volteIcon = 0
07-31 12:12:51.635  1492  1768 E WifiStaIfaceHidlImpl: getLinkLayerStatsV1_5 failed with status: {.code = ERROR_UNKNOWN, .description = unknown}
07-31 12:12:53.413   846   928 E Accelerometer: x:y:z=[-0.191000,-0.134000,9.816000]
07-31 12:12:54.666  1492  1768 E WifiStaIfaceHidlImpl: getLinkLayerStatsV1_5 failed with status: {.code = ERROR_UNKNOWN, .description = unknown}
07-31 12:12:57.700  1492  1768 E WifiStaIfaceHidlImpl: getLinkLayerStatsV1_5 failed with status: {.code = ERROR_UNKNOWN, .description = unknown}
07-31 12:12:58.856  1930  2122 E NetworkController.MobileSignalController(1): notifyListeners showDataIcon = false , dataDisconneted = true , activityIn = false , activityOut = false , mCurrentState.dataConnected = false , mCurrentState.isDefault = false , typeIcon = 0 , statusIcon.visible = true , mCurrentState.roaming = false , isWfcEnabl = false , volteIcon = 0
07-31 12:13:00.143   853   909 E mtkpower@impl: [setMode] unknown type
07-31 12:13:00.209   853   909 E mtkpower@impl: [setMode] unknown type
07-31 12:13:00.737  1492  1768 E WifiStaIfaceHidlImpl: getLinkLayerStatsV1_5 failed with status: {.code = ERROR_UNKNOWN, .description = unknown}
07-31 12:13:03.413   846   928 E Accelerometer: x:y:z=[-0.201000,-0.134000,9.826000]
07-31 12:13:03.763  1492  1768 E WifiStaIfaceHidlImpl: getLinkLayerStatsV1_5 failed with status: {.code = ERROR_UNKNOWN, .description = unknown}
07-31 12:13:03.975  1930  2122 E NetworkController.MobileSignalController(1): notifyListeners showDataIcon = false , dataDisconneted = true , activityIn = false , activityOut = false , mCurrentState.dataConnected = false , mCurrentState.isDefault = false , typeIcon = 0 , statusIcon.visible = true , mCurrentState.roaming = false , isWfcEnabl = false , volteIcon = 0
07-31 12:13:06.799  1492  1768 E WifiStaIfaceHidlImpl: getLinkLayerStatsV1_5 failed with status: {.code = ERROR_UNKNOWN, .description = unknown}
07-31 12:13:09.094  1930  2122 E NetworkController.MobileSignalController(1): notifyListeners showDataIcon = false , dataDisconneted = true , activityIn = false , activityOut = false , mCurrentState.dataConnected = false , mCurrentState.isDefault = false , typeIcon = 0 , statusIcon.visible = true , mCurrentState.roaming = false , isWfcEnabl = false , volteIcon = 0
07-31 12:13:09.831  1492  1768 E WifiStaIfaceHidlImpl: getLinkLayerStatsV1_5 failed with status: {.code = ERROR_UNKNOWN, .description = unknown}
07-31 12:13:12.860  1492  1768 E WifiStaIfaceHidlImpl: getLinkLayerStatsV1_5 failed with status: {.code = ERROR_UNKNOWN, .description = unknown}
07-31 12:13:13.413   846   928 E Accelerometer: x:y:z=[-0.162000,-0.153000,9.797000]
07-31 12:13:14.215  1930  2122 E NetworkController.MobileSignalController(1): notifyListeners showDataIcon = false , dataDisconneted = true , activityIn = false , activityOut = false , mCurrentState.dataConnected = false , mCurrentState.isDefault = false , typeIcon = 0 , statusIcon.visible = true , mCurrentState.roaming = false , isWfcEnabl = false , volteIcon = 0
07-31 12:13:15.885  1492  1768 E WifiStaIfaceHidlImpl: getLinkLayerStatsV1_5 failed with status: {.code = ERROR_UNKNOWN, .description = unknown}
07-31 12:13:18.920  1492  1768 E WifiStaIfaceHidlImpl: getLinkLayerStatsV1_5 failed with status: {.code = ERROR_UNKNOWN, .description = unknown}
07-31 12:13:21.955  1492  1768 E WifiStaIfaceHidlImpl: getLinkLayerStatsV1_5 failed with status: {.code = ERROR_UNKNOWN, .description = unknown}
07-31 12:13:22.640 13262 13262 E android.youtube: Not starting debugger since process cannot load the jdwp agent.
07-31 12:13:23.412   846   928 E Accelerometer: x:y:z=[-0.172000,-0.153000,9.797000]
07-31 12:13:24.434  1930  2122 E NetworkController.MobileSignalController(1): notifyListeners showDataIcon = false , dataDisconneted = true , activityIn = false , activityOut = false , mCurrentState.dataConnected = false , mCurrentState.isDefault = false , typeIcon = 0 , statusIcon.visible = true , mCurrentState.roaming = false , isWfcEnabl = false , volteIcon = 0
07-31 12:13:24.716  1876  1916 E TGuardMemoryManagerPackageRecord: fail to removeChild, pid is 12386
07-31 12:13:24.986  1492  1768 E WifiStaIfaceHidlImpl: getLinkLayerStatsV1_5 failed with status: {.code = ERROR_UNKNOWN, .description = unknown}
07-31 12:13:25.139 13262 13392 E android.youtube: No package ID 6a found for resource ID 0x6a0b000f.
07-31 12:13:26.257  1492  1669 E system_server: updateValue is called with a value {0, 0, 0, 0, 0, 0, 0, 0, 0, 0, 0, 0, 0, 0, 0, 0, 0, 0, 0, 0, 0, 0, 0, 0, 0, 0, 0, 0, 0, 0, 0, 0}, which is lower than the previous value {0, 0, 0, 0, 0, 0, 0, 0, 0, 0, 0, 0, 0, 0, 0, 115, 0, 0, 0, 0, 0, 0, 0, 0, 0, 0, 0, 11, 0, 0, 0, 45}
07-31 12:13:26.257  1492  1669 E system_server: updateValue is called with a value {0, 0, 0, 0, 0, 0, 0, 0, 0, 0, 0, 0, 0, 0, 0, 0, 0, 0, 0, 0, 0, 0, 0, 0, 0, 0, 0, 0, 0, 0, 0, 0}, which is lower than the previous value {0, 0, 0, 0, 0, 0, 0, 0, 0, 0, 0, 0, 0, 0, 0, 114, 0, 0, 0, 0, 0, 0, 0, 0, 0, 0, 9, 2, 0, 5, 3, 32}
07-31 12:13:26.257  1492  1669 E system_server: updateValue is called with a value {0, 0, 0, 0, 0, 0, 0, 0, 0, 0, 0, 0, 0, 0, 0, 0, 0, 0, 0, 0, 0, 0, 0, 0, 0, 0, 0, 0, 0, 0, 0, 0}, which is lower than the previous value {0, 0, 0, 0, 0, 0, 0, 0, 0, 0, 0, 0, 0, 0, 0, 108, 0, 0, 0, 0, 0, 0, 0, 0, 0, 0, 0, 2, 0, 29, 0, 36}
07-31 12:13:26.257  1492  1669 E system_server: updateValue is called with a value {0, 0, 0, 0, 0, 0, 0, 0, 0, 0, 0, 0, 0, 0, 0, 0, 0, 0, 0, 0, 0, 0, 0, 0, 0, 0, 0, 0, 0, 0, 0, 0}, which is lower than the previous value {0, 0, 0, 0, 0, 0, 0, 0, 0, 0, 0, 0, 0, 0, 0, 116, 0, 0, 0, 0, 0, 0, 0, 0, 0, 0, 3, 0, 0, 7, 4, 32}
07-31 12:13:26.258  1492  1669 E system_server: updateValue is called with a value {0, 0, 0, 0, 0, 0, 0, 0, 0, 0, 0, 0, 0, 0, 0, 0, 0, 0, 0, 0, 0, 0, 0, 0, 0, 0, 0, 0, 0, 0, 0, 0}, which is lower than the previous value {0, 0, 0, 0, 0, 0, 0, 0, 0, 0, 0, 0, 0, 0, 0, 116, 0, 0, 0, 0, 0, 0, 0, 0, 0, 0, 9, 0, 0, 0, 25, 28}
07-31 12:13:26.258  1492  1669 E system_server: updateValue is called with a value {0, 0, 0, 0, 0, 0, 0, 0, 0, 0, 0, 0, 0, 0, 0, 0, 0, 0, 0, 0, 0, 0, 0, 0, 0, 0, 0, 0, 0, 0, 0, 0}, which is lower than the previous value {0, 0, 0, 0, 0, 0, 0, 0, 0, 0, 0, 0, 0, 0, 0, 115, 0, 0, 0, 0, 0, 0, 0, 0, 0, 0, 0, 0, 0, 0, 1, 64}
07-31 12:13:26.258  1492  1669 E system_server: updateValue is called with a value {0, 0, 0, 0, 0, 0, 0, 0, 0, 0, 0, 0, 0, 0, 0, 0, 0, 0, 0, 0, 0, 0, 0, 0, 0, 0, 0, 0, 0, 0, 0, 0}, which is lower than the previous value {0, 0, 0, 0, 0, 0, 0, 0, 0, 0, 0, 0, 0, 0, 0, 105, 0, 0, 0, 0, 0, 0, 0, 0, 0, 0, 11, 2, 11, 1, 0, 40}
07-31 12:13:26.258  1492  1669 E system_server: updateValue is called with a value {0, 0, 0, 0, 0, 0, 0, 0, 0, 0, 0, 0, 0, 0, 0, 0, 0, 0, 0, 0, 0, 0, 0, 0, 0, 0, 0, 0, 0, 0, 0, 0}, which is lower than the previous value {0, 0, 0, 0, 0, 0, 0, 0, 0, 0, 0, 0, 0, 0, 0, 101, 0, 0, 0, 0, 0, 0, 0, 0, 0, 0, 0, 0, 0, 0, 0, 62}
07-31 12:13:26.258  1492  1669 E system_server: updateValue is called with a value {0, 0, 0, 0, 0, 0, 0, 0, 0, 0, 0, 0, 0, 0, 0, 0, 0, 0, 0, 0, 0, 0, 0, 0, 0, 0, 0, 0, 0, 0, 0, 0}, which is lower than the previous value {0, 0, 0, 0, 0, 0, 0, 0, 0, 0, 0, 0, 0, 0, 0, 106, 0, 0, 0, 0, 0, 0, 0, 0, 0, 0, 0, 0, 0, 0, 0, 63}
07-31 12:13:26.259  1492  1669 E system_server: updateValue is called with a value {0, 0, 0, 0, 0, 0, 0, 0, 0, 0, 0, 0, 0, 0, 0, 0, 0, 0, 0, 0, 0, 0, 0, 0, 0, 0, 0, 0, 0, 0, 0, 0}, which is lower than the previous value {23, 2, 0, 0, 2, 0, 1, 0, 1, 0, 0, 0, 0, 1, 30, 1824, 32, 3, 0, 3, 2, 0, 0, 2, 0, 0, 49, 35, 8, 18, 29, 376}
07-31 12:13:26.259  1492  1669 E system_server: updateValue is called with a value {0, 0, 0, 0, 0, 0, 0, 0, 0, 0, 0, 0, 0, 0, 0, 0, 0, 0, 0, 0, 0, 0, 0, 0, 0, 0, 0, 0, 0, 0, 0, 0}, which is lower than the previous value {0, 0, 0, 0, 0, 0, 0, 0, 0, 0, 0, 0, 0, 0, 0, 404, 0, 0, 0, 0, 0, 0, 0, 0, 0, 0, 0, 0, 0, 0, 0, 104}
07-31 12:13:26.260  1492  1669 E system_server: updateValue is called with a value {0, 0, 0, 0, 0, 0, 0, 0, 0, 0, 0, 0, 0, 0, 0, 0, 0, 0, 0, 0, 0, 0, 0, 0, 0, 0, 0, 0, 0, 0, 0, 0}, which is lower than the previous value {0, 0, 0, 0, 0, 0, 0, 0, 0, 0, 0, 0, 0, 0, 0, 385, 446, 146, 26, 92, 8, 67, 33, 2, 162, 35, 64, 8, 38, 21, 101, 5113}
07-31 12:13:26.260  1492  1669 E system_server: updateValue is called with a value {0, 0, 0, 0, 0, 0, 0, 0, 0, 0, 0, 0, 0, 0, 0, 0, 0, 0, 0, 0, 0, 0, 0, 0, 0, 0, 0, 0, 0, 0, 0, 0}, which is lower than the previous value {1618, 335, 271, 134, 82, 55, 78, 82, 3, 20, 28, 0, 9, 56, 228, 11162, 1199, 526, 144, 253, 287, 420, 327, 350, 199, 273, 159, 286, 159, 176, 212, 6718}
07-31 12:13:26.327 13404 13404 E .android.chrome: Not starting debugger since process cannot load the jdwp agent.
07-31 12:13:26.643  1876  1916 E TGuardMemoryManagerPackageRecord: fail to removeChild, pid is 12657
07-31 12:13:27.116 13470 13470 E ileged_process0: Not starting debugger since process cannot load the jdwp agent.
07-31 12:13:27.298 13492 13492 E .adservices.api: Not starting debugger since process cannot load the jdwp agent.
07-31 12:13:27.485  1876  1916 E TGuardMemoryManagerPackageRecord: fail to removeChild, pid is 12454
07-31 12:13:27.723 13492 13544 E adservices: User has not consented.
07-31 12:13:27.779 13545 13545 E ocessService0:0: Not starting debugger since process cannot load the jdwp agent.
07-31 12:13:27.999  1492  1768 E WifiStaIfaceHidlImpl: getLinkLayerStatsV1_5 failed with status: {.code = ERROR_UNKNOWN, .description = unknown}
07-31 12:13:28.099  1876  1916 E TGuardMemoryManagerPackageRecord: fail to removeChild, pid is 12940
07-31 12:13:28.136  1876  1916 E TGuardMemoryManagerPackageRecord: fail to removeChild, pid is 10250
07-31 12:13:28.686 13578 13578 E ocessService0:1: Not starting debugger since process cannot load the jdwp agent.
07-31 12:13:28.937  1876  1916 E TGuardMemoryManagerPackageRecord: fail to removeChild, pid is 13578
07-31 12:13:28.945  1876  1916 E TGuardMemoryManagerPackageRecord: fail to removeChild, pid is 12943
07-31 12:13:29.586  1930  2122 E NetworkController.MobileSignalController(1): notifyListeners showDataIcon = false , dataDisconneted = true , activityIn = false , activityOut = false , mCurrentState.dataConnected = false , mCurrentState.isDefault = false , typeIcon = 0 , statusIcon.visible = true , mCurrentState.roaming = false , isWfcEnabl = false , volteIcon = 0
07-31 12:13:30.012 13600 13600 E ocessService0:0: Not starting debugger since process cannot load the jdwp agent.
07-31 12:13:31.014  1492  1768 E WifiStaIfaceHidlImpl: getLinkLayerStatsV1_5 failed with status: {.code = ERROR_UNKNOWN, .description = unknown}
07-31 12:13:33.413   846   928 E Accelerometer: x:y:z=[-0.191000,-0.143000,9.797000]
07-31 12:13:34.048  1492  1768 E WifiStaIfaceHidlImpl: getLinkLayerStatsV1_5 failed with status: {.code = ERROR_UNKNOWN, .description = unknown}
07-31 12:13:37.078  1492  1768 E WifiStaIfaceHidlImpl: getLinkLayerStatsV1_5 failed with status: {.code = ERROR_UNKNOWN, .description = unknown}
07-31 12:13:39.820  1930  2122 E NetworkController.MobileSignalController(1): notifyListeners showDataIcon = false , dataDisconneted = true , activityIn = false , activityOut = false , mCurrentState.dataConnected = false , mCurrentState.isDefault = false , typeIcon = 0 , statusIcon.visible = true , mCurrentState.roaming = false , isWfcEnabl = false , volteIcon = 0
07-31 12:13:40.115  1492  1768 E WifiStaIfaceHidlImpl: getLinkLayerStatsV1_5 failed with status: {.code = ERROR_UNKNOWN, .description = unknown}
07-31 12:13:43.145  1492  1768 E WifiStaIfaceHidlImpl: getLinkLayerStatsV1_5 failed with status: {.code = ERROR_UNKNOWN, .description = unknown}
07-31 12:13:43.413   846   928 E Accelerometer: x:y:z=[-0.162000,-0.134000,9.816000]
07-31 12:13:44.933  1930  2122 E NetworkController.MobileSignalController(1): notifyListeners showDataIcon = false , dataDisconneted = true , activityIn = false , activityOut = false , mCurrentState.dataConnected = false , mCurrentState.isDefault = false , typeIcon = 0 , statusIcon.visible = true , mCurrentState.roaming = false , isWfcEnabl = false , volteIcon = 0
07-31 12:13:46.175  1492  1768 E WifiStaIfaceHidlImpl: getLinkLayerStatsV1_5 failed with status: {.code = ERROR_UNKNOWN, .description = unknown}
07-31 12:13:49.206  1492  1768 E WifiStaIfaceHidlImpl: getLinkLayerStatsV1_5 failed with status: {.code = ERROR_UNKNOWN, .description = unknown}
07-31 12:13:50.056  1930  2122 E NetworkController.MobileSignalController(1): notifyListeners showDataIcon = false , dataDisconneted = true , activityIn = false , activityOut = false , mCurrentState.dataConnected = false , mCurrentState.isDefault = false , typeIcon = 0 , statusIcon.visible = true , mCurrentState.roaming = false , isWfcEnabl = false , volteIcon = 0
07-31 12:13:52.237  1492  1768 E WifiStaIfaceHidlImpl: getLinkLayerStatsV1_5 failed with status: {.code = ERROR_UNKNOWN, .description = unknown}
07-31 12:13:53.413   846   928 E Accelerometer: x:y:z=[-0.191000,-0.134000,9.816000]
07-31 12:13:55.165  1930  2122 E NetworkController.MobileSignalController(1): notifyListeners showDataIcon = false , dataDisconneted = true , activityIn = false , activityOut = false , mCurrentState.dataConnected = false , mCurrentState.isDefault = false , typeIcon = 0 , statusIcon.visible = true , mCurrentState.roaming = false , isWfcEnabl = false , volteIcon = 0
07-31 12:13:55.271  1492  1768 E WifiStaIfaceHidlImpl: getLinkLayerStatsV1_5 failed with status: {.code = ERROR_UNKNOWN, .description = unknown}
07-31 12:13:58.304  1492  1768 E WifiStaIfaceHidlImpl: getLinkLayerStatsV1_5 failed with status: {.code = ERROR_UNKNOWN, .description = unknown}
07-31 12:14:00.159   853   909 E mtkpower@impl: [setMode] unknown type
07-31 12:14:00.227   853   909 E mtkpower@impl: [setMode] unknown type
07-31 12:14:01.331  1492  1768 E WifiStaIfaceHidlImpl: getLinkLayerStatsV1_5 failed with status: {.code = ERROR_UNKNOWN, .description = unknown}
07-31 12:14:03.413   846   928 E Accelerometer: x:y:z=[-0.162000,-0.162000,9.797000]
07-31 12:14:04.350  1492  1768 E WifiStaIfaceHidlImpl: getLinkLayerStatsV1_5 failed with status: {.code = ERROR_UNKNOWN, .description = unknown}
07-31 12:14:05.417  1930  2122 E NetworkController.MobileSignalController(1): notifyListeners showDataIcon = false , dataDisconneted = true , activityIn = false , activityOut = false , mCurrentState.dataConnected = false , mCurrentState.isDefault = false , typeIcon = 0 , statusIcon.visible = true , mCurrentState.roaming = false , isWfcEnabl = false , volteIcon = 0
