07-31 11:59:40.123  1492  1768 E WifiStaIfaceHidlImpl: getLinkLayerStatsV1_5 failed with status: {.code = ERROR_UNKNOWN, .description = unknown}
07-31 11:59:40.136  1930  2122 E NetworkController.MobileSignalController(1): notifyListeners showDataIcon = false , dataDisconneted = true , activityIn = false , activityOut = false , mCurrentState.dataConnected = false , mCurrentState.isDefault = false , typeIcon = 0 , statusIcon.visible = true , mCurrentState.roaming = false , isWfcEnabl = false , volteIcon = 0
07-31 11:59:43.154  1492  1768 E WifiStaIfaceHidlImpl: getLinkLayerStatsV1_5 failed with status: {.code = ERROR_UNKNOWN, .description = unknown}
07-31 11:59:43.627   846   928 E Accelerometer: x:y:z=[-0.220000,-0.153000,9.797000]
07-31 11:59:45.256  1930  2122 E NetworkController.MobileSignalController(1): notifyListeners showDataIcon = false , dataDisconneted = true , activityIn = false , activityOut = false , mCurrentState.dataConnected = false , mCurrentState.isDefault = false , typeIcon = 0 , statusIcon.visible = true , mCurrentState.roaming = false , isWfcEnabl = false , volteIcon = 0
07-31 11:59:46.191  1492  1768 E WifiStaIfaceHidlImpl: getLinkLayerStatsV1_5 failed with status: {.code = ERROR_UNKNOWN, .description = unknown}
07-31 11:59:49.226  1492  1768 E WifiStaIfaceHidlImpl: getLinkLayerStatsV1_5 failed with status: {.code = ERROR_UNKNOWN, .description = unknown}
07-31 11:59:50.373  1930  2122 E NetworkController.MobileSignalController(1): notifyListeners showDataIcon = false , dataDisconneted = true , activityIn = false , activityOut = false , mCurrentState.dataConnected = false , mCurrentState.isDefault = false , typeIcon = 0 , statusIcon.visible = true , mCurrentState.roaming = false , isWfcEnabl = false , volteIcon = 0
07-31 11:59:52.255  1492  1768 E WifiStaIfaceHidlImpl: getLinkLayerStatsV1_5 failed with status: {.code = ERROR_UNKNOWN, .description = unknown}
07-31 11:59:53.628   846   928 E Accelerometer: x:y:z=[-0.191000,-0.181000,9.787000]
07-31 11:59:55.283  1492  1768 E WifiStaIfaceHidlImpl: getLinkLayerStatsV1_5 failed with status: {.code = ERROR_UNKNOWN, .description = unknown}
07-31 11:59:55.493  1930  2122 E NetworkController.MobileSignalController(1): notifyListeners showDataIcon = false , dataDisconneted = true , activityIn = false , activityOut = false , mCurrentState.dataConnected = false , mCurrentState.isDefault = false , typeIcon = 0 , statusIcon.visible = true , mCurrentState.roaming = false , isWfcEnabl = false , volteIcon = 0
07-31 11:59:58.319  1492  1768 E WifiStaIfaceHidlImpl: getLinkLayerStatsV1_5 failed with status: {.code = ERROR_UNKNOWN, .description = unknown}
07-31 12:00:00.045  4291  4291 E ActivityThread: Failed to find provider info for com.tcl.xian.StartandroidService.MyContentProvider
07-31 12:00:00.050  4291  4291 E ActivityThread: Failed to find provider info for com.tcl.xian.StartandroidService.MyContentProvider
07-31 12:00:00.055  4291  4291 E ActivityThread: Failed to find provider info for com.tcl.xian.StartandroidService.MyContentProvider
07-31 12:00:00.129   853   909 E mtkpower@impl: [setMode] unknown type
07-31 12:00:00.204   853   909 E mtkpower@impl: [setMode] unknown type
07-31 12:00:00.221   617   624 E android.system.suspend-service: Error opening kernel wakelock stats for: wakeup2 (../../devices/platform/10238000.gce_mbox/wakeup/wakeup2): Permission denied
07-31 12:00:00.289   617   624 E android.system.suspend-service: Error opening kernel wakelock stats for: wakeup0 (../../devices/platform/odm/odm:gpio_keys/wakeup/wakeup0): Permission denied
07-31 12:00:00.339   617   624 E android.system.suspend-service: Error opening kernel wakelock stats for: wakeup9 (../../devices/platform/1000d000.pwrap/1000d000.pwrap:main_pmic/mt6357-charger-type-detection/power_supply/usb/wakeup9): Permission denied
07-31 12:00:00.341   617   624 E android.system.suspend-service: Error opening kernel wakelock stats for: wakeup235 (../../devices/platform/flashlights_aw36406/wakeup/wakeup235): Permission denied
07-31 12:00:00.464   617   624 E android.system.suspend-service: Error opening kernel wakelock stats for: wakeup20 (../../devices/platform/11007000.i2c/i2c-0/0-006b/power_supply/eta6963-master/wakeup20): Permission denied
07-31 12:00:00.483   617   624 E android.system.suspend-service: Error opening kernel wakelock stats for: wakeup10 (../../devices/platform/11016000.i2c/i2c-5/5-0060/wakeup/wakeup10): Permission denied
07-31 12:00:00.537   617   624 E android.system.suspend-service: Error opening kernel wakelock stats for: wakeup37 (../../devices/platform/1000d000.pwrap/1000d000.pwrap:main_pmic/mt6397-rtc/rtc/rtc0/alarmtimer.1.auto/wakeup/wakeup37): Permission denied
07-31 12:00:00.612  1930  2122 E NetworkController.MobileSignalController(1): notifyListeners showDataIcon = false , dataDisconneted = true , activityIn = false , activityOut = false , mCurrentState.dataConnected = false , mCurrentState.isDefault = false , typeIcon = 0 , statusIcon.visible = true , mCurrentState.roaming = false , isWfcEnabl = false , volteIcon = 0
07-31 12:00:00.701   617   624 E android.system.suspend-service: Error opening kernel wakelock stats for: wakeup8 (../../devices/platform/1000d000.pwrap/1000d000.pwrap:main_pmic/mt6357-charger-type-detection/power_supply/ac/wakeup8): Permission denied
07-31 12:00:00.750   617   624 E android.system.suspend-service: Error opening kernel wakelock stats for: wakeup21 (../../devices/platform/11007000.i2c/i2c-0/0-006b/wakeup/wakeup21): Permission denied
07-31 12:00:00.763   617   624 E android.system.suspend-service: Error opening kernel wakelock stats for: wakeup11 (../../devices/platform/11016000.i2c/i2c-5/5-0060/wakeup/wakeup11): Permission denied
07-31 12:00:00.774   617   624 E android.system.suspend-service: Error opening kernel wakelock stats for: wakeup250 (../../devices/platform/18002000.consys/wakeup/wakeup250): Permission denied
07-31 12:00:01.353  1492  1768 E WifiStaIfaceHidlImpl: getLinkLayerStatsV1_5 failed with status: {.code = ERROR_UNKNOWN, .description = unknown}
07-31 12:00:03.626   846   928 E Accelerometer: x:y:z=[-0.201000,-0.114000,9.787000]
07-31 12:00:04.382  1492  1768 E WifiStaIfaceHidlImpl: getLinkLayerStatsV1_5 failed with status: {.code = ERROR_UNKNOWN, .description = unknown}
07-31 12:00:05.718  1930  2122 E NetworkController.MobileSignalController(1): notifyListeners showDataIcon = false , dataDisconneted = true , activityIn = false , activityOut = false , mCurrentState.dataConnected = false , mCurrentState.isDefault = false , typeIcon = 0 , statusIcon.visible = true , mCurrentState.roaming = false , isWfcEnabl = false , volteIcon = 0
07-31 12:00:07.412  1492  1768 E WifiStaIfaceHidlImpl: getLinkLayerStatsV1_5 failed with status: {.code = ERROR_UNKNOWN, .description = unknown}
07-31 12:00:10.444  1492  1768 E WifiStaIfaceHidlImpl: getLinkLayerStatsV1_5 failed with status: {.code = ERROR_UNKNOWN, .description = unknown}
07-31 12:00:10.841  1930  2122 E NetworkController.MobileSignalController(1): notifyListeners showDataIcon = false , dataDisconneted = true , activityIn = false , activityOut = false , mCurrentState.dataConnected = false , mCurrentState.isDefault = false , typeIcon = 0 , statusIcon.visible = true , mCurrentState.roaming = false , isWfcEnabl = false , volteIcon = 0
07-31 12:00:13.476  1492  1768 E WifiStaIfaceHidlImpl: getLinkLayerStatsV1_5 failed with status: {.code = ERROR_UNKNOWN, .description = unknown}
07-31 12:00:13.628   846   928 E Accelerometer: x:y:z=[-0.181000,-0.134000,9.797000]
07-31 12:00:13.998  1930  1930 E NetworkController.MobileSignalController(1): notifyListeners showDataIcon = false , dataDisconneted = true , activityIn = false , activityOut = false , mCurrentState.dataConnected = false , mCurrentState.isDefault = false , typeIcon = 0 , statusIcon.visible = true , mCurrentState.roaming = false , isWfcEnabl = false , volteIcon = 0
07-31 12:00:15.967  1930  2122 E NetworkController.MobileSignalController(1): notifyListeners showDataIcon = false , dataDisconneted = true , activityIn = false , activityOut = false , mCurrentState.dataConnected = false , mCurrentState.isDefault = false , typeIcon = 0 , statusIcon.visible = true , mCurrentState.roaming = false , isWfcEnabl = false , volteIcon = 0
07-31 12:00:16.505  1492  1768 E WifiStaIfaceHidlImpl: getLinkLayerStatsV1_5 failed with status: {.code = ERROR_UNKNOWN, .description = unknown}
07-31 12:00:19.343  1930  1930 E NetworkController.MobileSignalController(1): notifyListeners showDataIcon = false , dataDisconneted = true , activityIn = false , activityOut = false , mCurrentState.dataConnected = false , mCurrentState.isDefault = false , typeIcon = 0 , statusIcon.visible = true , mCurrentState.roaming = false , isWfcEnabl = false , volteIcon = 0
07-31 12:00:19.530  1492  1768 E WifiStaIfaceHidlImpl: getLinkLayerStatsV1_5 failed with status: {.code = ERROR_UNKNOWN, .description = unknown}
07-31 12:00:20.448 30461 30685 E TraceManagerImpl: Trace StartupHandlerImpl App Interactive Delay Timer Fired timed out after 2454436 ms. Complete trace: # cwir@ee9f8b4c
07-31 12:00:20.448 30461 30685 E TraceManagerImpl: cwja:
07-31 12:00:20.448 30461 30685 E TraceManagerImpl:      at tk_trace.GenericWorkerQueueAction(Started After:6)
07-31 12:00:20.644 30461 30611 E BlockableFutures: Cannot block on non-blocking thread
07-31 12:00:20.644 30461 30611 E BlockableFutures: java.lang.IllegalStateException: Cannot block on non-blocking thread: BG Thread #1
07-31 12:00:20.644 30461 30611 E BlockableFutures:      at ceue.c(PG:11)
07-31 12:00:20.644 30461 30611 E BlockableFutures:      at ceue.a(PG:1)
07-31 12:00:20.644 30461 30611 E BlockableFutures:      at avfa.call(PG:349)
07-31 12:00:20.644 30461 30611 E BlockableFutures:      at android.content.ContentProvider.call(ContentProvider.java:2690)
07-31 12:00:20.644 30461 30611 E BlockableFutures:      at avdk.call(PG:2)
07-31 12:00:20.644 30461 30611 E BlockableFutures:      at android.content.ContentProvider$Transport.call(ContentProvider.java:628)
07-31 12:00:20.644 30461 30611 E BlockableFutures:      at android.content.ContentResolver.call(ContentResolver.java:2470)
07-31 12:00:20.644 30461 30611 E BlockableFutures:      at android.content.ContentResolver.call(ContentResolver.java:2450)
07-31 12:00:20.644 30461 30611 E BlockableFutures:      at bzqz.f(PG:6)
07-31 12:00:20.644 30461 30611 E BlockableFutures:      at bzqz.d(PG:1)
07-31 12:00:20.644 30461 30611 E BlockableFutures:      at bzpy.a(PG:3)
07-31 12:00:20.644 30461 30611 E BlockableFutures:      at bwpe.ap(PG:9)
07-31 12:00:20.644 30461 30611 E BlockableFutures:      at bwpe.ao(PG:8)
07-31 12:00:20.644 30461 30611 E BlockableFutures:      at bwpe.a(PG:1)
07-31 12:00:20.644 30461 30611 E BlockableFutures:      at byec.o(PG:4)
07-31 12:00:20.644 30461 30611 E BlockableFutures:      at byec.k(PG:4)
07-31 12:00:20.644 30461 30611 E BlockableFutures:      at byec.c(PG:1)
07-31 12:00:20.644 30461 30611 E BlockableFutures:      at bxku.b(PG:1)
07-31 12:00:20.644 30461 30611 E BlockableFutures:      at bwla.C(PG:12)
07-31 12:00:20.644 30461 30611 E BlockableFutures:      at bwlv.u(PG:1)
07-31 12:00:20.644 30461 30611 E BlockableFutures:      at bwmb.e(PG:7)
07-31 12:00:20.644 30461 30611 E BlockableFutures:      at bydv.c(PG:25)
07-31 12:00:20.644 30461 30611 E BlockableFutures:      at bycx.apply(PG:1)
07-31 12:00:20.644 30461 30611 E BlockableFutures:      at bydn.apply(PG:1)
07-31 12:00:20.644 30461 30611 E BlockableFutures:      at crum.a(PG:1)
07-31 12:00:20.644 30461 30611 E BlockableFutures:      at cwia.a(PG:3)
07-31 12:00:20.644 30461 30611 E BlockableFutures:      at dbzx.d(PG:2)
07-31 12:00:20.644 30461 30611 E BlockableFutures:      at dbzz.run(PG:9)
07-31 12:00:20.644 30461 30611 E BlockableFutures:      at dcbu.execute(PG:1)
07-31 12:00:20.644 30461 30611 E BlockableFutures:      at dbzt.o(PG:1)
07-31 12:00:20.644 30461 30611 E BlockableFutures:      at dbzt.b(PG:5)
07-31 12:00:20.644 30461 30611 E BlockableFutures:      at dbzz.g(PG:3)
07-31 12:00:20.644 30461 30611 E BlockableFutures:      at crud.a(PG:3)
07-31 12:00:20.644 30461 30611 E BlockableFutures:      at cwhw.a(PG:3)
07-31 12:00:20.644 30461 30611 E BlockableFutures:      at dcca.a(PG:3)
07-31 12:00:20.644 30461 30611 E BlockableFutures:      at dcen.a(PG:1)
07-31 12:00:20.644 30461 30611 E BlockableFutures:      at dcdl.run(PG:4)
07-31 12:00:20.644 30461 30611 E BlockableFutures:      at dcep.run(PG:1)
07-31 12:00:20.644 30461 30611 E BlockableFutures:      at dccc.run(PG:7)
07-31 12:00:20.644 30461 30611 E BlockableFutures:      at dcbu.execute(PG:1)
07-31 12:00:20.644 30461 30611 E BlockableFutures:      at dccc.execute(PG:10)
07-31 12:00:20.644 30461 30611 E BlockableFutures:      at dbzt.o(PG:1)
07-31 12:00:20.644 30461 30611 E BlockableFutures:      at dbzt.b(PG:5)
07-31 12:00:20.644 30461 30611 E BlockableFutures:      at dcce.c(PG:6)
07-31 12:00:20.644 30461 30611 E BlockableFutures:      at cruh.h(PG:4)
07-31 12:00:20.644 30461 30611 E BlockableFutures:      at crul.a(PG:1)
07-31 12:00:20.644 30461 30611 E BlockableFutures:      at cwia.a(PG:3)
07-31 12:00:20.644 30461 30611 E BlockableFutures:      at dbzx.d(PG:2)
07-31 12:00:20.644 30461 30611 E BlockableFutures:      at dbzz.run(PG:9)
07-31 12:00:20.644 30461 30611 E BlockableFutures:      at dcbu.execute(PG:1)
07-31 12:00:20.644 30461 30611 E BlockableFutures:      at dbzt.o(PG:1)
07-31 12:00:20.644 30461 30611 E BlockableFutures:      at dbzt.b(PG:5)
07-31 12:00:20.644 30461 30611 E BlockableFutures:      at dbzz.g(PG:3)
07-31 12:00:20.644 30461 30611 E BlockableFutures:      at cruo.a(PG:3)
07-31 12:00:20.644 30461 30611 E BlockableFutures:      at cwhw.a(PG:3)
07-31 12:00:20.644 30461 30611 E BlockableFutures:      at dcca.a(PG:3)
07-31 12:00:20.644 30461 30611 E BlockableFutures:      at dcen.a(PG:1)
07-31 12:00:20.644 30461 30611 E BlockableFutures:      at dcdl.run(PG:4)
07-31 12:00:20.644 30461 30611 E BlockableFutures:      at dcep.run(PG:1)
07-31 12:00:20.644 30461 30611 E BlockableFutures:      at dcbu.execute(PG:1)
07-31 12:00:20.644 30461 30611 E BlockableFutures:      at dccc.run(PG:8)
07-31 12:00:20.644 30461 30611 E BlockableFutures:      at dcbu.execute(PG:1)
07-31 12:00:20.644 30461 30611 E BlockableFutures:      at dccc.execute(PG:10)
07-31 12:00:20.644 30461 30611 E BlockableFutures:      at dbzt.o(PG:1)
07-31 12:00:20.644 30461 30611 E BlockableFutures:      at dbzt.j(PG:12)
07-31 12:00:20.644 30461 30611 E BlockableFutures:      at dbzt.m(PG:5)
07-31 12:00:20.644 30461 30611 E BlockableFutures:      at dcby.run(PG:2)
07-31 12:00:20.644 30461 30611 E BlockableFutures:      at dcbu.execute(PG:1)
07-31 12:00:20.644 30461 30611 E BlockableFutures:      at dbzt.o(PG:1)
07-31 12:00:20.644 30461 30611 E BlockableFutures:      at dbzt.j(PG:12)
07-31 12:00:20.644 30461 30611 E BlockableFutures:      at dbzt.m(PG:5)
07-31 12:00:20.644 30461 30611 E BlockableFutures:      at dccw.run(PG:1)
07-31 12:00:20.644 30461 30611 E BlockableFutures:      at dcbu.execute(PG:1)
07-31 12:00:20.644 30461 30611 E BlockableFutures:      at dbzt.o(PG:1)
07-31 12:00:20.644 30461 30611 E BlockableFutures:      at dbzt.j(PG:12)
07-31 12:00:20.644 30461 30611 E BlockableFutures:      at dbzt.m(PG:5)
07-31 12:00:20.644 30461 30611 E BlockableFutures:      at dccw.run(PG:1)
07-31 12:00:20.644 30461 30611 E BlockableFutures:      at dcbu.execute(PG:1)
07-31 12:00:20.644 30461 30611 E BlockableFutures:      at dbzt.o(PG:1)
07-31 12:00:20.644 30461 30611 E BlockableFutures:      at dbzt.j(PG:12)
07-31 12:00:20.644 30461 30611 E BlockableFutures:      at dbzt.m(PG:5)
07-31 12:00:20.644 30461 30611 E BlockableFutures:      at dbzx.e(PG:2)
07-31 12:00:20.644 30461 30611 E BlockableFutures:      at dbzz.run(PG:13)
07-31 12:00:20.644 30461 30611 E BlockableFutures:      at dcee.run(PG:4)
07-31 12:00:20.644 30461 30611 E BlockableFutures:      at cesn.run(PG:1)
07-31 12:00:20.644 30461 30611 E BlockableFutures:      at java.util.concurrent.ThreadPoolExecutor.runWorker(ThreadPoolExecutor.java:1145)
07-31 12:00:20.644 30461 30611 E BlockableFutures:      at java.util.concurrent.ThreadPoolExecutor$Worker.run(ThreadPoolExecutor.java:644)
07-31 12:00:20.644 30461 30611 E BlockableFutures:      at cevj.run(PG:3)
07-31 12:00:20.644 30461 30611 E BlockableFutures:      at cerq.run(PG:2)
07-31 12:00:20.644 30461 30611 E BlockableFutures:      at java.lang.Thread.run(Thread.java:1012)
07-31 12:00:20.644 30461 30611 E BlockableFutures:      at cesq.run(PG:5)
07-31 12:00:20.651 30461 30611 E BlockableFutures: Cannot block on non-blocking thread
07-31 12:00:20.651 30461 30611 E BlockableFutures: java.lang.IllegalStateException: Cannot block on non-blocking thread: BG Thread #1
07-31 12:00:20.651 30461 30611 E BlockableFutures:      at ceue.c(PG:11)
07-31 12:00:20.651 30461 30611 E BlockableFutures:      at ceue.a(PG:1)
07-31 12:00:20.651 30461 30611 E BlockableFutures:      at avfa.call(PG:349)
07-31 12:00:20.651 30461 30611 E BlockableFutures:      at android.content.ContentProvider.call(ContentProvider.java:2690)
07-31 12:00:20.651 30461 30611 E BlockableFutures:      at avdk.call(PG:2)
07-31 12:00:20.651 30461 30611 E BlockableFutures:      at android.content.ContentProvider$Transport.call(ContentProvider.java:628)
07-31 12:00:20.651 30461 30611 E BlockableFutures:      at android.content.ContentResolver.call(ContentResolver.java:2470)
07-31 12:00:20.651 30461 30611 E BlockableFutures:      at android.content.ContentResolver.call(ContentResolver.java:2450)
07-31 12:00:20.651 30461 30611 E BlockableFutures:      at bzqz.f(PG:6)
07-31 12:00:20.651 30461 30611 E BlockableFutures:      at bzqz.d(PG:1)
07-31 12:00:20.651 30461 30611 E BlockableFutures:      at bzpy.a(PG:3)
07-31 12:00:20.651 30461 30611 E BlockableFutures:      at bwpe.ap(PG:9)
07-31 12:00:20.651 30461 30611 E BlockableFutures:      at bwpe.ao(PG:8)
07-31 12:00:20.651 30461 30611 E BlockableFutures:      at bwpe.a(PG:1)
07-31 12:00:20.651 30461 30611 E BlockableFutures:      at byec.k(PG:12)
07-31 12:00:20.651 30461 30611 E BlockableFutures:      at byec.c(PG:1)
07-31 12:00:20.651 30461 30611 E BlockableFutures:      at bxku.b(PG:1)
07-31 12:00:20.651 30461 30611 E BlockableFutures:      at bwla.C(PG:12)
07-31 12:00:20.651 30461 30611 E BlockableFutures:      at bwlv.u(PG:1)
07-31 12:00:20.651 30461 30611 E BlockableFutures:      at bwmb.e(PG:7)
07-31 12:00:20.651 30461 30611 E BlockableFutures:      at bydv.c(PG:25)
07-31 12:00:20.651 30461 30611 E BlockableFutures:      at bycx.apply(PG:1)
07-31 12:00:20.651 30461 30611 E BlockableFutures:      at bydn.apply(PG:1)
07-31 12:00:20.651 30461 30611 E BlockableFutures:      at crum.a(PG:1)
07-31 12:00:20.651 30461 30611 E BlockableFutures:      at cwia.a(PG:3)
07-31 12:00:20.651 30461 30611 E BlockableFutures:      at dbzx.d(PG:2)
07-31 12:00:20.651 30461 30611 E BlockableFutures:      at dbzz.run(PG:9)
07-31 12:00:20.651 30461 30611 E BlockableFutures:      at dcbu.execute(PG:1)
07-31 12:00:20.651 30461 30611 E BlockableFutures:      at dbzt.o(PG:1)
07-31 12:00:20.651 30461 30611 E BlockableFutures:      at dbzt.b(PG:5)
07-31 12:00:20.651 30461 30611 E BlockableFutures:      at dbzz.g(PG:3)
07-31 12:00:20.651 30461 30611 E BlockableFutures:      at crud.a(PG:3)
07-31 12:00:20.651 30461 30611 E BlockableFutures:      at cwhw.a(PG:3)
07-31 12:00:20.651 30461 30611 E BlockableFutures:      at dcca.a(PG:3)
07-31 12:00:20.651 30461 30611 E BlockableFutures:      at dcen.a(PG:1)
07-31 12:00:20.651 30461 30611 E BlockableFutures:      at dcdl.run(PG:4)
07-31 12:00:20.651 30461 30611 E BlockableFutures:      at dcep.run(PG:1)
07-31 12:00:20.651 30461 30611 E BlockableFutures:      at dccc.run(PG:7)
07-31 12:00:20.651 30461 30611 E BlockableFutures:      at dcbu.execute(PG:1)
07-31 12:00:20.651 30461 30611 E BlockableFutures:      at dccc.execute(PG:10)
07-31 12:00:20.651 30461 30611 E BlockableFutures:      at dbzt.o(PG:1)
07-31 12:00:20.651 30461 30611 E BlockableFutures:      at dbzt.b(PG:5)
07-31 12:00:20.651 30461 30611 E BlockableFutures:      at dcce.c(PG:6)
07-31 12:00:20.651 30461 30611 E BlockableFutures:      at cruh.h(PG:4)
07-31 12:00:20.651 30461 30611 E BlockableFutures:      at crul.a(PG:1)
07-31 12:00:20.651 30461 30611 E BlockableFutures:      at cwia.a(PG:3)
07-31 12:00:20.651 30461 30611 E BlockableFutures:      at dbzx.d(PG:2)
07-31 12:00:20.651 30461 30611 E BlockableFutures:      at dbzz.run(PG:9)
07-31 12:00:20.651 30461 30611 E BlockableFutures:      at dcbu.execute(PG:1)
07-31 12:00:20.651 30461 30611 E BlockableFutures:      at dbzt.o(PG:1)
07-31 12:00:20.651 30461 30611 E BlockableFutures:      at dbzt.b(PG:5)
07-31 12:00:20.651 30461 30611 E BlockableFutures:      at dbzz.g(PG:3)
07-31 12:00:20.651 30461 30611 E BlockableFutures:      at cruo.a(PG:3)
07-31 12:00:20.651 30461 30611 E BlockableFutures:      at cwhw.a(PG:3)
07-31 12:00:20.651 30461 30611 E BlockableFutures:      at dcca.a(PG:3)
07-31 12:00:20.651 30461 30611 E BlockableFutures:      at dcen.a(PG:1)
07-31 12:00:20.651 30461 30611 E BlockableFutures:      at dcdl.run(PG:4)
07-31 12:00:20.651 30461 30611 E BlockableFutures:      at dcep.run(PG:1)
07-31 12:00:20.651 30461 30611 E BlockableFutures:      at dcbu.execute(PG:1)
07-31 12:00:20.651 30461 30611 E BlockableFutures:      at dccc.run(PG:8)
07-31 12:00:20.651 30461 30611 E BlockableFutures:      at dcbu.execute(PG:1)
07-31 12:00:20.651 30461 30611 E BlockableFutures:      at dccc.execute(PG:10)
07-31 12:00:20.651 30461 30611 E BlockableFutures:      at dbzt.o(PG:1)
07-31 12:00:20.651 30461 30611 E BlockableFutures:      at dbzt.j(PG:12)
07-31 12:00:20.651 30461 30611 E BlockableFutures:      at dbzt.m(PG:5)
07-31 12:00:20.651 30461 30611 E BlockableFutures:      at dcby.run(PG:2)
07-31 12:00:20.651 30461 30611 E BlockableFutures:      at dcbu.execute(PG:1)
07-31 12:00:20.651 30461 30611 E BlockableFutures:      at dbzt.o(PG:1)
07-31 12:00:20.651 30461 30611 E BlockableFutures:      at dbzt.j(PG:12)
07-31 12:00:20.651 30461 30611 E BlockableFutures:      at dbzt.m(PG:5)
07-31 12:00:20.651 30461 30611 E BlockableFutures:      at dccw.run(PG:1)
07-31 12:00:20.651 30461 30611 E BlockableFutures:      at dcbu.execute(PG:1)
07-31 12:00:20.651 30461 30611 E BlockableFutures:      at dbzt.o(PG:1)
07-31 12:00:20.651 30461 30611 E BlockableFutures:      at dbzt.j(PG:12)
07-31 12:00:20.651 30461 30611 E BlockableFutures:      at dbzt.m(PG:5)
07-31 12:00:20.651 30461 30611 E BlockableFutures:      at dccw.run(PG:1)
07-31 12:00:20.651 30461 30611 E BlockableFutures:      at dcbu.execute(PG:1)
07-31 12:00:20.651 30461 30611 E BlockableFutures:      at dbzt.o(PG:1)
07-31 12:00:20.651 30461 30611 E BlockableFutures:      at dbzt.j(PG:12)
07-31 12:00:20.651 30461 30611 E BlockableFutures:      at dbzt.m(PG:5)
07-31 12:00:20.651 30461 30611 E BlockableFutures:      at dbzx.e(PG:2)
07-31 12:00:20.651 30461 30611 E BlockableFutures:      at dbzz.run(PG:13)
07-31 12:00:20.651 30461 30611 E BlockableFutures:      at dcee.run(PG:4)
07-31 12:00:20.651 30461 30611 E BlockableFutures:      at cesn.run(PG:1)
07-31 12:00:20.651 30461 30611 E BlockableFutures:      at java.util.concurrent.ThreadPoolExecutor.runWorker(ThreadPoolExecutor.java:1145)
07-31 12:00:20.651 30461 30611 E BlockableFutures:      at java.util.concurrent.ThreadPoolExecutor$Worker.run(ThreadPoolExecutor.java:644)
07-31 12:00:20.651 30461 30611 E BlockableFutures:      at cevj.run(PG:3)
07-31 12:00:20.651 30461 30611 E BlockableFutures:      at cerq.run(PG:2)
07-31 12:00:20.651 30461 30611 E BlockableFutures:      at java.lang.Thread.run(Thread.java:1012)
07-31 12:00:20.651 30461 30611 E BlockableFutures:      at cesq.run(PG:5)
07-31 12:00:20.686 30461 30611 E BlockableFutures: Cannot block on non-blocking thread
07-31 12:00:20.686 30461 30611 E BlockableFutures: java.lang.IllegalStateException: Cannot block on non-blocking thread: BG Thread #1
07-31 12:00:20.686 30461 30611 E BlockableFutures:      at ceue.c(PG:11)
07-31 12:00:20.686 30461 30611 E BlockableFutures:      at ceue.a(PG:1)
07-31 12:00:20.686 30461 30611 E BlockableFutures:      at avfa.call(PG:349)
07-31 12:00:20.686 30461 30611 E BlockableFutures:      at android.content.ContentProvider.call(ContentProvider.java:2690)
07-31 12:00:20.686 30461 30611 E BlockableFutures:      at avdk.call(PG:2)
07-31 12:00:20.686 30461 30611 E BlockableFutures:      at android.content.ContentProvider$Transport.call(ContentProvider.java:628)
07-31 12:00:20.686 30461 30611 E BlockableFutures:      at android.content.ContentResolver.call(ContentResolver.java:2470)
07-31 12:00:20.686 30461 30611 E BlockableFutures:      at android.content.ContentResolver.call(ContentResolver.java:2450)
07-31 12:00:20.686 30461 30611 E BlockableFutures:      at bzqz.f(PG:6)
07-31 12:00:20.686 30461 30611 E BlockableFutures:      at bzqz.d(PG:1)
07-31 12:00:20.686 30461 30611 E BlockableFutures:      at bzpy.a(PG:3)
07-31 12:00:20.686 30461 30611 E BlockableFutures:      at bwpe.ap(PG:9)
07-31 12:00:20.686 30461 30611 E BlockableFutures:      at bwpe.ao(PG:8)
07-31 12:00:20.686 30461 30611 E BlockableFutures:      at bwpe.a(PG:1)
07-31 12:00:20.686 30461 30611 E BlockableFutures:      at byec.o(PG:4)
07-31 12:00:20.686 30461 30611 E BlockableFutures:      at byec.k(PG:4)
07-31 12:00:20.686 30461 30611 E BlockableFutures:      at byec.c(PG:1)
07-31 12:00:20.686 30461 30611 E BlockableFutures:      at bxku.b(PG:1)
07-31 12:00:20.686 30461 30611 E BlockableFutures:      at bwla.C(PG:12)
07-31 12:00:20.686 30461 30611 E BlockableFutures:      at bwlv.u(PG:1)
07-31 12:00:20.686 30461 30611 E BlockableFutures:      at bwmb.e(PG:7)
07-31 12:00:20.686 30461 30611 E BlockableFutures:      at bydv.c(PG:25)
07-31 12:00:20.686 30461 30611 E BlockableFutures:      at bycx.apply(PG:1)
07-31 12:00:20.686 30461 30611 E BlockableFutures:      at bydn.apply(PG:1)
07-31 12:00:20.686 30461 30611 E BlockableFutures:      at crum.a(PG:1)
07-31 12:00:20.686 30461 30611 E BlockableFutures:      at cwia.a(PG:3)
07-31 12:00:20.686 30461 30611 E BlockableFutures:      at dbzx.d(PG:2)
07-31 12:00:20.686 30461 30611 E BlockableFutures:      at dbzz.run(PG:9)
07-31 12:00:20.686 30461 30611 E BlockableFutures:      at dcbu.execute(PG:1)
07-31 12:00:20.686 30461 30611 E BlockableFutures:      at dbzt.o(PG:1)
07-31 12:00:20.686 30461 30611 E BlockableFutures:      at dbzt.b(PG:5)
07-31 12:00:20.686 30461 30611 E BlockableFutures:      at dbzz.g(PG:3)
07-31 12:00:20.686 30461 30611 E BlockableFutures:      at crud.a(PG:3)
07-31 12:00:20.686 30461 30611 E BlockableFutures:      at cwhw.a(PG:3)
07-31 12:00:20.686 30461 30611 E BlockableFutures:      at dcca.a(PG:3)
07-31 12:00:20.686 30461 30611 E BlockableFutures:      at dcen.a(PG:1)
07-31 12:00:20.686 30461 30611 E BlockableFutures:      at dcdl.run(PG:4)
07-31 12:00:20.686 30461 30611 E BlockableFutures:      at dcep.run(PG:1)
07-31 12:00:20.686 30461 30611 E BlockableFutures:      at dccc.run(PG:7)
07-31 12:00:20.686 30461 30611 E BlockableFutures:      at dcbu.execute(PG:1)
07-31 12:00:20.686 30461 30611 E BlockableFutures:      at dccc.execute(PG:10)
07-31 12:00:20.686 30461 30611 E BlockableFutures:      at dbzt.o(PG:1)
07-31 12:00:20.686 30461 30611 E BlockableFutures:      at dbzt.b(PG:5)
07-31 12:00:20.686 30461 30611 E BlockableFutures:      at dcce.c(PG:6)
07-31 12:00:20.686 30461 30611 E BlockableFutures:      at cruh.h(PG:4)
07-31 12:00:20.686 30461 30611 E BlockableFutures:      at crul.a(PG:1)
07-31 12:00:20.686 30461 30611 E BlockableFutures:      at cwia.a(PG:3)
07-31 12:00:20.686 30461 30611 E BlockableFutures:      at dbzx.d(PG:2)
07-31 12:00:20.686 30461 30611 E BlockableFutures:      at dbzz.run(PG:9)
07-31 12:00:20.686 30461 30611 E BlockableFutures:      at dcbu.execute(PG:1)
07-31 12:00:20.686 30461 30611 E BlockableFutures:      at dbzt.o(PG:1)
07-31 12:00:20.686 30461 30611 E BlockableFutures:      at dbzt.b(PG:5)
07-31 12:00:20.686 30461 30611 E BlockableFutures:      at dbzz.g(PG:3)
07-31 12:00:20.686 30461 30611 E BlockableFutures:      at cruo.a(PG:3)
07-31 12:00:20.686 30461 30611 E BlockableFutures:      at cwhw.a(PG:3)
07-31 12:00:20.686 30461 30611 E BlockableFutures:      at dcca.a(PG:3)
07-31 12:00:20.686 30461 30611 E BlockableFutures:      at dcen.a(PG:1)
07-31 12:00:20.686 30461 30611 E BlockableFutures:      at dcdl.run(PG:4)
07-31 12:00:20.686 30461 30611 E BlockableFutures:      at dcep.run(PG:1)
07-31 12:00:20.686 30461 30611 E BlockableFutures:      at dcbu.execute(PG:1)
07-31 12:00:20.686 30461 30611 E BlockableFutures:      at dccc.run(PG:8)
07-31 12:00:20.686 30461 30611 E BlockableFutures:      at dcbu.execute(PG:1)
07-31 12:00:20.686 30461 30611 E BlockableFutures:      at dccc.execute(PG:10)
07-31 12:00:20.686 30461 30611 E BlockableFutures:      at dbzt.o(PG:1)
07-31 12:00:20.686 30461 30611 E BlockableFutures:      at dbzt.j(PG:12)
07-31 12:00:20.686 30461 30611 E BlockableFutures:      at dbzt.m(PG:5)
07-31 12:00:20.686 30461 30611 E BlockableFutures:      at dcby.run(PG:2)
07-31 12:00:20.686 30461 30611 E BlockableFutures:      at dcbu.execute(PG:1)
07-31 12:00:20.686 30461 30611 E BlockableFutures:      at dbzt.o(PG:1)
07-31 12:00:20.686 30461 30611 E BlockableFutures:      at dbzt.j(PG:12)
07-31 12:00:20.686 30461 30611 E BlockableFutures:      at dbzt.m(PG:5)
07-31 12:00:20.686 30461 30611 E BlockableFutures:      at dccw.run(PG:1)
07-31 12:00:20.686 30461 30611 E BlockableFutures:      at dcbu.execute(PG:1)
07-31 12:00:20.686 30461 30611 E BlockableFutures:      at dbzt.o(PG:1)
07-31 12:00:20.686 30461 30611 E BlockableFutures:      at dbzt.j(PG:12)
07-31 12:00:20.686 30461 30611 E BlockableFutures:      at dbzt.m(PG:5)
07-31 12:00:20.686 30461 30611 E BlockableFutures:      at dccw.run(PG:1)
07-31 12:00:20.686 30461 30611 E BlockableFutures:      at dcbu.execute(PG:1)
07-31 12:00:20.686 30461 30611 E BlockableFutures:      at dbzt.o(PG:1)
07-31 12:00:20.686 30461 30611 E BlockableFutures:      at dbzt.j(PG:12)
07-31 12:00:20.686 30461 30611 E BlockableFutures:      at dbzt.m(PG:5)
07-31 12:00:20.686 30461 30611 E BlockableFutures:      at dbzx.e(PG:2)
07-31 12:00:20.686 30461 30611 E BlockableFutures:      at dbzz.run(PG:13)
07-31 12:00:20.686 30461 30611 E BlockableFutures:      at dcee.run(PG:4)
07-31 12:00:20.686 30461 30611 E BlockableFutures:      at cesn.run(PG:1)
07-31 12:00:20.686 30461 30611 E BlockableFutures:      at java.util.concurrent.ThreadPoolExecutor.runWorker(ThreadPoolExecutor.java:1145)
07-31 12:00:20.686 30461 30611 E BlockableFutures:      at java.util.concurrent.ThreadPoolExecutor$Worker.run(ThreadPoolExecutor.java:644)
07-31 12:00:20.686 30461 30611 E BlockableFutures:      at cevj.run(PG:3)
07-31 12:00:20.686 30461 30611 E BlockableFutures:      at cerq.run(PG:2)
07-31 12:00:20.686 30461 30611 E BlockableFutures:      at java.lang.Thread.run(Thread.java:1012)
07-31 12:00:20.686 30461 30611 E BlockableFutures:      at cesq.run(PG:5)
07-31 12:00:20.695 30461 30611 E BlockableFutures: Cannot block on non-blocking thread
07-31 12:00:20.695 30461 30611 E BlockableFutures: java.lang.IllegalStateException: Cannot block on non-blocking thread: BG Thread #1
07-31 12:00:20.695 30461 30611 E BlockableFutures:      at ceue.c(PG:11)
07-31 12:00:20.695 30461 30611 E BlockableFutures:      at ceue.a(PG:1)
07-31 12:00:20.695 30461 30611 E BlockableFutures:      at avfa.call(PG:349)
07-31 12:00:20.695 30461 30611 E BlockableFutures:      at android.content.ContentProvider.call(ContentProvider.java:2690)
07-31 12:00:20.695 30461 30611 E BlockableFutures:      at avdk.call(PG:2)
07-31 12:00:20.695 30461 30611 E BlockableFutures:      at android.content.ContentProvider$Transport.call(ContentProvider.java:628)
07-31 12:00:20.695 30461 30611 E BlockableFutures:      at android.content.ContentResolver.call(ContentResolver.java:2470)
07-31 12:00:20.695 30461 30611 E BlockableFutures:      at android.content.ContentResolver.call(ContentResolver.java:2450)
07-31 12:00:20.695 30461 30611 E BlockableFutures:      at bzqz.f(PG:6)
07-31 12:00:20.695 30461 30611 E BlockableFutures:      at bzqz.d(PG:1)
07-31 12:00:20.695 30461 30611 E BlockableFutures:      at bzpy.a(PG:3)
07-31 12:00:20.695 30461 30611 E BlockableFutures:      at bwpe.ap(PG:9)
07-31 12:00:20.695 30461 30611 E BlockableFutures:      at bwpe.ao(PG:8)
07-31 12:00:20.695 30461 30611 E BlockableFutures:      at bwpe.a(PG:1)
07-31 12:00:20.695 30461 30611 E BlockableFutures:      at byec.k(PG:12)
07-31 12:00:20.695 30461 30611 E BlockableFutures:      at byec.c(PG:1)
07-31 12:00:20.695 30461 30611 E BlockableFutures:      at bxku.b(PG:1)
07-31 12:00:20.695 30461 30611 E BlockableFutures:      at bwla.C(PG:12)
07-31 12:00:20.695 30461 30611 E BlockableFutures:      at bwlv.u(PG:1)
07-31 12:00:20.695 30461 30611 E BlockableFutures:      at bwmb.e(PG:7)
07-31 12:00:20.695 30461 30611 E BlockableFutures:      at bydv.c(PG:25)
07-31 12:00:20.695 30461 30611 E BlockableFutures:      at bycx.apply(PG:1)
07-31 12:00:20.695 30461 30611 E BlockableFutures:      at bydn.apply(PG:1)
07-31 12:00:20.695 30461 30611 E BlockableFutures:      at crum.a(PG:1)
07-31 12:00:20.695 30461 30611 E BlockableFutures:      at cwia.a(PG:3)
07-31 12:00:20.695 30461 30611 E BlockableFutures:      at dbzx.d(PG:2)
07-31 12:00:20.695 30461 30611 E BlockableFutures:      at dbzz.run(PG:9)
07-31 12:00:20.695 30461 30611 E BlockableFutures:      at dcbu.execute(PG:1)
07-31 12:00:20.695 30461 30611 E BlockableFutures:      at dbzt.o(PG:1)
07-31 12:00:20.695 30461 30611 E BlockableFutures:      at dbzt.b(PG:5)
07-31 12:00:20.695 30461 30611 E BlockableFutures:      at dbzz.g(PG:3)
07-31 12:00:20.695 30461 30611 E BlockableFutures:      at crud.a(PG:3)
07-31 12:00:20.695 30461 30611 E BlockableFutures:      at cwhw.a(PG:3)
07-31 12:00:20.695 30461 30611 E BlockableFutures:      at dcca.a(PG:3)
07-31 12:00:20.695 30461 30611 E BlockableFutures:      at dcen.a(PG:1)
07-31 12:00:20.695 30461 30611 E BlockableFutures:      at dcdl.run(PG:4)
07-31 12:00:20.695 30461 30611 E BlockableFutures:      at dcep.run(PG:1)
07-31 12:00:20.695 30461 30611 E BlockableFutures:      at dccc.run(PG:7)
07-31 12:00:20.695 30461 30611 E BlockableFutures:      at dcbu.execute(PG:1)
07-31 12:00:20.695 30461 30611 E BlockableFutures:      at dccc.execute(PG:10)
07-31 12:00:20.695 30461 30611 E BlockableFutures:      at dbzt.o(PG:1)
07-31 12:00:20.695 30461 30611 E BlockableFutures:      at dbzt.b(PG:5)
07-31 12:00:20.695 30461 30611 E BlockableFutures:      at dcce.c(PG:6)
07-31 12:00:20.695 30461 30611 E BlockableFutures:      at cruh.h(PG:4)
07-31 12:00:20.695 30461 30611 E BlockableFutures:      at crul.a(PG:1)
07-31 12:00:20.695 30461 30611 E BlockableFutures:      at cwia.a(PG:3)
07-31 12:00:20.695 30461 30611 E BlockableFutures:      at dbzx.d(PG:2)
07-31 12:00:20.695 30461 30611 E BlockableFutures:      at dbzz.run(PG:9)
07-31 12:00:20.695 30461 30611 E BlockableFutures:      at dcbu.execute(PG:1)
07-31 12:00:20.695 30461 30611 E BlockableFutures:      at dbzt.o(PG:1)
07-31 12:00:20.695 30461 30611 E BlockableFutures:      at dbzt.b(PG:5)
07-31 12:00:20.695 30461 30611 E BlockableFutures:      at dbzz.g(PG:3)
07-31 12:00:20.695 30461 30611 E BlockableFutures:      at cruo.a(PG:3)
07-31 12:00:20.695 30461 30611 E BlockableFutures:      at cwhw.a(PG:3)
07-31 12:00:20.695 30461 30611 E BlockableFutures:      at dcca.a(PG:3)
07-31 12:00:20.695 30461 30611 E BlockableFutures:      at dcen.a(PG:1)
07-31 12:00:20.695 30461 30611 E BlockableFutures:      at dcdl.run(PG:4)
07-31 12:00:20.695 30461 30611 E BlockableFutures:      at dcep.run(PG:1)
07-31 12:00:20.695 30461 30611 E BlockableFutures:      at dcbu.execute(PG:1)
07-31 12:00:20.695 30461 30611 E BlockableFutures:      at dccc.run(PG:8)
07-31 12:00:20.695 30461 30611 E BlockableFutures:      at dcbu.execute(PG:1)
07-31 12:00:20.695 30461 30611 E BlockableFutures:      at dccc.execute(PG:10)
07-31 12:00:20.695 30461 30611 E BlockableFutures:      at dbzt.o(PG:1)
07-31 12:00:20.695 30461 30611 E BlockableFutures:      at dbzt.j(PG:12)
07-31 12:00:20.695 30461 30611 E BlockableFutures:      at dbzt.m(PG:5)
07-31 12:00:20.695 30461 30611 E BlockableFutures:      at dcby.run(PG:2)
07-31 12:00:20.695 30461 30611 E BlockableFutures:      at dcbu.execute(PG:1)
07-31 12:00:20.695 30461 30611 E BlockableFutures:      at dbzt.o(PG:1)
07-31 12:00:20.695 30461 30611 E BlockableFutures:      at dbzt.j(PG:12)
07-31 12:00:20.695 30461 30611 E BlockableFutures:      at dbzt.m(PG:5)
07-31 12:00:20.695 30461 30611 E BlockableFutures:      at dccw.run(PG:1)
07-31 12:00:20.695 30461 30611 E BlockableFutures:      at dcbu.execute(PG:1)
07-31 12:00:20.695 30461 30611 E BlockableFutures:      at dbzt.o(PG:1)
07-31 12:00:20.695 30461 30611 E BlockableFutures:      at dbzt.j(PG:12)
07-31 12:00:20.695 30461 30611 E BlockableFutures:      at dbzt.m(PG:5)
07-31 12:00:20.695 30461 30611 E BlockableFutures:      at dccw.run(PG:1)
07-31 12:00:20.695 30461 30611 E BlockableFutures:      at dcbu.execute(PG:1)
07-31 12:00:20.695 30461 30611 E BlockableFutures:      at dbzt.o(PG:1)
07-31 12:00:20.695 30461 30611 E BlockableFutures:      at dbzt.j(PG:12)
07-31 12:00:20.695 30461 30611 E BlockableFutures:      at dbzt.m(PG:5)
07-31 12:00:20.695 30461 30611 E BlockableFutures:      at dbzx.e(PG:2)
07-31 12:00:20.695 30461 30611 E BlockableFutures:      at dbzz.run(PG:13)
07-31 12:00:20.695 30461 30611 E BlockableFutures:      at dcee.run(PG:4)
07-31 12:00:20.695 30461 30611 E BlockableFutures:      at cesn.run(PG:1)
07-31 12:00:20.695 30461 30611 E BlockableFutures:      at java.util.concurrent.ThreadPoolExecutor.runWorker(ThreadPoolExecutor.java:1145)
07-31 12:00:20.695 30461 30611 E BlockableFutures:      at java.util.concurrent.ThreadPoolExecutor$Worker.run(ThreadPoolExecutor.java:644)
07-31 12:00:20.695 30461 30611 E BlockableFutures:      at cevj.run(PG:3)
07-31 12:00:20.695 30461 30611 E BlockableFutures:      at cerq.run(PG:2)
07-31 12:00:20.695 30461 30611 E BlockableFutures:      at java.lang.Thread.run(Thread.java:1012)
07-31 12:00:20.695 30461 30611 E BlockableFutures:      at cesq.run(PG:5)
07-31 12:00:22.557  1492  1768 E WifiStaIfaceHidlImpl: getLinkLayerStatsV1_5 failed with status: {.code = ERROR_UNKNOWN, .description = unknown}
07-31 12:00:23.527   846   928 E Accelerometer: x:y:z=[-0.191000,-0.134000,9.797000]
07-31 12:00:25.586  1492  1768 E WifiStaIfaceHidlImpl: getLinkLayerStatsV1_5 failed with status: {.code = ERROR_UNKNOWN, .description = unknown}
07-31 12:00:26.212  1930  2122 E NetworkController.MobileSignalController(1): notifyListeners showDataIcon = false , dataDisconneted = true , activityIn = false , activityOut = false , mCurrentState.dataConnected = false , mCurrentState.isDefault = false , typeIcon = 0 , statusIcon.visible = true , mCurrentState.roaming = false , isWfcEnabl = false , volteIcon = 0
07-31 12:00:28.616  1492  1768 E WifiStaIfaceHidlImpl: getLinkLayerStatsV1_5 failed with status: {.code = ERROR_UNKNOWN, .description = unknown}
07-31 12:00:31.335  1930  2122 E NetworkController.MobileSignalController(1): notifyListeners showDataIcon = false , dataDisconneted = true , activityIn = false , activityOut = false , mCurrentState.dataConnected = false , mCurrentState.isDefault = false , typeIcon = 0 , statusIcon.visible = true , mCurrentState.roaming = false , isWfcEnabl = false , volteIcon = 0
07-31 12:00:31.644  1492  1768 E WifiStaIfaceHidlImpl: getLinkLayerStatsV1_5 failed with status: {.code = ERROR_UNKNOWN, .description = unknown}
07-31 12:00:33.528   846   928 E Accelerometer: x:y:z=[-0.181000,-0.134000,9.816000]
07-31 12:00:34.679  1492  1768 E WifiStaIfaceHidlImpl: getLinkLayerStatsV1_5 failed with status: {.code = ERROR_UNKNOWN, .description = unknown}
07-31 12:00:36.447  1930  2122 E NetworkController.MobileSignalController(1): notifyListeners showDataIcon = false , dataDisconneted = true , activityIn = false , activityOut = false , mCurrentState.dataConnected = false , mCurrentState.isDefault = false , typeIcon = 0 , statusIcon.visible = true , mCurrentState.roaming = false , isWfcEnabl = false , volteIcon = 0
07-31 12:00:37.712  1492  1768 E WifiStaIfaceHidlImpl: getLinkLayerStatsV1_5 failed with status: {.code = ERROR_UNKNOWN, .description = unknown}
07-31 12:00:40.740  1492  1768 E WifiStaIfaceHidlImpl: getLinkLayerStatsV1_5 failed with status: {.code = ERROR_UNKNOWN, .description = unknown}
07-31 12:00:43.527   846   928 E Accelerometer: x:y:z=[-0.191000,-0.153000,9.816000]
07-31 12:00:43.762  1492  1768 E WifiStaIfaceHidlImpl: getLinkLayerStatsV1_5 failed with status: {.code = ERROR_UNKNOWN, .description = unknown}
07-31 12:00:46.798  1492  1768 E WifiStaIfaceHidlImpl: getLinkLayerStatsV1_5 failed with status: {.code = ERROR_UNKNOWN, .description = unknown}
07-31 12:00:49.831  1492  1768 E WifiStaIfaceHidlImpl: getLinkLayerStatsV1_5 failed with status: {.code = ERROR_UNKNOWN, .description = unknown}
07-31 12:00:51.214  1492 12724 E GnssPsdsDownloader: No Long-Term PSDS servers were specified in the GnssConfiguration
07-31 12:00:52.858  1492  1768 E WifiStaIfaceHidlImpl: getLinkLayerStatsV1_5 failed with status: {.code = ERROR_UNKNOWN, .description = unknown}
07-31 12:00:53.527   846   928 E Accelerometer: x:y:z=[-0.229000,-0.114000,9.807000]
07-31 12:00:55.893  1492  1768 E WifiStaIfaceHidlImpl: getLinkLayerStatsV1_5 failed with status: {.code = ERROR_UNKNOWN, .description = unknown}
07-31 12:00:58.929  1492  1768 E WifiStaIfaceHidlImpl: getLinkLayerStatsV1_5 failed with status: {.code = ERROR_UNKNOWN, .description = unknown}
07-31 12:01:00.146   853   909 E mtkpower@impl: [setMode] unknown type
07-31 12:01:00.209   853   909 E mtkpower@impl: [setMode] unknown type
07-31 12:01:01.963  1492  1768 E WifiStaIfaceHidlImpl: getLinkLayerStatsV1_5 failed with status: {.code = ERROR_UNKNOWN, .description = unknown}
07-31 12:01:03.528   846   928 E Accelerometer: x:y:z=[-0.210000,-0.114000,9.816000]
07-31 12:01:04.999  1492  1768 E WifiStaIfaceHidlImpl: getLinkLayerStatsV1_5 failed with status: {.code = ERROR_UNKNOWN, .description = unknown}
07-31 12:01:08.034  1492  1768 E WifiStaIfaceHidlImpl: getLinkLayerStatsV1_5 failed with status: {.code = ERROR_UNKNOWN, .description = unknown}
07-31 12:01:11.067  1492  1768 E WifiStaIfaceHidlImpl: getLinkLayerStatsV1_5 failed with status: {.code = ERROR_UNKNOWN, .description = unknown}
07-31 12:01:12.289  1930  2122 E NetworkController.MobileSignalController(1): notifyListeners showDataIcon = false , dataDisconneted = true , activityIn = false , activityOut = false , mCurrentState.dataConnected = false , mCurrentState.isDefault = false , typeIcon = 0 , statusIcon.visible = true , mCurrentState.roaming = false , isWfcEnabl = false , volteIcon = 0
07-31 12:01:13.528   846   928 E Accelerometer: x:y:z=[-0.210000,-0.134000,9.787000]
07-31 12:01:14.095  1492  1768 E WifiStaIfaceHidlImpl: getLinkLayerStatsV1_5 failed with status: {.code = ERROR_UNKNOWN, .description = unknown}
07-31 12:01:17.130  1492  1768 E WifiStaIfaceHidlImpl: getLinkLayerStatsV1_5 failed with status: {.code = ERROR_UNKNOWN, .description = unknown}
07-31 12:01:17.412  1930  2122 E NetworkController.MobileSignalController(1): notifyListeners showDataIcon = false , dataDisconneted = true , activityIn = false , activityOut = false , mCurrentState.dataConnected = false , mCurrentState.isDefault = false , typeIcon = 0 , statusIcon.visible = true , mCurrentState.roaming = false , isWfcEnabl = false , volteIcon = 0
07-31 12:01:20.166  1492  1768 E WifiStaIfaceHidlImpl: getLinkLayerStatsV1_5 failed with status: {.code = ERROR_UNKNOWN, .description = unknown}
07-31 12:01:23.201  1492  1768 E WifiStaIfaceHidlImpl: getLinkLayerStatsV1_5 failed with status: {.code = ERROR_UNKNOWN, .description = unknown}
07-31 12:01:23.527   846   928 E Accelerometer: x:y:z=[-0.191000,-0.134000,9.816000]
07-31 12:01:26.235  1492  1768 E WifiStaIfaceHidlImpl: getLinkLayerStatsV1_5 failed with status: {.code = ERROR_UNKNOWN, .description = unknown}
07-31 12:01:27.654  1930  2122 E NetworkController.MobileSignalController(1): notifyListeners showDataIcon = false , dataDisconneted = true , activityIn = false , activityOut = false , mCurrentState.dataConnected = false , mCurrentState.isDefault = false , typeIcon = 0 , statusIcon.visible = true , mCurrentState.roaming = false , isWfcEnabl = false , volteIcon = 0
07-31 12:01:29.259  1492  1768 E WifiStaIfaceHidlImpl: getLinkLayerStatsV1_5 failed with status: {.code = ERROR_UNKNOWN, .description = unknown}
07-31 12:01:32.294  1492  1768 E WifiStaIfaceHidlImpl: getLinkLayerStatsV1_5 failed with status: {.code = ERROR_UNKNOWN, .description = unknown}
07-31 12:01:32.776  1930  2122 E NetworkController.MobileSignalController(1): notifyListeners showDataIcon = false , dataDisconneted = true , activityIn = false , activityOut = false , mCurrentState.dataConnected = false , mCurrentState.isDefault = false , typeIcon = 0 , statusIcon.visible = true , mCurrentState.roaming = false , isWfcEnabl = false , volteIcon = 0
07-31 12:01:33.527   846   928 E Accelerometer: x:y:z=[-0.220000,-0.181000,9.816000]
07-31 12:01:35.327  1492  1768 E WifiStaIfaceHidlImpl: getLinkLayerStatsV1_5 failed with status: {.code = ERROR_UNKNOWN, .description = unknown}
07-31 12:01:38.363  1492  1768 E WifiStaIfaceHidlImpl: getLinkLayerStatsV1_5 failed with status: {.code = ERROR_UNKNOWN, .description = unknown}
07-31 12:01:41.399  1492  1768 E WifiStaIfaceHidlImpl: getLinkLayerStatsV1_5 failed with status: {.code = ERROR_UNKNOWN, .description = unknown}
07-31 12:01:43.007  1930  2122 E NetworkController.MobileSignalController(1): notifyListeners showDataIcon = false , dataDisconneted = true , activityIn = false , activityOut = false , mCurrentState.dataConnected = false , mCurrentState.isDefault = false , typeIcon = 0 , statusIcon.visible = true , mCurrentState.roaming = false , isWfcEnabl = false , volteIcon = 0
07-31 12:01:43.527   846   928 E Accelerometer: x:y:z=[-0.210000,-0.134000,9.787000]
07-31 12:01:44.430  1492  1768 E WifiStaIfaceHidlImpl: getLinkLayerStatsV1_5 failed with status: {.code = ERROR_UNKNOWN, .description = unknown}
07-31 12:01:47.467  1492  1768 E WifiStaIfaceHidlImpl: getLinkLayerStatsV1_5 failed with status: {.code = ERROR_UNKNOWN, .description = unknown}
07-31 12:01:48.134  1930  2122 E NetworkController.MobileSignalController(1): notifyListeners showDataIcon = false , dataDisconneted = true , activityIn = false , activityOut = false , mCurrentState.dataConnected = false , mCurrentState.isDefault = false , typeIcon = 0 , statusIcon.visible = true , mCurrentState.roaming = false , isWfcEnabl = false , volteIcon = 0
07-31 12:01:50.497  1492  1768 E WifiStaIfaceHidlImpl: getLinkLayerStatsV1_5 failed with status: {.code = ERROR_UNKNOWN, .description = unknown}
07-31 12:01:53.527   846   928 E Accelerometer: x:y:z=[-0.191000,-0.153000,9.797000]
07-31 12:01:53.535  1492  1768 E WifiStaIfaceHidlImpl: getLinkLayerStatsV1_5 failed with status: {.code = ERROR_UNKNOWN, .description = unknown}
07-31 12:01:56.568  1492  1768 E WifiStaIfaceHidlImpl: getLinkLayerStatsV1_5 failed with status: {.code = ERROR_UNKNOWN, .description = unknown}
07-31 12:01:59.596  1492  1768 E WifiStaIfaceHidlImpl: getLinkLayerStatsV1_5 failed with status: {.code = ERROR_UNKNOWN, .description = unknown}
07-31 12:02:00.150   853   909 E mtkpower@impl: [setMode] unknown type
07-31 12:02:00.214   853   909 E mtkpower@impl: [setMode] unknown type
07-31 12:02:02.632  1492  1768 E WifiStaIfaceHidlImpl: getLinkLayerStatsV1_5 failed with status: {.code = ERROR_UNKNOWN, .description = unknown}
07-31 12:02:03.527   846   928 E Accelerometer: x:y:z=[-0.220000,-0.153000,9.787000]
07-31 12:02:05.667  1492  1768 E WifiStaIfaceHidlImpl: getLinkLayerStatsV1_5 failed with status: {.code = ERROR_UNKNOWN, .description = unknown}
07-31 12:02:08.698  1492  1768 E WifiStaIfaceHidlImpl: getLinkLayerStatsV1_5 failed with status: {.code = ERROR_UNKNOWN, .description = unknown}
07-31 12:02:11.734  1492  1768 E WifiStaIfaceHidlImpl: getLinkLayerStatsV1_5 failed with status: {.code = ERROR_UNKNOWN, .description = unknown}
07-31 12:02:13.528   846   928 E Accelerometer: x:y:z=[-0.210000,-0.181000,9.816000]
07-31 12:02:13.731  1930  2122 E NetworkController.MobileSignalController(1): notifyListeners showDataIcon = false , dataDisconneted = true , activityIn = false , activityOut = false , mCurrentState.dataConnected = false , mCurrentState.isDefault = false , typeIcon = 0 , statusIcon.visible = true , mCurrentState.roaming = false , isWfcEnabl = false , volteIcon = 0
07-31 12:02:14.762  1492  1768 E WifiStaIfaceHidlImpl: getLinkLayerStatsV1_5 failed with status: {.code = ERROR_UNKNOWN, .description = unknown}
07-31 12:02:17.797  1492  1768 E WifiStaIfaceHidlImpl: getLinkLayerStatsV1_5 failed with status: {.code = ERROR_UNKNOWN, .description = unknown}
07-31 12:02:18.852  1930  2122 E NetworkController.MobileSignalController(1): notifyListeners showDataIcon = false , dataDisconneted = true , activityIn = false , activityOut = false , mCurrentState.dataConnected = false , mCurrentState.isDefault = false , typeIcon = 0 , statusIcon.visible = true , mCurrentState.roaming = false , isWfcEnabl = false , volteIcon = 0
07-31 12:02:20.836  1492  1768 E WifiStaIfaceHidlImpl: getLinkLayerStatsV1_5 failed with status: {.code = ERROR_UNKNOWN, .description = unknown}
07-31 12:02:23.528   846   928 E Accelerometer: x:y:z=[-0.210000,-0.095000,9.807000]
07-31 12:02:23.861  1492  1768 E WifiStaIfaceHidlImpl: getLinkLayerStatsV1_5 failed with status: {.code = ERROR_UNKNOWN, .description = unknown}
07-31 12:02:26.896  1492  1768 E WifiStaIfaceHidlImpl: getLinkLayerStatsV1_5 failed with status: {.code = ERROR_UNKNOWN, .description = unknown}
07-31 12:02:29.930  1492  1768 E WifiStaIfaceHidlImpl: getLinkLayerStatsV1_5 failed with status: {.code = ERROR_UNKNOWN, .description = unknown}
