07-31 11:53:45.489 11823 11912 E GoogleApiManager:      at android.os.Parcel.createException(Parcel.java:3041)
07-31 11:53:45.489 11823 11912 E GoogleApiManager:      at android.os.Parcel.readException(Parcel.java:3024)
07-31 11:53:45.489 11823 11912 E GoogleApiManager:      at android.os.Parcel.readException(Parcel.java:2966)
07-31 11:53:45.489 11823 11912 E GoogleApiManager:      at azak.a(:com.google.android.gms@252834029@25.28.34 (190400-787197649):36)
07-31 11:53:45.489 11823 11912 E GoogleApiManager:      at ayyr.z(:com.google.android.gms@252834029@25.28.34 (190400-787197649):143)
07-31 11:53:45.489 11823 11912 E GoogleApiManager:      at ayfo.run(:com.google.android.gms@252834029@25.28.34 (190400-787197649):42)
07-31 11:53:45.489 11823 11912 E GoogleApiManager:      at android.os.Handler.handleCallback(Handler.java:958)
07-31 11:53:45.489 11823 11912 E GoogleApiManager:      at android.os.Handler.dispatchMessage(Handler.java:99)
07-31 11:53:45.489 11823 11912 E GoogleApiManager:      at cizz.mt(:com.google.android.gms@252834029@25.28.34 (190400-787197649):1)
07-31 11:53:45.489 11823 11912 E GoogleApiManager:      at cizz.dispatchMessage(:com.google.android.gms@252834029@25.28.34 (190400-787197649):5)
07-31 11:53:45.489 11823 11912 E GoogleApiManager:      at android.os.Looper.loopOnce(Looper.java:240)
07-31 11:53:45.489 11823 11912 E GoogleApiManager:      at android.os.Looper.loop(Looper.java:346)
07-31 11:53:45.489 11823 11912 E GoogleApiManager:      at android.os.HandlerThread.run(HandlerThread.java:67)
07-31 11:53:46.063 11824 12069 E GoogleApiManager: Failed to get service from broker.
07-31 11:53:46.063 11824 12069 E GoogleApiManager: java.lang.SecurityException: Unknown calling package name 'com.google.android.gms'.
07-31 11:53:46.063 11824 12069 E GoogleApiManager:      at android.os.Parcel.createExceptionOrNull(Parcel.java:3057)
07-31 11:53:46.063 11824 12069 E GoogleApiManager:      at android.os.Parcel.createException(Parcel.java:3041)
07-31 11:53:46.063 11824 12069 E GoogleApiManager:      at android.os.Parcel.readException(Parcel.java:3024)
07-31 11:53:46.063 11824 12069 E GoogleApiManager:      at android.os.Parcel.readException(Parcel.java:2966)
07-31 11:53:46.063 11824 12069 E GoogleApiManager:      at azak.a(:com.google.android.gms@252834029@25.28.34 (190400-787197649):36)
07-31 11:53:46.063 11824 12069 E GoogleApiManager:      at ayyr.z(:com.google.android.gms@252834029@25.28.34 (190400-787197649):143)
07-31 11:53:46.063 11824 12069 E GoogleApiManager:      at ayfo.run(:com.google.android.gms@252834029@25.28.34 (190400-787197649):42)
07-31 11:53:46.063 11824 12069 E GoogleApiManager:      at android.os.Handler.handleCallback(Handler.java:958)
07-31 11:53:46.063 11824 12069 E GoogleApiManager:      at android.os.Handler.dispatchMessage(Handler.java:99)
07-31 11:53:46.063 11824 12069 E GoogleApiManager:      at cizz.mt(:com.google.android.gms@252834029@25.28.34 (190400-787197649):1)
07-31 11:53:46.063 11824 12069 E GoogleApiManager:      at cizz.dispatchMessage(:com.google.android.gms@252834029@25.28.34 (190400-787197649):5)
07-31 11:53:46.063 11824 12069 E GoogleApiManager:      at android.os.Looper.loopOnce(Looper.java:240)
07-31 11:53:46.063 11824 12069 E GoogleApiManager:      at android.os.Looper.loop(Looper.java:346)
07-31 11:53:46.063 11824 12069 E GoogleApiManager:      at android.os.HandlerThread.run(HandlerThread.java:67)
07-31 11:53:46.850  1930  2122 E NetworkController.MobileSignalController(1): notifyListeners showDataIcon = false , dataDisconneted = true , activityIn = false , activityOut = false , mCurrentState.dataConnected = false , mCurrentState.isDefault = false , typeIcon = 0 , statusIcon.visible = true , mCurrentState.roaming = false , isWfcEnabl = false , volteIcon = 0
07-31 11:53:48.300  1492  1768 E WifiStaIfaceHidlImpl: getLinkLayerStatsV1_5 failed with status: {.code = ERROR_UNKNOWN, .description = unknown}
07-31 11:53:51.331  1492  1768 E WifiStaIfaceHidlImpl: getLinkLayerStatsV1_5 failed with status: {.code = ERROR_UNKNOWN, .description = unknown}
07-31 11:53:51.976  1930  2122 E NetworkController.MobileSignalController(1): notifyListeners showDataIcon = false , dataDisconneted = true , activityIn = false , activityOut = false , mCurrentState.dataConnected = false , mCurrentState.isDefault = false , typeIcon = 0 , statusIcon.visible = true , mCurrentState.roaming = false , isWfcEnabl = false , volteIcon = 0
07-31 11:53:53.573   846   928 E Accelerometer: x:y:z=[-0.210000,-0.153000,9.797000]
07-31 11:53:54.367  1492  1768 E WifiStaIfaceHidlImpl: getLinkLayerStatsV1_5 failed with status: {.code = ERROR_UNKNOWN, .description = unknown}
07-31 11:53:57.096  1930  2122 E NetworkController.MobileSignalController(1): notifyListeners showDataIcon = false , dataDisconneted = true , activityIn = false , activityOut = false , mCurrentState.dataConnected = false , mCurrentState.isDefault = false , typeIcon = 0 , statusIcon.visible = true , mCurrentState.roaming = false , isWfcEnabl = false , volteIcon = 0
07-31 11:53:57.394  1492  1768 E WifiStaIfaceHidlImpl: getLinkLayerStatsV1_5 failed with status: {.code = ERROR_UNKNOWN, .description = unknown}
07-31 11:54:00.152   853   909 E mtkpower@impl: [setMode] unknown type
07-31 11:54:00.214   853   909 E mtkpower@impl: [setMode] unknown type
07-31 11:54:00.431  1492  1768 E WifiStaIfaceHidlImpl: getLinkLayerStatsV1_5 failed with status: {.code = ERROR_UNKNOWN, .description = unknown}
07-31 11:54:03.461  1492  1768 E WifiStaIfaceHidlImpl: getLinkLayerStatsV1_5 failed with status: {.code = ERROR_UNKNOWN, .description = unknown}
07-31 11:54:03.572   846   928 E Accelerometer: x:y:z=[-0.191000,-0.162000,9.826000]
07-31 11:54:06.489  1492  1768 E WifiStaIfaceHidlImpl: getLinkLayerStatsV1_5 failed with status: {.code = ERROR_UNKNOWN, .description = unknown}
07-31 11:54:07.332  1930  2122 E NetworkController.MobileSignalController(1): notifyListeners showDataIcon = false , dataDisconneted = true , activityIn = false , activityOut = false , mCurrentState.dataConnected = false , mCurrentState.isDefault = false , typeIcon = 0 , statusIcon.visible = true , mCurrentState.roaming = false , isWfcEnabl = false , volteIcon = 0
07-31 11:54:09.521  1492  1768 E WifiStaIfaceHidlImpl: getLinkLayerStatsV1_5 failed with status: {.code = ERROR_UNKNOWN, .description = unknown}
07-31 11:54:12.453  1930  2122 E NetworkController.MobileSignalController(1): notifyListeners showDataIcon = false , dataDisconneted = true , activityIn = false , activityOut = false , mCurrentState.dataConnected = false , mCurrentState.isDefault = false , typeIcon = 0 , statusIcon.visible = true , mCurrentState.roaming = false , isWfcEnabl = false , volteIcon = 0
07-31 11:54:12.552  1492  1768 E WifiStaIfaceHidlImpl: getLinkLayerStatsV1_5 failed with status: {.code = ERROR_UNKNOWN, .description = unknown}
07-31 11:54:13.572   846   928 E Accelerometer: x:y:z=[-0.191000,-0.114000,9.787000]
07-31 11:54:15.586  1492  1768 E WifiStaIfaceHidlImpl: getLinkLayerStatsV1_5 failed with status: {.code = ERROR_UNKNOWN, .description = unknown}
07-31 11:54:17.574  1930  2122 E NetworkController.MobileSignalController(1): notifyListeners showDataIcon = false , dataDisconneted = true , activityIn = false , activityOut = false , mCurrentState.dataConnected = false , mCurrentState.isDefault = false , typeIcon = 0 , statusIcon.visible = true , mCurrentState.roaming = false , isWfcEnabl = false , volteIcon = 0
07-31 11:54:18.623  1492  1768 E WifiStaIfaceHidlImpl: getLinkLayerStatsV1_5 failed with status: {.code = ERROR_UNKNOWN, .description = unknown}
07-31 11:54:21.652  1492  1768 E WifiStaIfaceHidlImpl: getLinkLayerStatsV1_5 failed with status: {.code = ERROR_UNKNOWN, .description = unknown}
07-31 11:54:22.694  1930  2122 E NetworkController.MobileSignalController(1): notifyListeners showDataIcon = false , dataDisconneted = true , activityIn = false , activityOut = false , mCurrentState.dataConnected = false , mCurrentState.isDefault = false , typeIcon = 0 , statusIcon.visible = true , mCurrentState.roaming = false , isWfcEnabl = false , volteIcon = 0
07-31 11:54:23.572   846   928 E Accelerometer: x:y:z=[-0.201000,-0.134000,9.826000]
07-31 11:54:24.690  1492  1768 E WifiStaIfaceHidlImpl: getLinkLayerStatsV1_5 failed with status: {.code = ERROR_UNKNOWN, .description = unknown}
07-31 11:54:27.723  1492  1768 E WifiStaIfaceHidlImpl: getLinkLayerStatsV1_5 failed with status: {.code = ERROR_UNKNOWN, .description = unknown}
07-31 11:54:27.811  1930  2122 E NetworkController.MobileSignalController(1): notifyListeners showDataIcon = false , dataDisconneted = true , activityIn = false , activityOut = false , mCurrentState.dataConnected = false , mCurrentState.isDefault = false , typeIcon = 0 , statusIcon.visible = true , mCurrentState.roaming = false , isWfcEnabl = false , volteIcon = 0
07-31 11:54:30.757  1492  1768 E WifiStaIfaceHidlImpl: getLinkLayerStatsV1_5 failed with status: {.code = ERROR_UNKNOWN, .description = unknown}
07-31 11:54:32.936  1930  2122 E NetworkController.MobileSignalController(1): notifyListeners showDataIcon = false , dataDisconneted = true , activityIn = false , activityOut = false , mCurrentState.dataConnected = false , mCurrentState.isDefault = false , typeIcon = 0 , statusIcon.visible = true , mCurrentState.roaming = false , isWfcEnabl = false , volteIcon = 0
07-31 11:54:33.573   846   928 E Accelerometer: x:y:z=[-0.181000,-0.181000,9.797000]
07-31 11:54:33.793  1492  1768 E WifiStaIfaceHidlImpl: getLinkLayerStatsV1_5 failed with status: {.code = ERROR_UNKNOWN, .description = unknown}
07-31 11:54:36.821  1492  1768 E WifiStaIfaceHidlImpl: getLinkLayerStatsV1_5 failed with status: {.code = ERROR_UNKNOWN, .description = unknown}
07-31 11:54:38.053  1930  2122 E NetworkController.MobileSignalController(1): notifyListeners showDataIcon = false , dataDisconneted = true , activityIn = false , activityOut = false , mCurrentState.dataConnected = false , mCurrentState.isDefault = false , typeIcon = 0 , statusIcon.visible = true , mCurrentState.roaming = false , isWfcEnabl = false , volteIcon = 0
07-31 11:54:39.856  1492  1768 E WifiStaIfaceHidlImpl: getLinkLayerStatsV1_5 failed with status: {.code = ERROR_UNKNOWN, .description = unknown}
07-31 11:54:42.895  1492  1768 E WifiStaIfaceHidlImpl: getLinkLayerStatsV1_5 failed with status: {.code = ERROR_UNKNOWN, .description = unknown}
07-31 11:54:43.175  1930  2122 E NetworkController.MobileSignalController(1): notifyListeners showDataIcon = false , dataDisconneted = true , activityIn = false , activityOut = false , mCurrentState.dataConnected = false , mCurrentState.isDefault = false , typeIcon = 0 , statusIcon.visible = true , mCurrentState.roaming = false , isWfcEnabl = false , volteIcon = 0
07-31 11:54:43.573   846   928 E Accelerometer: x:y:z=[-0.220000,-0.181000,9.797000]
07-31 11:54:45.930  1492  1768 E WifiStaIfaceHidlImpl: getLinkLayerStatsV1_5 failed with status: {.code = ERROR_UNKNOWN, .description = unknown}
07-31 11:54:48.966  1492  1768 E WifiStaIfaceHidlImpl: getLinkLayerStatsV1_5 failed with status: {.code = ERROR_UNKNOWN, .description = unknown}
07-31 11:54:51.493  1876  1916 E TGuardMemoryManagerPackageRecord: fail to removeChild, pid is 11317
07-31 11:54:51.999  1492  1768 E WifiStaIfaceHidlImpl: getLinkLayerStatsV1_5 failed with status: {.code = ERROR_UNKNOWN, .description = unknown}
07-31 11:54:53.420  1930  2122 E NetworkController.MobileSignalController(1): notifyListeners showDataIcon = false , dataDisconneted = true , activityIn = false , activityOut = false , mCurrentState.dataConnected = false , mCurrentState.isDefault = false , typeIcon = 0 , statusIcon.visible = true , mCurrentState.roaming = false , isWfcEnabl = false , volteIcon = 0
07-31 11:54:53.573   846   928 E Accelerometer: x:y:z=[-0.201000,-0.134000,9.816000]
07-31 11:54:55.035  1492  1768 E WifiStaIfaceHidlImpl: getLinkLayerStatsV1_5 failed with status: {.code = ERROR_UNKNOWN, .description = unknown}
07-31 11:54:58.070  1492  1768 E WifiStaIfaceHidlImpl: getLinkLayerStatsV1_5 failed with status: {.code = ERROR_UNKNOWN, .description = unknown}
07-31 11:55:00.158   853   909 E mtkpower@impl: [setMode] unknown type
07-31 11:55:00.224   853   909 E mtkpower@impl: [setMode] unknown type
07-31 11:55:01.107  1492  1768 E WifiStaIfaceHidlImpl: getLinkLayerStatsV1_5 failed with status: {.code = ERROR_UNKNOWN, .description = unknown}
07-31 11:55:03.573   846   928 E Accelerometer: x:y:z=[-0.181000,-0.181000,9.787000]
07-31 11:55:03.650  1930  2122 E NetworkController.MobileSignalController(1): notifyListeners showDataIcon = false , dataDisconneted = true , activityIn = false , activityOut = false , mCurrentState.dataConnected = false , mCurrentState.isDefault = false , typeIcon = 0 , statusIcon.visible = true , mCurrentState.roaming = false , isWfcEnabl = false , volteIcon = 0
07-31 11:55:04.143  1492  1768 E WifiStaIfaceHidlImpl: getLinkLayerStatsV1_5 failed with status: {.code = ERROR_UNKNOWN, .description = unknown}
07-31 11:55:07.177  1492  1768 E WifiStaIfaceHidlImpl: getLinkLayerStatsV1_5 failed with status: {.code = ERROR_UNKNOWN, .description = unknown}
07-31 11:55:08.776  1930  2122 E NetworkController.MobileSignalController(1): notifyListeners showDataIcon = false , dataDisconneted = true , activityIn = false , activityOut = false , mCurrentState.dataConnected = false , mCurrentState.isDefault = false , typeIcon = 0 , statusIcon.visible = true , mCurrentState.roaming = false , isWfcEnabl = false , volteIcon = 0
07-31 11:55:10.207  1492  1768 E WifiStaIfaceHidlImpl: getLinkLayerStatsV1_5 failed with status: {.code = ERROR_UNKNOWN, .description = unknown}
07-31 11:55:13.242  1492  1768 E WifiStaIfaceHidlImpl: getLinkLayerStatsV1_5 failed with status: {.code = ERROR_UNKNOWN, .description = unknown}
07-31 11:55:13.573   846   928 E Accelerometer: x:y:z=[-0.201000,-0.181000,9.816000]
07-31 11:55:13.890  1930  2122 E NetworkController.MobileSignalController(1): notifyListeners showDataIcon = false , dataDisconneted = true , activityIn = false , activityOut = false , mCurrentState.dataConnected = false , mCurrentState.isDefault = false , typeIcon = 0 , statusIcon.visible = true , mCurrentState.roaming = false , isWfcEnabl = false , volteIcon = 0
07-31 11:55:16.276  1492  1768 E WifiStaIfaceHidlImpl: getLinkLayerStatsV1_5 failed with status: {.code = ERROR_UNKNOWN, .description = unknown}
07-31 11:55:19.008  1930  2122 E NetworkController.MobileSignalController(1): notifyListeners showDataIcon = false , dataDisconneted = true , activityIn = false , activityOut = false , mCurrentState.dataConnected = false , mCurrentState.isDefault = false , typeIcon = 0 , statusIcon.visible = true , mCurrentState.roaming = false , isWfcEnabl = false , volteIcon = 0
07-31 11:55:19.312  1492  1768 E WifiStaIfaceHidlImpl: getLinkLayerStatsV1_5 failed with status: {.code = ERROR_UNKNOWN, .description = unknown}
07-31 11:55:22.349  1492  1768 E WifiStaIfaceHidlImpl: getLinkLayerStatsV1_5 failed with status: {.code = ERROR_UNKNOWN, .description = unknown}
07-31 11:55:23.573   846   928 E Accelerometer: x:y:z=[-0.201000,-0.153000,9.787000]
07-31 11:55:24.131  1930  2122 E NetworkController.MobileSignalController(1): notifyListeners showDataIcon = false , dataDisconneted = true , activityIn = false , activityOut = false , mCurrentState.dataConnected = false , mCurrentState.isDefault = false , typeIcon = 0 , statusIcon.visible = true , mCurrentState.roaming = false , isWfcEnabl = false , volteIcon = 0
07-31 11:55:25.379  1492  1768 E WifiStaIfaceHidlImpl: getLinkLayerStatsV1_5 failed with status: {.code = ERROR_UNKNOWN, .description = unknown}
07-31 11:55:28.415  1492  1768 E WifiStaIfaceHidlImpl: getLinkLayerStatsV1_5 failed with status: {.code = ERROR_UNKNOWN, .description = unknown}
07-31 11:55:29.254  1930  2122 E NetworkController.MobileSignalController(1): notifyListeners showDataIcon = false , dataDisconneted = true , activityIn = false , activityOut = false , mCurrentState.dataConnected = false , mCurrentState.isDefault = false , typeIcon = 0 , statusIcon.visible = true , mCurrentState.roaming = false , isWfcEnabl = false , volteIcon = 0
07-31 11:55:31.450  1492  1768 E WifiStaIfaceHidlImpl: getLinkLayerStatsV1_5 failed with status: {.code = ERROR_UNKNOWN, .description = unknown}
07-31 11:55:33.573   846   928 E Accelerometer: x:y:z=[-0.201000,-0.134000,9.807000]
07-31 11:55:34.370  1930  2122 E NetworkController.MobileSignalController(1): notifyListeners showDataIcon = false , dataDisconneted = true , activityIn = false , activityOut = false , mCurrentState.dataConnected = false , mCurrentState.isDefault = false , typeIcon = 0 , statusIcon.visible = true , mCurrentState.roaming = false , isWfcEnabl = false , volteIcon = 0
07-31 11:55:34.478  1492  1768 E WifiStaIfaceHidlImpl: getLinkLayerStatsV1_5 failed with status: {.code = ERROR_UNKNOWN, .description = unknown}
07-31 11:55:37.514  1492  1768 E WifiStaIfaceHidlImpl: getLinkLayerStatsV1_5 failed with status: {.code = ERROR_UNKNOWN, .description = unknown}
07-31 11:55:39.493  1930  2122 E NetworkController.MobileSignalController(1): notifyListeners showDataIcon = false , dataDisconneted = true , activityIn = false , activityOut = false , mCurrentState.dataConnected = false , mCurrentState.isDefault = false , typeIcon = 0 , statusIcon.visible = true , mCurrentState.roaming = false , isWfcEnabl = false , volteIcon = 0
07-31 11:55:40.540  1492  1768 E WifiStaIfaceHidlImpl: getLinkLayerStatsV1_5 failed with status: {.code = ERROR_UNKNOWN, .description = unknown}
07-31 11:55:43.564  1492  1768 E WifiStaIfaceHidlImpl: getLinkLayerStatsV1_5 failed with status: {.code = ERROR_UNKNOWN, .description = unknown}
07-31 11:55:43.572   846   928 E Accelerometer: x:y:z=[-0.201000,-0.181000,9.826000]
07-31 11:55:46.599  1492  1768 E WifiStaIfaceHidlImpl: getLinkLayerStatsV1_5 failed with status: {.code = ERROR_UNKNOWN, .description = unknown}
07-31 11:55:49.628  1492  1768 E WifiStaIfaceHidlImpl: getLinkLayerStatsV1_5 failed with status: {.code = ERROR_UNKNOWN, .description = unknown}
07-31 11:55:49.731  1930  2122 E NetworkController.MobileSignalController(1): notifyListeners showDataIcon = false , dataDisconneted = true , activityIn = false , activityOut = false , mCurrentState.dataConnected = false , mCurrentState.isDefault = false , typeIcon = 0 , statusIcon.visible = true , mCurrentState.roaming = false , isWfcEnabl = false , volteIcon = 0
07-31 11:55:52.656  1492  1768 E WifiStaIfaceHidlImpl: getLinkLayerStatsV1_5 failed with status: {.code = ERROR_UNKNOWN, .description = unknown}
07-31 11:55:53.572   846   928 E Accelerometer: x:y:z=[-0.220000,-0.095000,9.787000]
07-31 11:55:54.854  1930  2122 E NetworkController.MobileSignalController(1): notifyListeners showDataIcon = false , dataDisconneted = true , activityIn = false , activityOut = false , mCurrentState.dataConnected = false , mCurrentState.isDefault = false , typeIcon = 0 , statusIcon.visible = true , mCurrentState.roaming = false , isWfcEnabl = false , volteIcon = 0
07-31 11:55:55.690  1492  1768 E WifiStaIfaceHidlImpl: getLinkLayerStatsV1_5 failed with status: {.code = ERROR_UNKNOWN, .description = unknown}
07-31 11:55:58.723  1492  1768 E WifiStaIfaceHidlImpl: getLinkLayerStatsV1_5 failed with status: {.code = ERROR_UNKNOWN, .description = unknown}
07-31 11:55:59.971  1930  2122 E NetworkController.MobileSignalController(1): notifyListeners showDataIcon = false , dataDisconneted = true , activityIn = false , activityOut = false , mCurrentState.dataConnected = false , mCurrentState.isDefault = false , typeIcon = 0 , statusIcon.visible = true , mCurrentState.roaming = false , isWfcEnabl = false , volteIcon = 0
07-31 11:56:00.144   853   909 E mtkpower@impl: [setMode] unknown type
07-31 11:56:00.204   853   909 E mtkpower@impl: [setMode] unknown type
07-31 11:56:01.756  1492  1768 E WifiStaIfaceHidlImpl: getLinkLayerStatsV1_5 failed with status: {.code = ERROR_UNKNOWN, .description = unknown}
07-31 11:56:03.572   846   928 E Accelerometer: x:y:z=[-0.191000,-0.153000,9.787000]
07-31 11:56:04.771  1492  1768 E WifiStaIfaceHidlImpl: getLinkLayerStatsV1_5 failed with status: {.code = ERROR_UNKNOWN, .description = unknown}
07-31 11:56:05.093  1930  2122 E NetworkController.MobileSignalController(1): notifyListeners showDataIcon = false , dataDisconneted = true , activityIn = false , activityOut = false , mCurrentState.dataConnected = false , mCurrentState.isDefault = false , typeIcon = 0 , statusIcon.visible = true , mCurrentState.roaming = false , isWfcEnabl = false , volteIcon = 0
07-31 11:56:07.805  1492  1768 E WifiStaIfaceHidlImpl: getLinkLayerStatsV1_5 failed with status: {.code = ERROR_UNKNOWN, .description = unknown}
07-31 11:56:10.215  1930  2122 E NetworkController.MobileSignalController(1): notifyListeners showDataIcon = false , dataDisconneted = true , activityIn = false , activityOut = false , mCurrentState.dataConnected = false , mCurrentState.isDefault = false , typeIcon = 0 , statusIcon.visible = true , mCurrentState.roaming = false , isWfcEnabl = false , volteIcon = 0
07-31 11:56:10.841  1492  1768 E WifiStaIfaceHidlImpl: getLinkLayerStatsV1_5 failed with status: {.code = ERROR_UNKNOWN, .description = unknown}
07-31 11:56:13.572   846   928 E Accelerometer: x:y:z=[-0.181000,-0.153000,9.816000]
07-31 11:56:13.875  1492  1768 E WifiStaIfaceHidlImpl: getLinkLayerStatsV1_5 failed with status: {.code = ERROR_UNKNOWN, .description = unknown}
07-31 11:56:15.332  1930  2122 E NetworkController.MobileSignalController(1): notifyListeners showDataIcon = false , dataDisconneted = true , activityIn = false , activityOut = false , mCurrentState.dataConnected = false , mCurrentState.isDefault = false , typeIcon = 0 , statusIcon.visible = true , mCurrentState.roaming = false , isWfcEnabl = false , volteIcon = 0
07-31 11:56:16.906  1492  1768 E WifiStaIfaceHidlImpl: getLinkLayerStatsV1_5 failed with status: {.code = ERROR_UNKNOWN, .description = unknown}
07-31 11:56:19.940  1492  1768 E WifiStaIfaceHidlImpl: getLinkLayerStatsV1_5 failed with status: {.code = ERROR_UNKNOWN, .description = unknown}
07-31 11:56:20.458  1930  2122 E NetworkController.MobileSignalController(1): notifyListeners showDataIcon = false , dataDisconneted = true , activityIn = false , activityOut = false , mCurrentState.dataConnected = false , mCurrentState.isDefault = false , typeIcon = 0 , statusIcon.visible = true , mCurrentState.roaming = false , isWfcEnabl = false , volteIcon = 0
07-31 11:56:22.977  1492  1768 E WifiStaIfaceHidlImpl: getLinkLayerStatsV1_5 failed with status: {.code = ERROR_UNKNOWN, .description = unknown}
07-31 11:56:23.572   846   928 E Accelerometer: x:y:z=[-0.181000,-0.153000,9.816000]
07-31 11:56:26.013  1492  1768 E WifiStaIfaceHidlImpl: getLinkLayerStatsV1_5 failed with status: {.code = ERROR_UNKNOWN, .description = unknown}
07-31 11:56:29.043  1492  1768 E WifiStaIfaceHidlImpl: getLinkLayerStatsV1_5 failed with status: {.code = ERROR_UNKNOWN, .description = unknown}
07-31 11:56:30.686  1930  2122 E NetworkController.MobileSignalController(1): notifyListeners showDataIcon = false , dataDisconneted = true , activityIn = false , activityOut = false , mCurrentState.dataConnected = false , mCurrentState.isDefault = false , typeIcon = 0 , statusIcon.visible = true , mCurrentState.roaming = false , isWfcEnabl = false , volteIcon = 0
07-31 11:56:32.078  1492  1768 E WifiStaIfaceHidlImpl: getLinkLayerStatsV1_5 failed with status: {.code = ERROR_UNKNOWN, .description = unknown}
07-31 11:56:33.572   846   928 E Accelerometer: x:y:z=[-0.172000,-0.134000,9.797000]
07-31 11:56:35.115  1492  1768 E WifiStaIfaceHidlImpl: getLinkLayerStatsV1_5 failed with status: {.code = ERROR_UNKNOWN, .description = unknown}
07-31 11:56:35.813  1930  2122 E NetworkController.MobileSignalController(1): notifyListeners showDataIcon = false , dataDisconneted = true , activityIn = false , activityOut = false , mCurrentState.dataConnected = false , mCurrentState.isDefault = false , typeIcon = 0 , statusIcon.visible = true , mCurrentState.roaming = false , isWfcEnabl = false , volteIcon = 0
07-31 11:56:38.151  1492  1768 E WifiStaIfaceHidlImpl: getLinkLayerStatsV1_5 failed with status: {.code = ERROR_UNKNOWN, .description = unknown}
07-31 11:56:41.187  1492  1768 E WifiStaIfaceHidlImpl: getLinkLayerStatsV1_5 failed with status: {.code = ERROR_UNKNOWN, .description = unknown}
07-31 11:56:43.572   846   928 E Accelerometer: x:y:z=[-0.210000,-0.124000,9.807000]
07-31 11:56:44.216  1492  1768 E WifiStaIfaceHidlImpl: getLinkLayerStatsV1_5 failed with status: {.code = ERROR_UNKNOWN, .description = unknown}
07-31 11:56:46.051  1930  2122 E NetworkController.MobileSignalController(1): notifyListeners showDataIcon = false , dataDisconneted = true , activityIn = false , activityOut = false , mCurrentState.dataConnected = false , mCurrentState.isDefault = false , typeIcon = 0 , statusIcon.visible = true , mCurrentState.roaming = false , isWfcEnabl = false , volteIcon = 0
07-31 11:56:47.251  1492  1768 E WifiStaIfaceHidlImpl: getLinkLayerStatsV1_5 failed with status: {.code = ERROR_UNKNOWN, .description = unknown}
07-31 11:56:50.286  1492  1768 E WifiStaIfaceHidlImpl: getLinkLayerStatsV1_5 failed with status: {.code = ERROR_UNKNOWN, .description = unknown}
07-31 11:56:51.177  1930  2122 E NetworkController.MobileSignalController(1): notifyListeners showDataIcon = false , dataDisconneted = true , activityIn = false , activityOut = false , mCurrentState.dataConnected = false , mCurrentState.isDefault = false , typeIcon = 0 , statusIcon.visible = true , mCurrentState.roaming = false , isWfcEnabl = false , volteIcon = 0
07-31 11:56:53.318  1492  1768 E WifiStaIfaceHidlImpl: getLinkLayerStatsV1_5 failed with status: {.code = ERROR_UNKNOWN, .description = unknown}
07-31 11:56:53.572   846   928 E Accelerometer: x:y:z=[-0.220000,-0.181000,9.797000]
07-31 11:56:56.352  1492  1768 E WifiStaIfaceHidlImpl: getLinkLayerStatsV1_5 failed with status: {.code = ERROR_UNKNOWN, .description = unknown}
07-31 11:56:56.908 12386 12386 E accountservices: Not starting debugger since process cannot load the jdwp agent.
07-31 11:56:57.280 12386 12425 E UALib   : Support for Sender ID override has been removed. Configure a FirebaseApp and use fcmFirebaseAppName instead.
07-31 11:56:57.281 12386 12425 E UALib   : The airship config options is missing URL allow list rules for SCOPE_OPEN. By default only Airship, YouTube, mailto, sms, and tel URLs will be allowed.To suppress this error, specify allow list rules by providing rules for urlAllowListScopeOpenUrl or urlAllowList. Alternatively you can suppress this error and keep the default rules by using the flag suppressAllowListError. For more information, see https://docs.airship.com/platform/android/getting-started/#url-allow-list.
07-31 11:56:57.405 12386 12386 E Device Pulse - UALib: You can only call takeOff() once.
07-31 11:56:57.440 12386 12432 E accountservices: No package ID 6a found for resource ID 0x6a0b000f.
07-31 11:56:57.685 12454 12454 E n.mips.services: Not starting debugger since process cannot load the jdwp agent.
07-31 11:56:58.131 12454 12502 E n.mips.services: No package ID 6a found for resource ID 0x6a0b000f.
07-31 11:56:58.639  5287  5342 E ActivityThread: Failed to find provider info for com.verizon.vzwavs.provider
07-31 11:56:59.376  1492  1768 E WifiStaIfaceHidlImpl: getLinkLayerStatsV1_5 failed with status: {.code = ERROR_UNKNOWN, .description = unknown}
07-31 11:57:00.145   853   909 E mtkpower@impl: [setMode] unknown type
07-31 11:57:00.208   853   909 E mtkpower@impl: [setMode] unknown type
07-31 11:57:01.410  1930  2122 E NetworkController.MobileSignalController(1): notifyListeners showDataIcon = false , dataDisconneted = true , activityIn = false , activityOut = false , mCurrentState.dataConnected = false , mCurrentState.isDefault = false , typeIcon = 0 , statusIcon.visible = true , mCurrentState.roaming = false , isWfcEnabl = false , volteIcon = 0
07-31 11:57:02.395  1492  1768 E WifiStaIfaceHidlImpl: getLinkLayerStatsV1_5 failed with status: {.code = ERROR_UNKNOWN, .description = unknown}
07-31 11:57:03.553   846   928 E Accelerometer: x:y:z=[-0.181000,-0.153000,9.826000]
07-31 11:57:05.430  1492  1768 E WifiStaIfaceHidlImpl: getLinkLayerStatsV1_5 failed with status: {.code = ERROR_UNKNOWN, .description = unknown}
07-31 11:57:06.532  1930  2122 E NetworkController.MobileSignalController(1): notifyListeners showDataIcon = false , dataDisconneted = true , activityIn = false , activityOut = false , mCurrentState.dataConnected = false , mCurrentState.isDefault = false , typeIcon = 0 , statusIcon.visible = true , mCurrentState.roaming = false , isWfcEnabl = false , volteIcon = 0
07-31 11:57:08.467  1492  1768 E WifiStaIfaceHidlImpl: getLinkLayerStatsV1_5 failed with status: {.code = ERROR_UNKNOWN, .description = unknown}
07-31 11:57:11.503  1492  1768 E WifiStaIfaceHidlImpl: getLinkLayerStatsV1_5 failed with status: {.code = ERROR_UNKNOWN, .description = unknown}
07-31 11:57:11.658  1930  2122 E NetworkController.MobileSignalController(1): notifyListeners showDataIcon = false , dataDisconneted = true , activityIn = false , activityOut = false , mCurrentState.dataConnected = false , mCurrentState.isDefault = false , typeIcon = 0 , statusIcon.visible = true , mCurrentState.roaming = false , isWfcEnabl = false , volteIcon = 0
07-31 11:57:13.553   846   928 E Accelerometer: x:y:z=[-0.201000,-0.114000,9.807000]
07-31 11:57:14.538  1492  1768 E WifiStaIfaceHidlImpl: getLinkLayerStatsV1_5 failed with status: {.code = ERROR_UNKNOWN, .description = unknown}
07-31 11:57:15.083 12552 12552 E ndroid.settings: Not starting debugger since process cannot load the jdwp agent.
07-31 11:57:15.145  1876  1916 E TGuardMemoryManagerPackageRecord: fail to removeChild, pid is 11581
07-31 11:57:15.171   853   909 E mtkpower@impl: [setMode] unknown type
07-31 11:57:15.182 12567 12567 E roid.apps.turbo: Not starting debugger since process cannot load the jdwp agent.
07-31 11:57:15.240   853   909 E mtkpower@impl: [setMode] unknown type
07-31 11:57:15.404  1876  1916 E TGuardMemoryManagerPackageRecord: fail to removeChild, pid is 11625
07-31 11:57:15.472  1876  1916 E TGuardMemoryManagerPackageRecord: fail to removeChild, pid is 10768
07-31 11:57:16.779  1930  2122 E NetworkController.MobileSignalController(1): notifyListeners showDataIcon = false , dataDisconneted = true , activityIn = false , activityOut = false , mCurrentState.dataConnected = false , mCurrentState.isDefault = false , typeIcon = 0 , statusIcon.visible = true , mCurrentState.roaming = false , isWfcEnabl = false , volteIcon = 0
07-31 11:57:17.573  1492  1768 E WifiStaIfaceHidlImpl: getLinkLayerStatsV1_5 failed with status: {.code = ERROR_UNKNOWN, .description = unknown}
07-31 11:57:20.605  1492  1768 E WifiStaIfaceHidlImpl: getLinkLayerStatsV1_5 failed with status: {.code = ERROR_UNKNOWN, .description = unknown}
07-31 11:57:21.893  1930  2122 E NetworkController.MobileSignalController(1): notifyListeners showDataIcon = false , dataDisconneted = true , activityIn = false , activityOut = false , mCurrentState.dataConnected = false , mCurrentState.isDefault = false , typeIcon = 0 , statusIcon.visible = true , mCurrentState.roaming = false , isWfcEnabl = false , volteIcon = 0
07-31 11:57:22.596 12628 12628 E ocess.gservices: Not starting debugger since process cannot load the jdwp agent.
07-31 11:57:22.720 12628 12644 E GmsClient: unable to connect to service: com.google.android.gms.gservices.START on com.google.android.gms
07-31 11:57:23.552   846   928 E Accelerometer: x:y:z=[-0.191000,-0.114000,9.787000]
07-31 11:57:23.630  1492  1768 E WifiStaIfaceHidlImpl: getLinkLayerStatsV1_5 failed with status: {.code = ERROR_UNKNOWN, .description = unknown}
07-31 11:57:26.666  1492  1768 E WifiStaIfaceHidlImpl: getLinkLayerStatsV1_5 failed with status: {.code = ERROR_UNKNOWN, .description = unknown}
07-31 11:57:27.017  1930  2122 E NetworkController.MobileSignalController(1): notifyListeners showDataIcon = false , dataDisconneted = true , activityIn = false , activityOut = false , mCurrentState.dataConnected = false , mCurrentState.isDefault = false , typeIcon = 0 , statusIcon.visible = true , mCurrentState.roaming = false , isWfcEnabl = false , volteIcon = 0
07-31 11:57:28.297  1876  1916 E TGuardMemoryManagerPackageRecord: fail to removeChild, pid is 11751
07-31 11:57:28.383  1876  1916 E TGuardMemoryManagerPackageRecord: fail to removeChild, pid is 11668
07-31 11:57:29.695  1492  1768 E WifiStaIfaceHidlImpl: getLinkLayerStatsV1_5 failed with status: {.code = ERROR_UNKNOWN, .description = unknown}
07-31 11:57:32.137  1930  2122 E NetworkController.MobileSignalController(1): notifyListeners showDataIcon = false , dataDisconneted = true , activityIn = false , activityOut = false , mCurrentState.dataConnected = false , mCurrentState.isDefault = false , typeIcon = 0 , statusIcon.visible = true , mCurrentState.roaming = false , isWfcEnabl = false , volteIcon = 0
07-31 11:57:32.725  1492  1768 E WifiStaIfaceHidlImpl: getLinkLayerStatsV1_5 failed with status: {.code = ERROR_UNKNOWN, .description = unknown}
07-31 11:57:33.553   846   928 E Accelerometer: x:y:z=[-0.210000,-0.181000,9.807000]
07-31 11:57:35.760  1492  1768 E WifiStaIfaceHidlImpl: getLinkLayerStatsV1_5 failed with status: {.code = ERROR_UNKNOWN, .description = unknown}
07-31 11:57:37.253  1930  2122 E NetworkController.MobileSignalController(1): notifyListeners showDataIcon = false , dataDisconneted = true , activityIn = false , activityOut = false , mCurrentState.dataConnected = false , mCurrentState.isDefault = false , typeIcon = 0 , statusIcon.visible = true , mCurrentState.roaming = false , isWfcEnabl = false , volteIcon = 0
07-31 11:57:38.790  1492  1768 E WifiStaIfaceHidlImpl: getLinkLayerStatsV1_5 failed with status: {.code = ERROR_UNKNOWN, .description = unknown}
07-31 11:57:41.825  1492  1768 E WifiStaIfaceHidlImpl: getLinkLayerStatsV1_5 failed with status: {.code = ERROR_UNKNOWN, .description = unknown}
07-31 11:57:42.376  1930  2122 E NetworkController.MobileSignalController(1): notifyListeners showDataIcon = false , dataDisconneted = true , activityIn = false , activityOut = false , mCurrentState.dataConnected = false , mCurrentState.isDefault = false , typeIcon = 0 , statusIcon.visible = true , mCurrentState.roaming = false , isWfcEnabl = false , volteIcon = 0
07-31 11:57:43.552   846   928 E Accelerometer: x:y:z=[-0.172000,-0.095000,9.826000]
07-31 11:57:44.860  1492  1768 E WifiStaIfaceHidlImpl: getLinkLayerStatsV1_5 failed with status: {.code = ERROR_UNKNOWN, .description = unknown}
07-31 11:57:47.493  1930  2122 E NetworkController.MobileSignalController(1): notifyListeners showDataIcon = false , dataDisconneted = true , activityIn = false , activityOut = false , mCurrentState.dataConnected = false , mCurrentState.isDefault = false , typeIcon = 0 , statusIcon.visible = true , mCurrentState.roaming = false , isWfcEnabl = false , volteIcon = 0
07-31 11:57:47.889  1492  1768 E WifiStaIfaceHidlImpl: getLinkLayerStatsV1_5 failed with status: {.code = ERROR_UNKNOWN, .description = unknown}
07-31 11:57:50.924  1492  1768 E WifiStaIfaceHidlImpl: getLinkLayerStatsV1_5 failed with status: {.code = ERROR_UNKNOWN, .description = unknown}
07-31 11:57:52.578  1876  1916 E TGuardMemoryManagerPackageRecord: fail to removeChild, pid is 10206
07-31 11:57:52.602  1930  2122 E NetworkController.MobileSignalController(1): notifyListeners showDataIcon = false , dataDisconneted = true , activityIn = false , activityOut = false , mCurrentState.dataConnected = false , mCurrentState.isDefault = false , typeIcon = 0 , statusIcon.visible = true , mCurrentState.roaming = false , isWfcEnabl = false , volteIcon = 0
07-31 11:57:53.552   846   928 E Accelerometer: x:y:z=[-0.181000,-0.114000,9.816000]
07-31 11:57:53.952  1492  1768 E WifiStaIfaceHidlImpl: getLinkLayerStatsV1_5 failed with status: {.code = ERROR_UNKNOWN, .description = unknown}
07-31 11:57:56.986  1492  1768 E WifiStaIfaceHidlImpl: getLinkLayerStatsV1_5 failed with status: {.code = ERROR_UNKNOWN, .description = unknown}
07-31 11:57:57.720  1930  2122 E NetworkController.MobileSignalController(1): notifyListeners showDataIcon = false , dataDisconneted = true , activityIn = false , activityOut = false , mCurrentState.dataConnected = false , mCurrentState.isDefault = false , typeIcon = 0 , statusIcon.visible = true , mCurrentState.roaming = false , isWfcEnabl = false , volteIcon = 0
07-31 11:58:00.022  1492  1768 E WifiStaIfaceHidlImpl: getLinkLayerStatsV1_5 failed with status: {.code = ERROR_UNKNOWN, .description = unknown}
07-31 11:58:00.256   853   909 E mtkpower@impl: [setMode] unknown type
07-31 11:58:00.324   853   909 E mtkpower@impl: [setMode] unknown type
07-31 11:58:02.838  1930  2122 E NetworkController.MobileSignalController(1): notifyListeners showDataIcon = false , dataDisconneted = true , activityIn = false , activityOut = false , mCurrentState.dataConnected = false , mCurrentState.isDefault = false , typeIcon = 0 , statusIcon.visible = true , mCurrentState.roaming = false , isWfcEnabl = false , volteIcon = 0
07-31 11:58:03.048  1492  1768 E WifiStaIfaceHidlImpl: getLinkLayerStatsV1_5 failed with status: {.code = ERROR_UNKNOWN, .description = unknown}
07-31 11:58:03.552   846   928 E Accelerometer: x:y:z=[-0.181000,-0.153000,9.797000]
07-31 11:58:06.077  1492  1768 E WifiStaIfaceHidlImpl: getLinkLayerStatsV1_5 failed with status: {.code = ERROR_UNKNOWN, .description = unknown}
07-31 11:58:07.974  1930  2122 E NetworkController.MobileSignalController(1): notifyListeners showDataIcon = false , dataDisconneted = true , activityIn = false , activityOut = false , mCurrentState.dataConnected = false , mCurrentState.isDefault = false , typeIcon = 0 , statusIcon.visible = true , mCurrentState.roaming = false , isWfcEnabl = false , volteIcon = 0
07-31 11:58:09.114  1492  1768 E WifiStaIfaceHidlImpl: getLinkLayerStatsV1_5 failed with status: {.code = ERROR_UNKNOWN, .description = unknown}
07-31 11:58:12.152  1492  1768 E WifiStaIfaceHidlImpl: getLinkLayerStatsV1_5 failed with status: {.code = ERROR_UNKNOWN, .description = unknown}
07-31 11:58:13.553   846   928 E Accelerometer: x:y:z=[-0.172000,-0.162000,9.787000]
07-31 11:58:15.178  1492  1768 E WifiStaIfaceHidlImpl: getLinkLayerStatsV1_5 failed with status: {.code = ERROR_UNKNOWN, .description = unknown}
07-31 11:58:18.208  1930  2122 E NetworkController.MobileSignalController(1): notifyListeners showDataIcon = false , dataDisconneted = true , activityIn = false , activityOut = false , mCurrentState.dataConnected = false , mCurrentState.isDefault = false , typeIcon = 0 , statusIcon.visible = true , mCurrentState.roaming = false , isWfcEnabl = false , volteIcon = 0
07-31 11:58:18.215  1492  1768 E WifiStaIfaceHidlImpl: getLinkLayerStatsV1_5 failed with status: {.code = ERROR_UNKNOWN, .description = unknown}
07-31 11:58:21.256  1492  1768 E WifiStaIfaceHidlImpl: getLinkLayerStatsV1_5 failed with status: {.code = ERROR_UNKNOWN, .description = unknown}
07-31 11:58:23.332  1930  2122 E NetworkController.MobileSignalController(1): notifyListeners showDataIcon = false , dataDisconneted = true , activityIn = false , activityOut = false , mCurrentState.dataConnected = false , mCurrentState.isDefault = false , typeIcon = 0 , statusIcon.visible = true , mCurrentState.roaming = false , isWfcEnabl = false , volteIcon = 0
07-31 11:58:23.553   846   928 E Accelerometer: x:y:z=[-0.210000,-0.143000,9.797000]
07-31 11:58:24.293  1492  1768 E WifiStaIfaceHidlImpl: getLinkLayerStatsV1_5 failed with status: {.code = ERROR_UNKNOWN, .description = unknown}
07-31 11:58:26.482 12657 12657 E d.process.media: Not starting debugger since process cannot load the jdwp agent.
07-31 11:58:26.658  1930  3003 E ExpandableNotifRow: This constructor shouldn't be called
07-31 11:58:26.754  1876  1916 E TGuardMemoryManagerPackageRecord: fail to removeChild, pid is 12157
07-31 11:58:26.949  1930  3003 E ExpandableNotifRow: This constructor shouldn't be called
07-31 11:58:27.323  1492  1768 E WifiStaIfaceHidlImpl: getLinkLayerStatsV1_5 failed with status: {.code = ERROR_UNKNOWN, .description = unknown}
07-31 11:58:27.551   853   909 E mtkpower@impl: [setMode] unknown type
07-31 11:58:27.618   853   909 E mtkpower@impl: [setMode] unknown type
07-31 11:58:27.835 12681 12681 E ocessService0:0: Not starting debugger since process cannot load the jdwp agent.
07-31 11:58:28.460  1930  2122 E NetworkController.MobileSignalController(1): notifyListeners showDataIcon = false , dataDisconneted = true , activityIn = false , activityOut = false , mCurrentState.dataConnected = false , mCurrentState.isDefault = false , typeIcon = 0 , statusIcon.visible = true , mCurrentState.roaming = false , isWfcEnabl = false , volteIcon = 0
07-31 11:58:30.353  1492  1768 E WifiStaIfaceHidlImpl: getLinkLayerStatsV1_5 failed with status: {.code = ERROR_UNKNOWN, .description = unknown}
07-31 11:58:33.391  1492  1768 E WifiStaIfaceHidlImpl: getLinkLayerStatsV1_5 failed with status: {.code = ERROR_UNKNOWN, .description = unknown}
07-31 11:58:33.552   846   928 E Accelerometer: x:y:z=[-0.210000,-0.181000,9.787000]
07-31 11:58:33.566  1930  2122 E NetworkController.MobileSignalController(1): notifyListeners showDataIcon = false , dataDisconneted = true , activityIn = false , activityOut = false , mCurrentState.dataConnected = false , mCurrentState.isDefault = false , typeIcon = 0 , statusIcon.visible = true , mCurrentState.roaming = false , isWfcEnabl = false , volteIcon = 0
07-31 11:58:36.423  1492  1768 E WifiStaIfaceHidlImpl: getLinkLayerStatsV1_5 failed with status: {.code = ERROR_UNKNOWN, .description = unknown}
07-31 11:58:38.691  1930  2122 E NetworkController.MobileSignalController(1): notifyListeners showDataIcon = false , dataDisconneted = true , activityIn = false , activityOut = false , mCurrentState.dataConnected = false , mCurrentState.isDefault = false , typeIcon = 0 , statusIcon.visible = true , mCurrentState.roaming = false , isWfcEnabl = false , volteIcon = 0
07-31 11:58:39.458  1492  1768 E WifiStaIfaceHidlImpl: getLinkLayerStatsV1_5 failed with status: {.code = ERROR_UNKNOWN, .description = unknown}
07-31 11:58:42.490  1492  1768 E WifiStaIfaceHidlImpl: getLinkLayerStatsV1_5 failed with status: {.code = ERROR_UNKNOWN, .description = unknown}
07-31 11:58:43.553   846   928 E Accelerometer: x:y:z=[-0.191000,-0.153000,9.807000]
07-31 11:58:43.811  1930  2122 E NetworkController.MobileSignalController(1): notifyListeners showDataIcon = false , dataDisconneted = true , activityIn = false , activityOut = false , mCurrentState.dataConnected = false , mCurrentState.isDefault = false , typeIcon = 0 , statusIcon.visible = true , mCurrentState.roaming = false , isWfcEnabl = false , volteIcon = 0
07-31 11:58:45.527  1492  1768 E WifiStaIfaceHidlImpl: getLinkLayerStatsV1_5 failed with status: {.code = ERROR_UNKNOWN, .description = unknown}
07-31 11:58:48.564  1492  1768 E WifiStaIfaceHidlImpl: getLinkLayerStatsV1_5 failed with status: {.code = ERROR_UNKNOWN, .description = unknown}
07-31 11:58:48.932  1930  2122 E NetworkController.MobileSignalController(1): notifyListeners showDataIcon = false , dataDisconneted = true , activityIn = false , activityOut = false , mCurrentState.dataConnected = false , mCurrentState.isDefault = false , typeIcon = 0 , statusIcon.visible = true , mCurrentState.roaming = false , isWfcEnabl = false , volteIcon = 0
07-31 11:58:51.597  1492  1768 E WifiStaIfaceHidlImpl: getLinkLayerStatsV1_5 failed with status: {.code = ERROR_UNKNOWN, .description = unknown}
07-31 11:58:52.844  1876  1916 E TGuardMemoryManagerPackageRecord: fail to removeChild, pid is 11824
07-31 11:58:52.855  1492  1669 E system_server: updateValue is called with a value {0, 0, 0, 0, 0, 0, 0, 0, 0, 0, 0, 0, 0, 0, 0, 0, 0, 0, 0, 0, 0, 0, 0, 0, 0, 0, 0, 0, 0, 0, 0, 0}, which is lower than the previous value {0, 0, 0, 0, 0, 0, 0, 0, 0, 0, 0, 0, 0, 0, 0, 33, 0, 0, 0, 0, 0, 0, 0, 0, 0, 0, 0, 0, 0, 0, 0, 93}
07-31 11:58:52.855  1492  1669 E system_server: updateValue is called with a value {0, 0, 0, 0, 0, 0, 0, 0, 0, 0, 0, 0, 0, 0, 0, 0, 0, 0, 0, 0, 0, 0, 0, 0, 0, 0, 0, 0, 0, 0, 0, 0}, which is lower than the previous value {0, 0, 0, 0, 0, 24, 3, 0, 1, 0, 0, 0, 0, 0, 10, 136, 9, 1, 1, 1, 0, 0, 0, 0, 0, 2, 40, 0, 0, 14, 2, 802}
07-31 11:58:52.888  1876  1916 E TGuardMemoryManagerPackageRecord: fail to removeChild, pid is 12681
07-31 11:58:53.115  5287  5342 E ActivityThread: Failed to find provider info for com.verizon.vzwavs.provider
07-31 11:58:53.626   846   928 E Accelerometer: x:y:z=[-0.210000,-0.076000,9.816000]
07-31 11:58:54.052  1930  2122 E NetworkController.MobileSignalController(1): notifyListeners showDataIcon = false , dataDisconneted = true , activityIn = false , activityOut = false , mCurrentState.dataConnected = false , mCurrentState.isDefault = false , typeIcon = 0 , statusIcon.visible = true , mCurrentState.roaming = false , isWfcEnabl = false , volteIcon = 0
07-31 11:58:54.632  1492  1768 E WifiStaIfaceHidlImpl: getLinkLayerStatsV1_5 failed with status: {.code = ERROR_UNKNOWN, .description = unknown}
07-31 11:58:57.666  1492  1768 E WifiStaIfaceHidlImpl: getLinkLayerStatsV1_5 failed with status: {.code = ERROR_UNKNOWN, .description = unknown}
07-31 11:58:59.169  1930  2122 E NetworkController.MobileSignalController(1): notifyListeners showDataIcon = false , dataDisconneted = true , activityIn = false , activityOut = false , mCurrentState.dataConnected = false , mCurrentState.isDefault = false , typeIcon = 0 , statusIcon.visible = true , mCurrentState.roaming = false , isWfcEnabl = false , volteIcon = 0
07-31 11:59:00.140   853   909 E mtkpower@impl: [setMode] unknown type
07-31 11:59:00.211   853   909 E mtkpower@impl: [setMode] unknown type
07-31 11:59:00.698  1492  1768 E WifiStaIfaceHidlImpl: getLinkLayerStatsV1_5 failed with status: {.code = ERROR_UNKNOWN, .description = unknown}
07-31 11:59:01.372  1930  1930 E NetworkController.MobileSignalController(1): notifyListeners showDataIcon = false , dataDisconneted = true , activityIn = false , activityOut = false , mCurrentState.dataConnected = false , mCurrentState.isDefault = false , typeIcon = 0 , statusIcon.visible = true , mCurrentState.roaming = false , isWfcEnabl = false , volteIcon = 0
07-31 11:59:03.627   846   928 E Accelerometer: x:y:z=[-0.181000,-0.134000,9.826000]
07-31 11:59:03.727  1492  1768 E WifiStaIfaceHidlImpl: getLinkLayerStatsV1_5 failed with status: {.code = ERROR_UNKNOWN, .description = unknown}
07-31 11:59:06.755  1492  1768 E WifiStaIfaceHidlImpl: getLinkLayerStatsV1_5 failed with status: {.code = ERROR_UNKNOWN, .description = unknown}
07-31 11:59:09.789  1492  1768 E WifiStaIfaceHidlImpl: getLinkLayerStatsV1_5 failed with status: {.code = ERROR_UNKNOWN, .description = unknown}
07-31 11:59:12.823  1492  1768 E WifiStaIfaceHidlImpl: getLinkLayerStatsV1_5 failed with status: {.code = ERROR_UNKNOWN, .description = unknown}
07-31 11:59:13.628   846   928 E Accelerometer: x:y:z=[-0.191000,-0.134000,9.816000]
07-31 11:59:15.855  1492  1768 E WifiStaIfaceHidlImpl: getLinkLayerStatsV1_5 failed with status: {.code = ERROR_UNKNOWN, .description = unknown}
07-31 11:59:18.886  1492  1768 E WifiStaIfaceHidlImpl: getLinkLayerStatsV1_5 failed with status: {.code = ERROR_UNKNOWN, .description = unknown}
07-31 11:59:19.653  1930  2122 E NetworkController.MobileSignalController(1): notifyListeners showDataIcon = false , dataDisconneted = true , activityIn = false , activityOut = false , mCurrentState.dataConnected = false , mCurrentState.isDefault = false , typeIcon = 0 , statusIcon.visible = true , mCurrentState.roaming = false , isWfcEnabl = false , volteIcon = 0
07-31 11:59:21.915  1492  1768 E WifiStaIfaceHidlImpl: getLinkLayerStatsV1_5 failed with status: {.code = ERROR_UNKNOWN, .description = unknown}
07-31 11:59:23.628   846   928 E Accelerometer: x:y:z=[-0.191000,-0.134000,9.787000]
07-31 11:59:24.768  1930  2122 E NetworkController.MobileSignalController(1): notifyListeners showDataIcon = false , dataDisconneted = true , activityIn = false , activityOut = false , mCurrentState.dataConnected = false , mCurrentState.isDefault = false , typeIcon = 0 , statusIcon.visible = true , mCurrentState.roaming = false , isWfcEnabl = false , volteIcon = 0
07-31 11:59:24.951  1492  1768 E WifiStaIfaceHidlImpl: getLinkLayerStatsV1_5 failed with status: {.code = ERROR_UNKNOWN, .description = unknown}
07-31 11:59:27.988  1492  1768 E WifiStaIfaceHidlImpl: getLinkLayerStatsV1_5 failed with status: {.code = ERROR_UNKNOWN, .description = unknown}
07-31 11:59:29.895  1930  2122 E NetworkController.MobileSignalController(1): notifyListeners showDataIcon = false , dataDisconneted = true , activityIn = false , activityOut = false , mCurrentState.dataConnected = false , mCurrentState.isDefault = false , typeIcon = 0 , statusIcon.visible = true , mCurrentState.roaming = false , isWfcEnabl = false , volteIcon = 0
07-31 11:59:31.022  1492  1768 E WifiStaIfaceHidlImpl: getLinkLayerStatsV1_5 failed with status: {.code = ERROR_UNKNOWN, .description = unknown}
07-31 11:59:33.628   846   928 E Accelerometer: x:y:z=[-0.201000,-0.181000,9.816000]
07-31 11:59:34.059  1492  1768 E WifiStaIfaceHidlImpl: getLinkLayerStatsV1_5 failed with status: {.code = ERROR_UNKNOWN, .description = unknown}
07-31 11:59:35.006  1930  2122 E NetworkController.MobileSignalController(1): notifyListeners showDataIcon = false , dataDisconneted = true , activityIn = false , activityOut = false , mCurrentState.dataConnected = false , mCurrentState.isDefault = false , typeIcon = 0 , statusIcon.visible = true , mCurrentState.roaming = false , isWfcEnabl = false , volteIcon = 0
07-31 11:59:37.087  1492  1768 E WifiStaIfaceHidlImpl: getLinkLayerStatsV1_5 failed with status: {.code = ERROR_UNKNOWN, .description = unknown}
