07-31 12:15:19.344 13618 14039 E BlockableFutures:      at dcen.a(PG:1)
07-31 12:15:19.344 13618 14039 E BlockableFutures:      at dcdl.run(PG:4)
07-31 12:15:19.344 13618 14039 E BlockableFutures:      at dcep.run(PG:1)
07-31 12:15:19.344 13618 14039 E BlockableFutures:      at dccc.run(PG:7)
07-31 12:15:19.344 13618 14039 E BlockableFutures:      at dcbu.execute(PG:1)
07-31 12:15:19.344 13618 14039 E BlockableFutures:      at dccc.execute(PG:10)
07-31 12:15:19.344 13618 14039 E BlockableFutures:      at dbzt.o(PG:1)
07-31 12:15:19.344 13618 14039 E BlockableFutures:      at dbzt.b(PG:5)
07-31 12:15:19.344 13618 14039 E BlockableFutures:      at dcce.c(PG:6)
07-31 12:15:19.344 13618 14039 E BlockableFutures:      at cruh.h(PG:4)
07-31 12:15:19.344 13618 14039 E BlockableFutures:      at crul.a(PG:1)
07-31 12:15:19.344 13618 14039 E BlockableFutures:      at cwia.a(PG:3)
07-31 12:15:19.344 13618 14039 E BlockableFutures:      at dbzx.d(PG:2)
07-31 12:15:19.344 13618 14039 E BlockableFutures:      at dbzz.run(PG:9)
07-31 12:15:19.344 13618 14039 E BlockableFutures:      at dcbu.execute(PG:1)
07-31 12:15:19.344 13618 14039 E BlockableFutures:      at dbzt.o(PG:1)
07-31 12:15:19.344 13618 14039 E BlockableFutures:      at dbzt.b(PG:5)
07-31 12:15:19.344 13618 14039 E BlockableFutures:      at dbzz.g(PG:3)
07-31 12:15:19.344 13618 14039 E BlockableFutures:      at cruo.a(PG:3)
07-31 12:15:19.344 13618 14039 E BlockableFutures:      at cwhw.a(PG:3)
07-31 12:15:19.344 13618 14039 E BlockableFutures:      at dcca.a(PG:3)
07-31 12:15:19.344 13618 14039 E BlockableFutures:      at dcen.a(PG:1)
07-31 12:15:19.344 13618 14039 E BlockableFutures:      at dcdl.run(PG:4)
07-31 12:15:19.344 13618 14039 E BlockableFutures:      at dcep.run(PG:1)
07-31 12:15:19.344 13618 14039 E BlockableFutures:      at dcbu.execute(PG:1)
07-31 12:15:19.344 13618 14039 E BlockableFutures:      at dccc.run(PG:8)
07-31 12:15:19.344 13618 14039 E BlockableFutures:      at dcbu.execute(PG:1)
07-31 12:15:19.344 13618 14039 E BlockableFutures:      at dccc.execute(PG:10)
07-31 12:15:19.344 13618 14039 E BlockableFutures:      at dbzt.o(PG:1)
07-31 12:15:19.344 13618 14039 E BlockableFutures:      at dbzt.j(PG:12)
07-31 12:15:19.344 13618 14039 E BlockableFutures:      at dbzt.m(PG:5)
07-31 12:15:19.344 13618 14039 E BlockableFutures:      at dcby.run(PG:2)
07-31 12:15:19.344 13618 14039 E BlockableFutures:      at dcbu.execute(PG:1)
07-31 12:15:19.344 13618 14039 E BlockableFutures:      at dbzt.o(PG:1)
07-31 12:15:19.344 13618 14039 E BlockableFutures:      at dbzt.j(PG:12)
07-31 12:15:19.344 13618 14039 E BlockableFutures:      at dbzt.m(PG:5)
07-31 12:15:19.344 13618 14039 E BlockableFutures:      at dccw.run(PG:1)
07-31 12:15:19.344 13618 14039 E BlockableFutures:      at dcbu.execute(PG:1)
07-31 12:15:19.344 13618 14039 E BlockableFutures:      at dbzt.o(PG:1)
07-31 12:15:19.344 13618 14039 E BlockableFutures:      at dbzt.j(PG:12)
07-31 12:15:19.344 13618 14039 E BlockableFutures:      at dbzt.m(PG:5)
07-31 12:15:19.344 13618 14039 E BlockableFutures:      at dccw.run(PG:1)
07-31 12:15:19.344 13618 14039 E BlockableFutures:      at dcbu.execute(PG:1)
07-31 12:15:19.344 13618 14039 E BlockableFutures:      at dbzt.o(PG:1)
07-31 12:15:19.344 13618 14039 E BlockableFutures:      at dbzt.j(PG:12)
07-31 12:15:19.344 13618 14039 E BlockableFutures:      at dbzt.m(PG:5)
07-31 12:15:19.344 13618 14039 E BlockableFutures:      at dbzx.e(PG:2)
07-31 12:15:19.344 13618 14039 E BlockableFutures:      at dbzz.run(PG:13)
07-31 12:15:19.344 13618 14039 E BlockableFutures:      at dcee.run(PG:4)
07-31 12:15:19.344 13618 14039 E BlockableFutures:      at cesn.run(PG:1)
07-31 12:15:19.344 13618 14039 E BlockableFutures:      at java.util.concurrent.ThreadPoolExecutor.runWorker(ThreadPoolExecutor.java:1145)
07-31 12:15:19.344 13618 14039 E BlockableFutures:      at java.util.concurrent.ThreadPoolExecutor$Worker.run(ThreadPoolExecutor.java:644)
07-31 12:15:19.344 13618 14039 E BlockableFutures:      at cevj.run(PG:3)
07-31 12:15:19.344 13618 14039 E BlockableFutures:      at cerq.run(PG:2)
07-31 12:15:19.344 13618 14039 E BlockableFutures:      at java.lang.Thread.run(Thread.java:1012)
07-31 12:15:19.344 13618 14039 E BlockableFutures:      at cesq.run(PG:5)
07-31 12:15:19.352 13618 14039 E BlockableFutures: Cannot block on non-blocking thread
07-31 12:15:19.352 13618 14039 E BlockableFutures: java.lang.IllegalStateException: Cannot block on non-blocking thread: BG Thread #3
07-31 12:15:19.352 13618 14039 E BlockableFutures:      at ceue.c(PG:11)
07-31 12:15:19.352 13618 14039 E BlockableFutures:      at ceue.a(PG:1)
07-31 12:15:19.352 13618 14039 E BlockableFutures:      at avfa.call(PG:349)
07-31 12:15:19.352 13618 14039 E BlockableFutures:      at android.content.ContentProvider.call(ContentProvider.java:2690)
07-31 12:15:19.352 13618 14039 E BlockableFutures:      at avdk.call(PG:2)
07-31 12:15:19.352 13618 14039 E BlockableFutures:      at android.content.ContentProvider$Transport.call(ContentProvider.java:628)
07-31 12:15:19.352 13618 14039 E BlockableFutures:      at android.content.ContentResolver.call(ContentResolver.java:2470)
07-31 12:15:19.352 13618 14039 E BlockableFutures:      at android.content.ContentResolver.call(ContentResolver.java:2450)
07-31 12:15:19.352 13618 14039 E BlockableFutures:      at bzqz.f(PG:6)
07-31 12:15:19.352 13618 14039 E BlockableFutures:      at bzqz.d(PG:1)
07-31 12:15:19.352 13618 14039 E BlockableFutures:      at bzpy.a(PG:3)
07-31 12:15:19.352 13618 14039 E BlockableFutures:      at bwpe.ap(PG:9)
07-31 12:15:19.352 13618 14039 E BlockableFutures:      at bwpe.ao(PG:8)
07-31 12:15:19.352 13618 14039 E BlockableFutures:      at bwpe.a(PG:1)
07-31 12:15:19.352 13618 14039 E BlockableFutures:      at byec.k(PG:12)
07-31 12:15:19.352 13618 14039 E BlockableFutures:      at byec.c(PG:1)
07-31 12:15:19.352 13618 14039 E BlockableFutures:      at bxku.b(PG:1)
07-31 12:15:19.352 13618 14039 E BlockableFutures:      at bwla.C(PG:12)
07-31 12:15:19.352 13618 14039 E BlockableFutures:      at bwlv.u(PG:1)
07-31 12:15:19.352 13618 14039 E BlockableFutures:      at bwmb.e(PG:7)
07-31 12:15:19.352 13618 14039 E BlockableFutures:      at bydv.c(PG:25)
07-31 12:15:19.352 13618 14039 E BlockableFutures:      at bycx.apply(PG:1)
07-31 12:15:19.352 13618 14039 E BlockableFutures:      at bydn.apply(PG:1)
07-31 12:15:19.352 13618 14039 E BlockableFutures:      at crum.a(PG:1)
07-31 12:15:19.352 13618 14039 E BlockableFutures:      at cwia.a(PG:3)
07-31 12:15:19.352 13618 14039 E BlockableFutures:      at dbzx.d(PG:2)
07-31 12:15:19.352 13618 14039 E BlockableFutures:      at dbzz.run(PG:9)
07-31 12:15:19.352 13618 14039 E BlockableFutures:      at dcbu.execute(PG:1)
07-31 12:15:19.352 13618 14039 E BlockableFutures:      at dbzt.o(PG:1)
07-31 12:15:19.352 13618 14039 E BlockableFutures:      at dbzt.b(PG:5)
07-31 12:15:19.352 13618 14039 E BlockableFutures:      at dbzz.g(PG:3)
07-31 12:15:19.352 13618 14039 E BlockableFutures:      at crud.a(PG:3)
07-31 12:15:19.352 13618 14039 E BlockableFutures:      at cwhw.a(PG:3)
07-31 12:15:19.352 13618 14039 E BlockableFutures:      at dcca.a(PG:3)
07-31 12:15:19.352 13618 14039 E BlockableFutures:      at dcen.a(PG:1)
07-31 12:15:19.352 13618 14039 E BlockableFutures:      at dcdl.run(PG:4)
07-31 12:15:19.352 13618 14039 E BlockableFutures:      at dcep.run(PG:1)
07-31 12:15:19.352 13618 14039 E BlockableFutures:      at dccc.run(PG:7)
07-31 12:15:19.352 13618 14039 E BlockableFutures:      at dcbu.execute(PG:1)
07-31 12:15:19.352 13618 14039 E BlockableFutures:      at dccc.execute(PG:10)
07-31 12:15:19.352 13618 14039 E BlockableFutures:      at dbzt.o(PG:1)
07-31 12:15:19.352 13618 14039 E BlockableFutures:      at dbzt.b(PG:5)
07-31 12:15:19.352 13618 14039 E BlockableFutures:      at dcce.c(PG:6)
07-31 12:15:19.352 13618 14039 E BlockableFutures:      at cruh.h(PG:4)
07-31 12:15:19.352 13618 14039 E BlockableFutures:      at crul.a(PG:1)
07-31 12:15:19.352 13618 14039 E BlockableFutures:      at cwia.a(PG:3)
07-31 12:15:19.352 13618 14039 E BlockableFutures:      at dbzx.d(PG:2)
07-31 12:15:19.352 13618 14039 E BlockableFutures:      at dbzz.run(PG:9)
07-31 12:15:19.352 13618 14039 E BlockableFutures:      at dcbu.execute(PG:1)
07-31 12:15:19.352 13618 14039 E BlockableFutures:      at dbzt.o(PG:1)
07-31 12:15:19.352 13618 14039 E BlockableFutures:      at dbzt.b(PG:5)
07-31 12:15:19.352 13618 14039 E BlockableFutures:      at dbzz.g(PG:3)
07-31 12:15:19.352 13618 14039 E BlockableFutures:      at cruo.a(PG:3)
07-31 12:15:19.352 13618 14039 E BlockableFutures:      at cwhw.a(PG:3)
07-31 12:15:19.352 13618 14039 E BlockableFutures:      at dcca.a(PG:3)
07-31 12:15:19.352 13618 14039 E BlockableFutures:      at dcen.a(PG:1)
07-31 12:15:19.352 13618 14039 E BlockableFutures:      at dcdl.run(PG:4)
07-31 12:15:19.352 13618 14039 E BlockableFutures:      at dcep.run(PG:1)
07-31 12:15:19.352 13618 14039 E BlockableFutures:      at dcbu.execute(PG:1)
07-31 12:15:19.352 13618 14039 E BlockableFutures:      at dccc.run(PG:8)
07-31 12:15:19.352 13618 14039 E BlockableFutures:      at dcbu.execute(PG:1)
07-31 12:15:19.352 13618 14039 E BlockableFutures:      at dccc.execute(PG:10)
07-31 12:15:19.352 13618 14039 E BlockableFutures:      at dbzt.o(PG:1)
07-31 12:15:19.352 13618 14039 E BlockableFutures:      at dbzt.j(PG:12)
07-31 12:15:19.352 13618 14039 E BlockableFutures:      at dbzt.m(PG:5)
07-31 12:15:19.352 13618 14039 E BlockableFutures:      at dcby.run(PG:2)
07-31 12:15:19.352 13618 14039 E BlockableFutures:      at dcbu.execute(PG:1)
07-31 12:15:19.352 13618 14039 E BlockableFutures:      at dbzt.o(PG:1)
07-31 12:15:19.352 13618 14039 E BlockableFutures:      at dbzt.j(PG:12)
07-31 12:15:19.352 13618 14039 E BlockableFutures:      at dbzt.m(PG:5)
07-31 12:15:19.352 13618 14039 E BlockableFutures:      at dccw.run(PG:1)
07-31 12:15:19.352 13618 14039 E BlockableFutures:      at dcbu.execute(PG:1)
07-31 12:15:19.352 13618 14039 E BlockableFutures:      at dbzt.o(PG:1)
07-31 12:15:19.352 13618 14039 E BlockableFutures:      at dbzt.j(PG:12)
07-31 12:15:19.352 13618 14039 E BlockableFutures:      at dbzt.m(PG:5)
07-31 12:15:19.352 13618 14039 E BlockableFutures:      at dccw.run(PG:1)
07-31 12:15:19.352 13618 14039 E BlockableFutures:      at dcbu.execute(PG:1)
07-31 12:15:19.352 13618 14039 E BlockableFutures:      at dbzt.o(PG:1)
07-31 12:15:19.352 13618 14039 E BlockableFutures:      at dbzt.j(PG:12)
07-31 12:15:19.352 13618 14039 E BlockableFutures:      at dbzt.m(PG:5)
07-31 12:15:19.352 13618 14039 E BlockableFutures:      at dbzx.e(PG:2)
07-31 12:15:19.352 13618 14039 E BlockableFutures:      at dbzz.run(PG:13)
07-31 12:15:19.352 13618 14039 E BlockableFutures:      at dcee.run(PG:4)
07-31 12:15:19.352 13618 14039 E BlockableFutures:      at cesn.run(PG:1)
07-31 12:15:19.352 13618 14039 E BlockableFutures:      at java.util.concurrent.ThreadPoolExecutor.runWorker(ThreadPoolExecutor.java:1145)
07-31 12:15:19.352 13618 14039 E BlockableFutures:      at java.util.concurrent.ThreadPoolExecutor$Worker.run(ThreadPoolExecutor.java:644)
07-31 12:15:19.352 13618 14039 E BlockableFutures:      at cevj.run(PG:3)
07-31 12:15:19.352 13618 14039 E BlockableFutures:      at cerq.run(PG:2)
07-31 12:15:19.352 13618 14039 E BlockableFutures:      at java.lang.Thread.run(Thread.java:1012)
07-31 12:15:19.352 13618 14039 E BlockableFutures:      at cesq.run(PG:5)
07-31 12:15:20.228  1492  1768 E WifiStaIfaceHidlImpl: getLinkLayerStatsV1_5 failed with status: {.code = ERROR_UNKNOWN, .description = unknown}
07-31 12:15:22.214  1930  2122 E NetworkController.MobileSignalController(1): notifyListeners showDataIcon = false , dataDisconneted = true , activityIn = false , activityOut = false , mCurrentState.dataConnected = false , mCurrentState.isDefault = false , typeIcon = 0 , statusIcon.visible = true , mCurrentState.roaming = false , isWfcEnabl = false , volteIcon = 0
07-31 12:15:23.265  1492  1768 E WifiStaIfaceHidlImpl: getLinkLayerStatsV1_5 failed with status: {.code = ERROR_UNKNOWN, .description = unknown}
07-31 12:15:23.399   846   928 E Accelerometer: x:y:z=[-0.153000,-0.134000,9.807000]
07-31 12:15:26.300  1492  1768 E WifiStaIfaceHidlImpl: getLinkLayerStatsV1_5 failed with status: {.code = ERROR_UNKNOWN, .description = unknown}
07-31 12:15:26.731   617   624 E android.system.suspend-service: Error opening kernel wakelock stats for: wakeup2 (../../devices/platform/10238000.gce_mbox/wakeup/wakeup2): Permission denied
07-31 12:15:26.786   617   624 E android.system.suspend-service: Error opening kernel wakelock stats for: wakeup0 (../../devices/platform/odm/odm:gpio_keys/wakeup/wakeup0): Permission denied
07-31 12:15:26.828   617   624 E android.system.suspend-service: Error opening kernel wakelock stats for: wakeup9 (../../devices/platform/1000d000.pwrap/1000d000.pwrap:main_pmic/mt6357-charger-type-detection/power_supply/usb/wakeup9): Permission denied
07-31 12:15:26.831   617   624 E android.system.suspend-service: Error opening kernel wakelock stats for: wakeup235 (../../devices/platform/flashlights_aw36406/wakeup/wakeup235): Permission denied
07-31 12:15:26.933   617   624 E android.system.suspend-service: Error opening kernel wakelock stats for: wakeup20 (../../devices/platform/11007000.i2c/i2c-0/0-006b/power_supply/eta6963-master/wakeup20): Permission denied
07-31 12:15:26.950   617   624 E android.system.suspend-service: Error opening kernel wakelock stats for: wakeup10 (../../devices/platform/11016000.i2c/i2c-5/5-0060/wakeup/wakeup10): Permission denied
07-31 12:15:27.012   617   624 E android.system.suspend-service: Error opening kernel wakelock stats for: wakeup37 (../../devices/platform/1000d000.pwrap/1000d000.pwrap:main_pmic/mt6397-rtc/rtc/rtc0/alarmtimer.1.auto/wakeup/wakeup37): Permission denied
07-31 12:15:27.139   617   624 E android.system.suspend-service: Error opening kernel wakelock stats for: wakeup8 (../../devices/platform/1000d000.pwrap/1000d000.pwrap:main_pmic/mt6357-charger-type-detection/power_supply/ac/wakeup8): Permission denied
07-31 12:15:27.176   617   624 E android.system.suspend-service: Error opening kernel wakelock stats for: wakeup21 (../../devices/platform/11007000.i2c/i2c-0/0-006b/wakeup/wakeup21): Permission denied
07-31 12:15:27.194   617   624 E android.system.suspend-service: Error opening kernel wakelock stats for: wakeup11 (../../devices/platform/11016000.i2c/i2c-5/5-0060/wakeup/wakeup11): Permission denied
07-31 12:15:27.212   617   624 E android.system.suspend-service: Error opening kernel wakelock stats for: wakeup250 (../../devices/platform/18002000.consys/wakeup/wakeup250): Permission denied
07-31 12:15:29.337  1492  1768 E WifiStaIfaceHidlImpl: getLinkLayerStatsV1_5 failed with status: {.code = ERROR_UNKNOWN, .description = unknown}
07-31 12:15:32.367  1492  1768 E WifiStaIfaceHidlImpl: getLinkLayerStatsV1_5 failed with status: {.code = ERROR_UNKNOWN, .description = unknown}
07-31 12:15:32.453  1930  2122 E NetworkController.MobileSignalController(1): notifyListeners showDataIcon = false , dataDisconneted = true , activityIn = false , activityOut = false , mCurrentState.dataConnected = false , mCurrentState.isDefault = false , typeIcon = 0 , statusIcon.visible = true , mCurrentState.roaming = false , isWfcEnabl = false , volteIcon = 0
07-31 12:15:33.399   846   928 E Accelerometer: x:y:z=[-0.181000,-0.181000,9.797000]
07-31 12:15:35.405  1492  1768 E WifiStaIfaceHidlImpl: getLinkLayerStatsV1_5 failed with status: {.code = ERROR_UNKNOWN, .description = unknown}
07-31 12:15:37.570  1930  2122 E NetworkController.MobileSignalController(1): notifyListeners showDataIcon = false , dataDisconneted = true , activityIn = false , activityOut = false , mCurrentState.dataConnected = false , mCurrentState.isDefault = false , typeIcon = 0 , statusIcon.visible = true , mCurrentState.roaming = false , isWfcEnabl = false , volteIcon = 0
07-31 12:15:38.442  1492  1768 E WifiStaIfaceHidlImpl: getLinkLayerStatsV1_5 failed with status: {.code = ERROR_UNKNOWN, .description = unknown}
07-31 12:15:41.476  1492  1768 E WifiStaIfaceHidlImpl: getLinkLayerStatsV1_5 failed with status: {.code = ERROR_UNKNOWN, .description = unknown}
07-31 12:15:42.694  1930  2122 E NetworkController.MobileSignalController(1): notifyListeners showDataIcon = false , dataDisconneted = true , activityIn = false , activityOut = false , mCurrentState.dataConnected = false , mCurrentState.isDefault = false , typeIcon = 0 , statusIcon.visible = true , mCurrentState.roaming = false , isWfcEnabl = false , volteIcon = 0
07-31 12:15:43.398   846   928 E Accelerometer: x:y:z=[-0.172000,-0.134000,9.826000]
07-31 12:15:44.503  1492  1768 E WifiStaIfaceHidlImpl: getLinkLayerStatsV1_5 failed with status: {.code = ERROR_UNKNOWN, .description = unknown}
07-31 12:15:47.533  1492  1768 E WifiStaIfaceHidlImpl: getLinkLayerStatsV1_5 failed with status: {.code = ERROR_UNKNOWN, .description = unknown}
07-31 12:15:47.802  1930  2122 E NetworkController.MobileSignalController(1): notifyListeners showDataIcon = false , dataDisconneted = true , activityIn = false , activityOut = false , mCurrentState.dataConnected = false , mCurrentState.isDefault = false , typeIcon = 0 , statusIcon.visible = true , mCurrentState.roaming = false , isWfcEnabl = false , volteIcon = 0
07-31 12:15:50.567  1492  1768 E WifiStaIfaceHidlImpl: getLinkLayerStatsV1_5 failed with status: {.code = ERROR_UNKNOWN, .description = unknown}
07-31 12:15:52.930  1930  2122 E NetworkController.MobileSignalController(1): notifyListeners showDataIcon = false , dataDisconneted = true , activityIn = false , activityOut = false , mCurrentState.dataConnected = false , mCurrentState.isDefault = false , typeIcon = 0 , statusIcon.visible = true , mCurrentState.roaming = false , isWfcEnabl = false , volteIcon = 0
07-31 12:15:53.359   846   928 E Accelerometer: x:y:z=[-0.201000,-0.114000,9.826000]
07-31 12:15:53.604  1492  1768 E WifiStaIfaceHidlImpl: getLinkLayerStatsV1_5 failed with status: {.code = ERROR_UNKNOWN, .description = unknown}
07-31 12:15:56.631  1492  1768 E WifiStaIfaceHidlImpl: getLinkLayerStatsV1_5 failed with status: {.code = ERROR_UNKNOWN, .description = unknown}
07-31 12:15:58.056  1930  2122 E NetworkController.MobileSignalController(1): notifyListeners showDataIcon = false , dataDisconneted = true , activityIn = false , activityOut = false , mCurrentState.dataConnected = false , mCurrentState.isDefault = false , typeIcon = 0 , statusIcon.visible = true , mCurrentState.roaming = false , isWfcEnabl = false , volteIcon = 0
07-31 12:15:59.664  1492  1768 E WifiStaIfaceHidlImpl: getLinkLayerStatsV1_5 failed with status: {.code = ERROR_UNKNOWN, .description = unknown}
07-31 12:16:00.147   853   909 E mtkpower@impl: [setMode] unknown type
07-31 12:16:00.219   853   909 E mtkpower@impl: [setMode] unknown type
07-31 12:16:02.689  1492  1768 E WifiStaIfaceHidlImpl: getLinkLayerStatsV1_5 failed with status: {.code = ERROR_UNKNOWN, .description = unknown}
07-31 12:16:03.169  1930  2122 E NetworkController.MobileSignalController(1): notifyListeners showDataIcon = false , dataDisconneted = true , activityIn = false , activityOut = false , mCurrentState.dataConnected = false , mCurrentState.isDefault = false , typeIcon = 0 , statusIcon.visible = true , mCurrentState.roaming = false , isWfcEnabl = false , volteIcon = 0
07-31 12:16:03.359   846   928 E Accelerometer: x:y:z=[-0.172000,-0.134000,9.816000]
07-31 12:16:05.720  1492  1768 E WifiStaIfaceHidlImpl: getLinkLayerStatsV1_5 failed with status: {.code = ERROR_UNKNOWN, .description = unknown}
07-31 12:16:08.291  1930  2122 E NetworkController.MobileSignalController(1): notifyListeners showDataIcon = false , dataDisconneted = true , activityIn = false , activityOut = false , mCurrentState.dataConnected = false , mCurrentState.isDefault = false , typeIcon = 0 , statusIcon.visible = true , mCurrentState.roaming = false , isWfcEnabl = false , volteIcon = 0
07-31 12:16:08.751  1492  1768 E WifiStaIfaceHidlImpl: getLinkLayerStatsV1_5 failed with status: {.code = ERROR_UNKNOWN, .description = unknown}
07-31 12:16:11.785  1492  1768 E WifiStaIfaceHidlImpl: getLinkLayerStatsV1_5 failed with status: {.code = ERROR_UNKNOWN, .description = unknown}
07-31 12:16:13.360   846   928 E Accelerometer: x:y:z=[-0.181000,-0.181000,9.816000]
07-31 12:16:13.406  1930  2122 E NetworkController.MobileSignalController(1): notifyListeners showDataIcon = false , dataDisconneted = true , activityIn = false , activityOut = false , mCurrentState.dataConnected = false , mCurrentState.isDefault = false , typeIcon = 0 , statusIcon.visible = true , mCurrentState.roaming = false , isWfcEnabl = false , volteIcon = 0
07-31 12:16:14.820  1492  1768 E WifiStaIfaceHidlImpl: getLinkLayerStatsV1_5 failed with status: {.code = ERROR_UNKNOWN, .description = unknown}
07-31 12:16:17.855  1492  1768 E WifiStaIfaceHidlImpl: getLinkLayerStatsV1_5 failed with status: {.code = ERROR_UNKNOWN, .description = unknown}
07-31 12:16:18.524  1930  2122 E NetworkController.MobileSignalController(1): notifyListeners showDataIcon = false , dataDisconneted = true , activityIn = false , activityOut = false , mCurrentState.dataConnected = false , mCurrentState.isDefault = false , typeIcon = 0 , statusIcon.visible = true , mCurrentState.roaming = false , isWfcEnabl = false , volteIcon = 0
07-31 12:16:20.891  1492  1768 E WifiStaIfaceHidlImpl: getLinkLayerStatsV1_5 failed with status: {.code = ERROR_UNKNOWN, .description = unknown}
07-31 12:16:23.360   846   928 E Accelerometer: x:y:z=[-0.181000,-0.153000,9.797000]
07-31 12:16:23.653  1930  2122 E NetworkController.MobileSignalController(1): notifyListeners showDataIcon = false , dataDisconneted = true , activityIn = false , activityOut = false , mCurrentState.dataConnected = false , mCurrentState.isDefault = false , typeIcon = 0 , statusIcon.visible = true , mCurrentState.roaming = false , isWfcEnabl = false , volteIcon = 0
07-31 12:16:23.919  1492  1768 E WifiStaIfaceHidlImpl: getLinkLayerStatsV1_5 failed with status: {.code = ERROR_UNKNOWN, .description = unknown}
07-31 12:16:26.953  1492  1768 E WifiStaIfaceHidlImpl: getLinkLayerStatsV1_5 failed with status: {.code = ERROR_UNKNOWN, .description = unknown}
07-31 12:16:28.771  1930  2122 E NetworkController.MobileSignalController(1): notifyListeners showDataIcon = false , dataDisconneted = true , activityIn = false , activityOut = false , mCurrentState.dataConnected = false , mCurrentState.isDefault = false , typeIcon = 0 , statusIcon.visible = true , mCurrentState.roaming = false , isWfcEnabl = false , volteIcon = 0
07-31 12:16:29.996  1492  1768 E WifiStaIfaceHidlImpl: getLinkLayerStatsV1_5 failed with status: {.code = ERROR_UNKNOWN, .description = unknown}
07-31 12:16:33.032  1492  1768 E WifiStaIfaceHidlImpl: getLinkLayerStatsV1_5 failed with status: {.code = ERROR_UNKNOWN, .description = unknown}
07-31 12:16:33.360   846   928 E Accelerometer: x:y:z=[-0.181000,-0.153000,9.797000]
07-31 12:16:33.897  1930  2122 E NetworkController.MobileSignalController(1): notifyListeners showDataIcon = false , dataDisconneted = true , activityIn = false , activityOut = false , mCurrentState.dataConnected = false , mCurrentState.isDefault = false , typeIcon = 0 , statusIcon.visible = true , mCurrentState.roaming = false , isWfcEnabl = false , volteIcon = 0
07-31 12:16:36.058  1492  1768 E WifiStaIfaceHidlImpl: getLinkLayerStatsV1_5 failed with status: {.code = ERROR_UNKNOWN, .description = unknown}
07-31 12:16:39.010  1930  2122 E NetworkController.MobileSignalController(1): notifyListeners showDataIcon = false , dataDisconneted = true , activityIn = false , activityOut = false , mCurrentState.dataConnected = false , mCurrentState.isDefault = false , typeIcon = 0 , statusIcon.visible = true , mCurrentState.roaming = false , isWfcEnabl = false , volteIcon = 0
07-31 12:16:39.093  1492  1768 E WifiStaIfaceHidlImpl: getLinkLayerStatsV1_5 failed with status: {.code = ERROR_UNKNOWN, .description = unknown}
07-31 12:16:42.128  1492  1768 E WifiStaIfaceHidlImpl: getLinkLayerStatsV1_5 failed with status: {.code = ERROR_UNKNOWN, .description = unknown}
07-31 12:16:43.359   846   928 E Accelerometer: x:y:z=[-0.191000,-0.143000,9.797000]
07-31 12:16:44.130  1930  2122 E NetworkController.MobileSignalController(1): notifyListeners showDataIcon = false , dataDisconneted = true , activityIn = false , activityOut = false , mCurrentState.dataConnected = false , mCurrentState.isDefault = false , typeIcon = 0 , statusIcon.visible = true , mCurrentState.roaming = false , isWfcEnabl = false , volteIcon = 0
07-31 12:16:45.163  1492  1768 E WifiStaIfaceHidlImpl: getLinkLayerStatsV1_5 failed with status: {.code = ERROR_UNKNOWN, .description = unknown}
07-31 12:16:48.198  1492  1768 E WifiStaIfaceHidlImpl: getLinkLayerStatsV1_5 failed with status: {.code = ERROR_UNKNOWN, .description = unknown}
07-31 12:16:49.258  1930  2122 E NetworkController.MobileSignalController(1): notifyListeners showDataIcon = false , dataDisconneted = true , activityIn = false , activityOut = false , mCurrentState.dataConnected = false , mCurrentState.isDefault = false , typeIcon = 0 , statusIcon.visible = true , mCurrentState.roaming = false , isWfcEnabl = false , volteIcon = 0
07-31 12:16:51.227  1492  1768 E WifiStaIfaceHidlImpl: getLinkLayerStatsV1_5 failed with status: {.code = ERROR_UNKNOWN, .description = unknown}
07-31 12:16:53.360   846   928 E Accelerometer: x:y:z=[-0.191000,-0.134000,9.797000]
07-31 12:16:54.262  1492  1768 E WifiStaIfaceHidlImpl: getLinkLayerStatsV1_5 failed with status: {.code = ERROR_UNKNOWN, .description = unknown}
07-31 12:16:54.374  1930  2122 E NetworkController.MobileSignalController(1): notifyListeners showDataIcon = false , dataDisconneted = true , activityIn = false , activityOut = false , mCurrentState.dataConnected = false , mCurrentState.isDefault = false , typeIcon = 0 , statusIcon.visible = true , mCurrentState.roaming = false , isWfcEnabl = false , volteIcon = 0
07-31 12:16:57.297  1492  1768 E WifiStaIfaceHidlImpl: getLinkLayerStatsV1_5 failed with status: {.code = ERROR_UNKNOWN, .description = unknown}
07-31 12:16:59.490  1930  2122 E NetworkController.MobileSignalController(1): notifyListeners showDataIcon = false , dataDisconneted = true , activityIn = false , activityOut = false , mCurrentState.dataConnected = false , mCurrentState.isDefault = false , typeIcon = 0 , statusIcon.visible = true , mCurrentState.roaming = false , isWfcEnabl = false , volteIcon = 0
07-31 12:17:00.143   853   909 E mtkpower@impl: [setMode] unknown type
07-31 12:17:00.206   853   909 E mtkpower@impl: [setMode] unknown type
07-31 12:17:00.330  1492  1768 E WifiStaIfaceHidlImpl: getLinkLayerStatsV1_5 failed with status: {.code = ERROR_UNKNOWN, .description = unknown}
07-31 12:17:03.360   846   928 E Accelerometer: x:y:z=[-0.191000,-0.153000,9.797000]
07-31 12:17:03.366  1492  1768 E WifiStaIfaceHidlImpl: getLinkLayerStatsV1_5 failed with status: {.code = ERROR_UNKNOWN, .description = unknown}
07-31 12:17:04.607  1930  2122 E NetworkController.MobileSignalController(1): notifyListeners showDataIcon = false , dataDisconneted = true , activityIn = false , activityOut = false , mCurrentState.dataConnected = false , mCurrentState.isDefault = false , typeIcon = 0 , statusIcon.visible = true , mCurrentState.roaming = false , isWfcEnabl = false , volteIcon = 0
07-31 12:17:06.397  1492  1768 E WifiStaIfaceHidlImpl: getLinkLayerStatsV1_5 failed with status: {.code = ERROR_UNKNOWN, .description = unknown}
07-31 12:17:09.430  1492  1768 E WifiStaIfaceHidlImpl: getLinkLayerStatsV1_5 failed with status: {.code = ERROR_UNKNOWN, .description = unknown}
07-31 12:17:09.728  1930  2122 E NetworkController.MobileSignalController(1): notifyListeners showDataIcon = false , dataDisconneted = true , activityIn = false , activityOut = false , mCurrentState.dataConnected = false , mCurrentState.isDefault = false , typeIcon = 0 , statusIcon.visible = true , mCurrentState.roaming = false , isWfcEnabl = false , volteIcon = 0
07-31 12:17:12.467  1492  1768 E WifiStaIfaceHidlImpl: getLinkLayerStatsV1_5 failed with status: {.code = ERROR_UNKNOWN, .description = unknown}
07-31 12:17:13.360   846   928 E Accelerometer: x:y:z=[-0.181000,-0.153000,9.826000]
07-31 12:17:14.852  1930  2122 E NetworkController.MobileSignalController(1): notifyListeners showDataIcon = false , dataDisconneted = true , activityIn = false , activityOut = false , mCurrentState.dataConnected = false , mCurrentState.isDefault = false , typeIcon = 0 , statusIcon.visible = true , mCurrentState.roaming = false , isWfcEnabl = false , volteIcon = 0
07-31 12:17:15.498  1492  1768 E WifiStaIfaceHidlImpl: getLinkLayerStatsV1_5 failed with status: {.code = ERROR_UNKNOWN, .description = unknown}
07-31 12:17:18.526  1492  1768 E WifiStaIfaceHidlImpl: getLinkLayerStatsV1_5 failed with status: {.code = ERROR_UNKNOWN, .description = unknown}
07-31 12:17:18.658 14108 14108 E d.process.acore: Not starting debugger since process cannot load the jdwp agent.
07-31 12:17:19.975  1930  2122 E NetworkController.MobileSignalController(1): notifyListeners showDataIcon = false , dataDisconneted = true , activityIn = false , activityOut = false , mCurrentState.dataConnected = false , mCurrentState.isDefault = false , typeIcon = 0 , statusIcon.visible = true , mCurrentState.roaming = false , isWfcEnabl = false , volteIcon = 0
07-31 12:17:21.548  1492  1768 E WifiStaIfaceHidlImpl: getLinkLayerStatsV1_5 failed with status: {.code = ERROR_UNKNOWN, .description = unknown}
07-31 12:17:23.360   846   928 E Accelerometer: x:y:z=[-0.162000,-0.134000,9.787000]
07-31 12:17:24.572  1492  1768 E WifiStaIfaceHidlImpl: getLinkLayerStatsV1_5 failed with status: {.code = ERROR_UNKNOWN, .description = unknown}
07-31 12:17:25.089  1930  2122 E NetworkController.MobileSignalController(1): notifyListeners showDataIcon = false , dataDisconneted = true , activityIn = false , activityOut = false , mCurrentState.dataConnected = false , mCurrentState.isDefault = false , typeIcon = 0 , statusIcon.visible = true , mCurrentState.roaming = false , isWfcEnabl = false , volteIcon = 0
07-31 12:17:27.608  1492  1768 E WifiStaIfaceHidlImpl: getLinkLayerStatsV1_5 failed with status: {.code = ERROR_UNKNOWN, .description = unknown}
07-31 12:17:30.215  1930  2122 E NetworkController.MobileSignalController(1): notifyListeners showDataIcon = false , dataDisconneted = true , activityIn = false , activityOut = false , mCurrentState.dataConnected = false , mCurrentState.isDefault = false , typeIcon = 0 , statusIcon.visible = true , mCurrentState.roaming = false , isWfcEnabl = false , volteIcon = 0
07-31 12:17:30.638  1492  1768 E WifiStaIfaceHidlImpl: getLinkLayerStatsV1_5 failed with status: {.code = ERROR_UNKNOWN, .description = unknown}
07-31 12:17:33.360   846   928 E Accelerometer: x:y:z=[-0.172000,-0.181000,9.797000]
07-31 12:17:33.675  1492  1768 E WifiStaIfaceHidlImpl: getLinkLayerStatsV1_5 failed with status: {.code = ERROR_UNKNOWN, .description = unknown}
07-31 12:17:35.332  1930  2122 E NetworkController.MobileSignalController(1): notifyListeners showDataIcon = false , dataDisconneted = true , activityIn = false , activityOut = false , mCurrentState.dataConnected = false , mCurrentState.isDefault = false , typeIcon = 0 , statusIcon.visible = true , mCurrentState.roaming = false , isWfcEnabl = false , volteIcon = 0
07-31 12:17:36.707  1492  1768 E WifiStaIfaceHidlImpl: getLinkLayerStatsV1_5 failed with status: {.code = ERROR_UNKNOWN, .description = unknown}
07-31 12:17:39.743  1492  1768 E WifiStaIfaceHidlImpl: getLinkLayerStatsV1_5 failed with status: {.code = ERROR_UNKNOWN, .description = unknown}
07-31 12:17:40.457  1930  2122 E NetworkController.MobileSignalController(1): notifyListeners showDataIcon = false , dataDisconneted = true , activityIn = false , activityOut = false , mCurrentState.dataConnected = false , mCurrentState.isDefault = false , typeIcon = 0 , statusIcon.visible = true , mCurrentState.roaming = false , isWfcEnabl = false , volteIcon = 0
07-31 12:17:42.779  1492  1768 E WifiStaIfaceHidlImpl: getLinkLayerStatsV1_5 failed with status: {.code = ERROR_UNKNOWN, .description = unknown}
07-31 12:17:43.359   846   928 E Accelerometer: x:y:z=[-0.172000,-0.153000,9.826000]
07-31 12:17:45.572  1930  2122 E NetworkController.MobileSignalController(1): notifyListeners showDataIcon = false , dataDisconneted = true , activityIn = false , activityOut = false , mCurrentState.dataConnected = false , mCurrentState.isDefault = false , typeIcon = 0 , statusIcon.visible = true , mCurrentState.roaming = false , isWfcEnabl = false , volteIcon = 0
07-31 12:17:45.806  1492  1768 E WifiStaIfaceHidlImpl: getLinkLayerStatsV1_5 failed with status: {.code = ERROR_UNKNOWN, .description = unknown}
07-31 12:17:48.843  1492  1768 E WifiStaIfaceHidlImpl: getLinkLayerStatsV1_5 failed with status: {.code = ERROR_UNKNOWN, .description = unknown}
07-31 12:17:50.690  1930  2122 E NetworkController.MobileSignalController(1): notifyListeners showDataIcon = false , dataDisconneted = true , activityIn = false , activityOut = false , mCurrentState.dataConnected = false , mCurrentState.isDefault = false , typeIcon = 0 , statusIcon.visible = true , mCurrentState.roaming = false , isWfcEnabl = false , volteIcon = 0
07-31 12:17:51.887  1492  1768 E WifiStaIfaceHidlImpl: getLinkLayerStatsV1_5 failed with status: {.code = ERROR_UNKNOWN, .description = unknown}
07-31 12:17:53.360   846   928 E Accelerometer: x:y:z=[-0.210000,-0.153000,9.816000]
07-31 12:17:54.921  1492  1768 E WifiStaIfaceHidlImpl: getLinkLayerStatsV1_5 failed with status: {.code = ERROR_UNKNOWN, .description = unknown}
07-31 12:17:55.810  1930  2122 E NetworkController.MobileSignalController(1): notifyListeners showDataIcon = false , dataDisconneted = true , activityIn = false , activityOut = false , mCurrentState.dataConnected = false , mCurrentState.isDefault = false , typeIcon = 0 , statusIcon.visible = true , mCurrentState.roaming = false , isWfcEnabl = false , volteIcon = 0
07-31 12:17:57.958  1492  1768 E WifiStaIfaceHidlImpl: getLinkLayerStatsV1_5 failed with status: {.code = ERROR_UNKNOWN, .description = unknown}
07-31 12:18:00.151   853   909 E mtkpower@impl: [setMode] unknown type
07-31 12:18:00.218   853   909 E mtkpower@impl: [setMode] unknown type
07-31 12:18:00.932  1930  2122 E NetworkController.MobileSignalController(1): notifyListeners showDataIcon = false , dataDisconneted = true , activityIn = false , activityOut = false , mCurrentState.dataConnected = false , mCurrentState.isDefault = false , typeIcon = 0 , statusIcon.visible = true , mCurrentState.roaming = false , isWfcEnabl = false , volteIcon = 0
07-31 12:18:00.993  1492  1768 E WifiStaIfaceHidlImpl: getLinkLayerStatsV1_5 failed with status: {.code = ERROR_UNKNOWN, .description = unknown}
07-31 12:18:03.359   846   928 E Accelerometer: x:y:z=[-0.162000,-0.181000,9.826000]
07-31 12:18:04.023  1492  1768 E WifiStaIfaceHidlImpl: getLinkLayerStatsV1_5 failed with status: {.code = ERROR_UNKNOWN, .description = unknown}
07-31 12:18:06.057  1930  2122 E NetworkController.MobileSignalController(1): notifyListeners showDataIcon = false , dataDisconneted = true , activityIn = false , activityOut = false , mCurrentState.dataConnected = false , mCurrentState.isDefault = false , typeIcon = 0 , statusIcon.visible = true , mCurrentState.roaming = false , isWfcEnabl = false , volteIcon = 0
07-31 12:18:07.059  1492  1768 E WifiStaIfaceHidlImpl: getLinkLayerStatsV1_5 failed with status: {.code = ERROR_UNKNOWN, .description = unknown}
07-31 12:18:10.095  1492  1768 E WifiStaIfaceHidlImpl: getLinkLayerStatsV1_5 failed with status: {.code = ERROR_UNKNOWN, .description = unknown}
07-31 12:18:11.173  1930  2122 E NetworkController.MobileSignalController(1): notifyListeners showDataIcon = false , dataDisconneted = true , activityIn = false , activityOut = false , mCurrentState.dataConnected = false , mCurrentState.isDefault = false , typeIcon = 0 , statusIcon.visible = true , mCurrentState.roaming = false , isWfcEnabl = false , volteIcon = 0
07-31 12:18:13.125  1492  1768 E WifiStaIfaceHidlImpl: getLinkLayerStatsV1_5 failed with status: {.code = ERROR_UNKNOWN, .description = unknown}
07-31 12:18:13.359   846   928 E Accelerometer: x:y:z=[-0.162000,-0.153000,9.797000]
07-31 12:18:14.317  1045  1045 E thermal_src: get_tpcb_from_kernel:error -1. retry...
07-31 12:18:14.317  1045  1045 E thermal_src: set_ttj_to_kernel 1:error -1
07-31 12:18:15.341 14178 14288 E aouq    : Sync subscriptions not available
07-31 12:18:15.460 14178 14178 E aouq    : Sync is not initialized yet
07-31 12:18:15.723 14178 14306 E GoogleApiManager: Failed to get service from broker.
07-31 12:18:15.723 14178 14306 E GoogleApiManager: java.lang.SecurityException: Unknown calling package name 'com.google.android.gms'.
07-31 12:18:15.723 14178 14306 E GoogleApiManager:      at android.os.Parcel.createExceptionOrNull(Parcel.java:3057)
07-31 12:18:15.723 14178 14306 E GoogleApiManager:      at android.os.Parcel.createException(Parcel.java:3041)
07-31 12:18:15.723 14178 14306 E GoogleApiManager:      at android.os.Parcel.readException(Parcel.java:3024)
07-31 12:18:15.723 14178 14306 E GoogleApiManager:      at android.os.Parcel.readException(Parcel.java:2966)
07-31 12:18:15.723 14178 14306 E GoogleApiManager:      at azak.a(:com.google.android.gms@252834029@25.28.34 (190400-787197649):36)
07-31 12:18:15.723 14178 14306 E GoogleApiManager:      at ayyr.z(:com.google.android.gms@252834029@25.28.34 (190400-787197649):143)
07-31 12:18:15.723 14178 14306 E GoogleApiManager:      at ayfo.run(:com.google.android.gms@252834029@25.28.34 (190400-787197649):42)
07-31 12:18:15.723 14178 14306 E GoogleApiManager:      at android.os.Handler.handleCallback(Handler.java:958)
07-31 12:18:15.723 14178 14306 E GoogleApiManager:      at android.os.Handler.dispatchMessage(Handler.java:99)
07-31 12:18:15.723 14178 14306 E GoogleApiManager:      at cizz.mt(:com.google.android.gms@252834029@25.28.34 (190400-787197649):1)
07-31 12:18:15.723 14178 14306 E GoogleApiManager:      at cizz.dispatchMessage(:com.google.android.gms@252834029@25.28.34 (190400-787197649):5)
07-31 12:18:15.723 14178 14306 E GoogleApiManager:      at android.os.Looper.loopOnce(Looper.java:240)
07-31 12:18:15.723 14178 14306 E GoogleApiManager:      at android.os.Looper.loop(Looper.java:346)
07-31 12:18:15.723 14178 14306 E GoogleApiManager:      at android.os.HandlerThread.run(HandlerThread.java:67)
07-31 12:18:16.139  1492  1768 E WifiStaIfaceHidlImpl: getLinkLayerStatsV1_5 failed with status: {.code = ERROR_UNKNOWN, .description = unknown}
07-31 12:18:17.316  1876  1916 E TGuardMemoryManagerPackageRecord: fail to removeChild, pid is 13159
07-31 12:18:19.155  1492  1768 E WifiStaIfaceHidlImpl: getLinkLayerStatsV1_5 failed with status: {.code = ERROR_UNKNOWN, .description = unknown}
07-31 12:18:21.414  1930  2122 E NetworkController.MobileSignalController(1): notifyListeners showDataIcon = false , dataDisconneted = true , activityIn = false , activityOut = false , mCurrentState.dataConnected = false , mCurrentState.isDefault = false , typeIcon = 0 , statusIcon.visible = true , mCurrentState.roaming = false , isWfcEnabl = false , volteIcon = 0
07-31 12:18:22.191  1492  1768 E WifiStaIfaceHidlImpl: getLinkLayerStatsV1_5 failed with status: {.code = ERROR_UNKNOWN, .description = unknown}
07-31 12:18:23.360   846   928 E Accelerometer: x:y:z=[-0.201000,-0.153000,9.826000]
07-31 12:18:25.220  1492  1768 E WifiStaIfaceHidlImpl: getLinkLayerStatsV1_5 failed with status: {.code = ERROR_UNKNOWN, .description = unknown}
07-31 12:18:25.742 14178 14306 E GoogleApiManager: Failed to get service from broker.
07-31 12:18:25.742 14178 14306 E GoogleApiManager: java.lang.SecurityException: Unknown calling package name 'com.google.android.gms'.
07-31 12:18:25.742 14178 14306 E GoogleApiManager:      at android.os.Parcel.createExceptionOrNull(Parcel.java:3057)
07-31 12:18:25.742 14178 14306 E GoogleApiManager:      at android.os.Parcel.createException(Parcel.java:3041)
07-31 12:18:25.742 14178 14306 E GoogleApiManager:      at android.os.Parcel.readException(Parcel.java:3024)
07-31 12:18:25.742 14178 14306 E GoogleApiManager:      at android.os.Parcel.readException(Parcel.java:2966)
07-31 12:18:25.742 14178 14306 E GoogleApiManager:      at azak.a(:com.google.android.gms@252834029@25.28.34 (190400-787197649):36)
07-31 12:18:25.742 14178 14306 E GoogleApiManager:      at ayyr.z(:com.google.android.gms@252834029@25.28.34 (190400-787197649):143)
07-31 12:18:25.742 14178 14306 E GoogleApiManager:      at ayfo.run(:com.google.android.gms@252834029@25.28.34 (190400-787197649):42)
07-31 12:18:25.742 14178 14306 E GoogleApiManager:      at android.os.Handler.handleCallback(Handler.java:958)
07-31 12:18:25.742 14178 14306 E GoogleApiManager:      at android.os.Handler.dispatchMessage(Handler.java:99)
07-31 12:18:25.742 14178 14306 E GoogleApiManager:      at cizz.mt(:com.google.android.gms@252834029@25.28.34 (190400-787197649):1)
07-31 12:18:25.742 14178 14306 E GoogleApiManager:      at cizz.dispatchMessage(:com.google.android.gms@252834029@25.28.34 (190400-787197649):5)
07-31 12:18:25.742 14178 14306 E GoogleApiManager:      at android.os.Looper.loopOnce(Looper.java:240)
07-31 12:18:25.742 14178 14306 E GoogleApiManager:      at android.os.Looper.loop(Looper.java:346)
07-31 12:18:25.742 14178 14306 E GoogleApiManager:      at android.os.HandlerThread.run(HandlerThread.java:67)
07-31 12:18:26.536  1930  2122 E NetworkController.MobileSignalController(1): notifyListeners showDataIcon = false , dataDisconneted = true , activityIn = false , activityOut = false , mCurrentState.dataConnected = false , mCurrentState.isDefault = false , typeIcon = 0 , statusIcon.visible = true , mCurrentState.roaming = false , isWfcEnabl = false , volteIcon = 0
07-31 12:18:28.253  1492  1768 E WifiStaIfaceHidlImpl: getLinkLayerStatsV1_5 failed with status: {.code = ERROR_UNKNOWN, .description = unknown}
07-31 12:18:31.291  1492  1768 E WifiStaIfaceHidlImpl: getLinkLayerStatsV1_5 failed with status: {.code = ERROR_UNKNOWN, .description = unknown}
07-31 12:18:31.648  1930  2122 E NetworkController.MobileSignalController(1): notifyListeners showDataIcon = false , dataDisconneted = true , activityIn = false , activityOut = false , mCurrentState.dataConnected = false , mCurrentState.isDefault = false , typeIcon = 0 , statusIcon.visible = true , mCurrentState.roaming = false , isWfcEnabl = false , volteIcon = 0
07-31 12:18:33.360   846   928 E Accelerometer: x:y:z=[-0.172000,-0.134000,9.797000]
07-31 12:18:34.322  1492  1768 E WifiStaIfaceHidlImpl: getLinkLayerStatsV1_5 failed with status: {.code = ERROR_UNKNOWN, .description = unknown}
07-31 12:18:36.771  1930  2122 E NetworkController.MobileSignalController(1): notifyListeners showDataIcon = false , dataDisconneted = true , activityIn = false , activityOut = false , mCurrentState.dataConnected = false , mCurrentState.isDefault = false , typeIcon = 0 , statusIcon.visible = true , mCurrentState.roaming = false , isWfcEnabl = false , volteIcon = 0
07-31 12:18:37.357  1492  1768 E WifiStaIfaceHidlImpl: getLinkLayerStatsV1_5 failed with status: {.code = ERROR_UNKNOWN, .description = unknown}
07-31 12:18:40.387  1492  1768 E WifiStaIfaceHidlImpl: getLinkLayerStatsV1_5 failed with status: {.code = ERROR_UNKNOWN, .description = unknown}
07-31 12:18:41.895  1930  2122 E NetworkController.MobileSignalController(1): notifyListeners showDataIcon = false , dataDisconneted = true , activityIn = false , activityOut = false , mCurrentState.dataConnected = false , mCurrentState.isDefault = false , typeIcon = 0 , statusIcon.visible = true , mCurrentState.roaming = false , isWfcEnabl = false , volteIcon = 0
07-31 12:18:43.359   846   928 E Accelerometer: x:y:z=[-0.191000,-0.134000,9.797000]
07-31 12:18:43.422  1492  1768 E WifiStaIfaceHidlImpl: getLinkLayerStatsV1_5 failed with status: {.code = ERROR_UNKNOWN, .description = unknown}
07-31 12:18:46.458  1492  1768 E WifiStaIfaceHidlImpl: getLinkLayerStatsV1_5 failed with status: {.code = ERROR_UNKNOWN, .description = unknown}
07-31 12:18:49.490  1492  1768 E WifiStaIfaceHidlImpl: getLinkLayerStatsV1_5 failed with status: {.code = ERROR_UNKNOWN, .description = unknown}
07-31 12:18:52.527  1492  1768 E WifiStaIfaceHidlImpl: getLinkLayerStatsV1_5 failed with status: {.code = ERROR_UNKNOWN, .description = unknown}
07-31 12:18:53.360   846   928 E Accelerometer: x:y:z=[-0.162000,-0.181000,9.826000]
07-31 12:18:55.559  1492  1768 E WifiStaIfaceHidlImpl: getLinkLayerStatsV1_5 failed with status: {.code = ERROR_UNKNOWN, .description = unknown}
07-31 12:18:57.252  1930  2122 E NetworkController.MobileSignalController(1): notifyListeners showDataIcon = false , dataDisconneted = true , activityIn = false , activityOut = false , mCurrentState.dataConnected = false , mCurrentState.isDefault = false , typeIcon = 0 , statusIcon.visible = true , mCurrentState.roaming = false , isWfcEnabl = false , volteIcon = 0
07-31 12:18:58.595  1492  1768 E WifiStaIfaceHidlImpl: getLinkLayerStatsV1_5 failed with status: {.code = ERROR_UNKNOWN, .description = unknown}
07-31 12:19:00.146   853   909 E mtkpower@impl: [setMode] unknown type
07-31 12:19:00.208   853   909 E mtkpower@impl: [setMode] unknown type
07-31 12:19:01.472  1930  1930 E NetworkController.MobileSignalController(1): notifyListeners showDataIcon = false , dataDisconneted = true , activityIn = false , activityOut = false , mCurrentState.dataConnected = false , mCurrentState.isDefault = false , typeIcon = 0 , statusIcon.visible = true , mCurrentState.roaming = false , isWfcEnabl = false , volteIcon = 0
07-31 12:19:01.631  1492  1768 E WifiStaIfaceHidlImpl: getLinkLayerStatsV1_5 failed with status: {.code = ERROR_UNKNOWN, .description = unknown}
07-31 12:19:02.374  1930  2122 E NetworkController.MobileSignalController(1): notifyListeners showDataIcon = false , dataDisconneted = true , activityIn = false , activityOut = false , mCurrentState.dataConnected = false , mCurrentState.isDefault = false , typeIcon = 0 , statusIcon.visible = true , mCurrentState.roaming = false , isWfcEnabl = false , volteIcon = 0
07-31 12:19:03.360   846   928 E Accelerometer: x:y:z=[-0.181000,-0.153000,9.797000]
07-31 12:19:04.659  1492  1768 E WifiStaIfaceHidlImpl: getLinkLayerStatsV1_5 failed with status: {.code = ERROR_UNKNOWN, .description = unknown}
07-31 12:19:07.488  1930  2122 E NetworkController.MobileSignalController(1): notifyListeners showDataIcon = false , dataDisconneted = true , activityIn = false , activityOut = false , mCurrentState.dataConnected = false , mCurrentState.isDefault = false , typeIcon = 0 , statusIcon.visible = true , mCurrentState.roaming = false , isWfcEnabl = false , volteIcon = 0
07-31 12:19:07.688  1492  1768 E WifiStaIfaceHidlImpl: getLinkLayerStatsV1_5 failed with status: {.code = ERROR_UNKNOWN, .description = unknown}
07-31 12:19:10.728  1492  1768 E WifiStaIfaceHidlImpl: getLinkLayerStatsV1_5 failed with status: {.code = ERROR_UNKNOWN, .description = unknown}
07-31 12:19:12.614  1930  2122 E NetworkController.MobileSignalController(1): notifyListeners showDataIcon = false , dataDisconneted = true , activityIn = false , activityOut = false , mCurrentState.dataConnected = false , mCurrentState.isDefault = false , typeIcon = 0 , statusIcon.visible = true , mCurrentState.roaming = false , isWfcEnabl = false , volteIcon = 0
07-31 12:19:13.360   846   928 E Accelerometer: x:y:z=[-0.181000,-0.153000,9.826000]
07-31 12:19:13.759  1492  1768 E WifiStaIfaceHidlImpl: getLinkLayerStatsV1_5 failed with status: {.code = ERROR_UNKNOWN, .description = unknown}
07-31 12:19:16.793  1492  1768 E WifiStaIfaceHidlImpl: getLinkLayerStatsV1_5 failed with status: {.code = ERROR_UNKNOWN, .description = unknown}
07-31 12:19:17.733  1930  2122 E NetworkController.MobileSignalController(1): notifyListeners showDataIcon = false , dataDisconneted = true , activityIn = false , activityOut = false , mCurrentState.dataConnected = false , mCurrentState.isDefault = false , typeIcon = 0 , statusIcon.visible = true , mCurrentState.roaming = false , isWfcEnabl = false , volteIcon = 0
07-31 12:19:19.831  1492  1768 E WifiStaIfaceHidlImpl: getLinkLayerStatsV1_5 failed with status: {.code = ERROR_UNKNOWN, .description = unknown}
07-31 12:19:22.855  1930  2122 E NetworkController.MobileSignalController(1): notifyListeners showDataIcon = false , dataDisconneted = true , activityIn = false , activityOut = false , mCurrentState.dataConnected = false , mCurrentState.isDefault = false , typeIcon = 0 , statusIcon.visible = true , mCurrentState.roaming = false , isWfcEnabl = false , volteIcon = 0
07-31 12:19:22.863  1492  1768 E WifiStaIfaceHidlImpl: getLinkLayerStatsV1_5 failed with status: {.code = ERROR_UNKNOWN, .description = unknown}
07-31 12:19:23.359   846   928 E Accelerometer: x:y:z=[-0.191000,-0.134000,9.797000]
07-31 12:19:25.898  1492  1768 E WifiStaIfaceHidlImpl: getLinkLayerStatsV1_5 failed with status: {.code = ERROR_UNKNOWN, .description = unknown}
07-31 12:19:27.976  1930  2122 E NetworkController.MobileSignalController(1): notifyListeners showDataIcon = false , dataDisconneted = true , activityIn = false , activityOut = false , mCurrentState.dataConnected = false , mCurrentState.isDefault = false , typeIcon = 0 , statusIcon.visible = true , mCurrentState.roaming = false , isWfcEnabl = false , volteIcon = 0
07-31 12:19:28.926  1492  1768 E WifiStaIfaceHidlImpl: getLinkLayerStatsV1_5 failed with status: {.code = ERROR_UNKNOWN, .description = unknown}
07-31 12:19:31.963  1492  1768 E WifiStaIfaceHidlImpl: getLinkLayerStatsV1_5 failed with status: {.code = ERROR_UNKNOWN, .description = unknown}
07-31 12:19:33.360   846   928 E Accelerometer: x:y:z=[-0.181000,-0.153000,9.797000]
